Norme: ./LICENSE
Warning: Not a valid file
Norme: ./Makefile
Warning: Not a valid file
Norme: ./Makefile.bak
Warning: Not a valid file
Norme: ./README.md
Warning: Not a valid file
Norme: ./Untitled.ipynb
Warning: Not a valid file
Norme: ./errors.txt
Warning: Not a valid file
Norme: ./ff/montelight.cc
Warning: Not a valid file
Norme: ./ff/rr/cl_build
Warning: Not a valid file
Norme: ./ff/rr/cl_source/cl_camera
Warning: Not a valid file
Norme: ./ff/rr/cl_source/cl_color
Warning: Not a valid file
Norme: ./ff/rr/cl_source/cl_f4
Warning: Not a valid file
Norme: ./ff/rr/cl_source/cl_intersection
Warning: Not a valid file
Norme: ./ff/rr/cl_source/cl_main
Warning: Not a valid file
Norme: ./ff/rr/cl_source/cl_material
Warning: Not a valid file
Norme: ./ff/rr/cl_source/cl_object
Warning: Not a valid file
Norme: ./ff/rr/cl_source/cl_object_intersect
Warning: Not a valid file
Norme: ./ff/rr/cl_source/cl_object_normal
Warning: Not a valid file
Norme: ./ff/rr/cl_source/cl_object_plane
Warning: Not a valid file
Norme: ./ff/rr/cl_source/cl_object_sphere
Warning: Not a valid file
Norme: ./ff/rr/cl_source/cl_radiance
Warning: Not a valid file
Norme: ./ff/rr/cl_source/cl_radiance_explicit
Warning: Not a valid file
Norme: ./ff/rr/cl_source/cl_random
Warning: Not a valid file
Norme: ./ff/rr/cl_source/cl_ray
Warning: Not a valid file
Norme: ./ff/rr/cl_source/cl_sample
Warning: Not a valid file
Norme: ./ff/rr/cl_source/cl_scene
Warning: Not a valid file
Norme: ./ff/rr/cl_source/cl_settings
Warning: Not a valid file
Norme: ./ff/rr/cmake-build-debug/21_ray_tracer.cbp
Warning: Not a valid file
Norme: ./ff/rr/cmake-build-debug/cmake_install.cmake
Warning: Not a valid file
Norme: ./ff/rr/cmake-build-debug/CMakeCache.txt
Warning: Not a valid file
Norme: ./ff/rr/cmake-build-debug/CMakeFiles/3.14.5/CMakeCCompiler.cmake
Warning: Not a valid file
Norme: ./ff/rr/cmake-build-debug/CMakeFiles/3.14.5/CMakeDetermineCompilerABI_C.bin
Warning: Not a valid file
Norme: ./ff/rr/cmake-build-debug/CMakeFiles/3.14.5/CMakeSystem.cmake
Warning: Not a valid file
Norme: ./ff/rr/cmake-build-debug/CMakeFiles/clion-environment.txt
Warning: Not a valid file
Norme: ./ff/rr/cmake-build-debug/CMakeFiles/clion-log.txt
Warning: Not a valid file
Norme: ./ff/rr/cmake-build-debug/CMakeFiles/cmake.check_cache
Warning: Not a valid file
Norme: ./ff/rr/cmake-build-debug/CMakeFiles/CMakeDirectoryInformation.cmake
Warning: Not a valid file
Norme: ./ff/rr/cmake-build-debug/CMakeFiles/CMakeOutput.log
Warning: Not a valid file
Norme: ./ff/rr/cmake-build-debug/CMakeFiles/feature_tests.bin
Warning: Not a valid file
Norme: ./ff/rr/cmake-build-debug/CMakeFiles/Makefile.cmake
Warning: Not a valid file
Norme: ./ff/rr/cmake-build-debug/CMakeFiles/Makefile2
Warning: Not a valid file
Norme: ./ff/rr/cmake-build-debug/CMakeFiles/progress.marks
Warning: Not a valid file
Norme: ./ff/rr/cmake-build-debug/CMakeFiles/rt.dir/build.make
Warning: Not a valid file
Norme: ./ff/rr/cmake-build-debug/CMakeFiles/rt.dir/C.includecache
Warning: Not a valid file
Norme: ./ff/rr/cmake-build-debug/CMakeFiles/rt.dir/cmake_clean.cmake
Warning: Not a valid file
Norme: ./ff/rr/cmake-build-debug/CMakeFiles/rt.dir/depend.internal
Warning: Not a valid file
Norme: ./ff/rr/cmake-build-debug/CMakeFiles/rt.dir/depend.make
Warning: Not a valid file
Norme: ./ff/rr/cmake-build-debug/CMakeFiles/rt.dir/DependInfo.cmake
Warning: Not a valid file
Norme: ./ff/rr/cmake-build-debug/CMakeFiles/rt.dir/flags.make
Warning: Not a valid file
Norme: ./ff/rr/cmake-build-debug/CMakeFiles/rt.dir/link.txt
Warning: Not a valid file
Norme: ./ff/rr/cmake-build-debug/CMakeFiles/rt.dir/progress.make
Warning: Not a valid file
Norme: ./ff/rr/cmake-build-debug/CMakeFiles/TargetDirectories.txt
Warning: Not a valid file
Norme: ./ff/rr/cmake-build-debug/Makefile
Warning: Not a valid file
Norme: ./ff/rr/cmake-build-debug/rt
Warning: Not a valid file
Norme: ./ff/rr/cmake-build-debug/rt.cbp
Warning: Not a valid file
Norme: ./ff/rr/cmake-build-debug/test_.cbp
Warning: Not a valid file
Norme: ./ff/rr/cmake-build-debug/test_gui
Warning: Not a valid file
Norme: ./ff/rr/cmake-build-debug/test_gui.cbp
Warning: Not a valid file
Norme: ./ff/rr/cmake_install.cmake
Warning: Not a valid file
Norme: ./ff/rr/CMakeCache.txt
Warning: Not a valid file
Norme: ./ff/rr/CMakeFiles/3.14.0-rc2/CMakeCCompiler.cmake
Warning: Not a valid file
Norme: ./ff/rr/CMakeFiles/3.14.0-rc2/CMakeDetermineCompilerABI_C.bin
Warning: Not a valid file
Norme: ./ff/rr/CMakeFiles/3.14.0-rc2/CMakeSystem.cmake
Warning: Not a valid file
Norme: ./ff/rr/CMakeFiles/cmake.check_cache
Warning: Not a valid file
Norme: ./ff/rr/CMakeFiles/CMakeDirectoryInformation.cmake
Warning: Not a valid file
Norme: ./ff/rr/CMakeFiles/CMakeOutput.log
Warning: Not a valid file
Norme: ./ff/rr/CMakeFiles/feature_tests.bin
Warning: Not a valid file
Norme: ./ff/rr/CMakeFiles/Makefile.cmake
Warning: Not a valid file
Norme: ./ff/rr/CMakeFiles/Makefile2
Warning: Not a valid file
Norme: ./ff/rr/CMakeFiles/Progress/1
Warning: Not a valid file
Norme: ./ff/rr/CMakeFiles/Progress/count.txt
Warning: Not a valid file
Norme: ./ff/rr/CMakeFiles/progress.marks
Warning: Not a valid file
Norme: ./ff/rr/CMakeFiles/rt.dir/build.make
Warning: Not a valid file
Norme: ./ff/rr/CMakeFiles/rt.dir/C.includecache
Warning: Not a valid file
Norme: ./ff/rr/CMakeFiles/rt.dir/cmake_clean.cmake
Warning: Not a valid file
Norme: ./ff/rr/CMakeFiles/rt.dir/depend.internal
Warning: Not a valid file
Norme: ./ff/rr/CMakeFiles/rt.dir/depend.make
Warning: Not a valid file
Norme: ./ff/rr/CMakeFiles/rt.dir/DependInfo.cmake
Warning: Not a valid file
Norme: ./ff/rr/CMakeFiles/rt.dir/flags.make
Warning: Not a valid file
Norme: ./ff/rr/CMakeFiles/rt.dir/link.txt
Warning: Not a valid file
Norme: ./ff/rr/CMakeFiles/rt.dir/progress.make
Warning: Not a valid file
Norme: ./ff/rr/CMakeFiles/TargetDirectories.txt
Warning: Not a valid file
Norme: ./ff/rr/CMakeLists.txt
Warning: Not a valid file
Norme: ./ff/rr/debug.sh
Warning: Not a valid file
Norme: ./ff/rr/gui/build/build.glade
Warning: Not a valid file
Norme: ./ff/rr/gui/build/build.glade~
Warning: Not a valid file
Norme: ./ff/rr/gui/build.glade~
Warning: Not a valid file
Norme: ./ff/rr/Makefile
Warning: Not a valid file
Norme: ./ff/rr/theme.css
Warning: Not a valid file
Norme: ./ff/rr/theme_Adwaita/_colors-public.scss
Warning: Not a valid file
Norme: ./ff/rr/theme_Adwaita/_colors.scss
Warning: Not a valid file
Norme: ./ff/rr/theme_Adwaita/_common.scss
Warning: Not a valid file
Norme: ./ff/rr/theme_Adwaita/_drawing.scss
Warning: Not a valid file
Norme: ./ff/rr/theme_Adwaita/assets/bullet-symbolic.svg
Warning: Not a valid file
Norme: ./ff/rr/theme_Adwaita/assets/bullet-symbolic.symbolic.png
Warning: Not a valid file
Norme: ./ff/rr/theme_Adwaita/assets/bullet@2-symbolic.symbolic.png
Warning: Not a valid file
Norme: ./ff/rr/theme_Adwaita/assets/check-symbolic.svg
Warning: Not a valid file
Norme: ./ff/rr/theme_Adwaita/assets/check-symbolic.symbolic.png
Warning: Not a valid file
Norme: ./ff/rr/theme_Adwaita/assets/check@2-symbolic.symbolic.png
Warning: Not a valid file
Norme: ./ff/rr/theme_Adwaita/assets/dash-symbolic.svg
Warning: Not a valid file
Norme: ./ff/rr/theme_Adwaita/assets/dash-symbolic.symbolic.png
Warning: Not a valid file
Norme: ./ff/rr/theme_Adwaita/assets/dash@2-symbolic.symbolic.png
Warning: Not a valid file
Norme: ./ff/rr/theme_Adwaita/assets/slider-horz-scale-has-marks-above-active-dark.png
Warning: Not a valid file
Norme: ./ff/rr/theme_Adwaita/assets/slider-horz-scale-has-marks-above-active-dark@2.png
Warning: Not a valid file
Norme: ./ff/rr/theme_Adwaita/assets/slider-horz-scale-has-marks-above-active.png
Warning: Not a valid file
Norme: ./ff/rr/theme_Adwaita/assets/slider-horz-scale-has-marks-above-active@2.png
Warning: Not a valid file
Norme: ./ff/rr/theme_Adwaita/assets/slider-horz-scale-has-marks-above-backdrop-dark.png
Warning: Not a valid file
Norme: ./ff/rr/theme_Adwaita/assets/slider-horz-scale-has-marks-above-backdrop-dark@2.png
Warning: Not a valid file
Norme: ./ff/rr/theme_Adwaita/assets/slider-horz-scale-has-marks-above-backdrop-insensitive-dark.png
Warning: Not a valid file
Norme: ./ff/rr/theme_Adwaita/assets/slider-horz-scale-has-marks-above-backdrop-insensitive-dark@2.png
Warning: Not a valid file
Norme: ./ff/rr/theme_Adwaita/assets/slider-horz-scale-has-marks-above-backdrop-insensitive.png
Warning: Not a valid file
Norme: ./ff/rr/theme_Adwaita/assets/slider-horz-scale-has-marks-above-backdrop-insensitive@2.png
Warning: Not a valid file
Norme: ./ff/rr/theme_Adwaita/assets/slider-horz-scale-has-marks-above-backdrop.png
Warning: Not a valid file
Norme: ./ff/rr/theme_Adwaita/assets/slider-horz-scale-has-marks-above-backdrop@2.png
Warning: Not a valid file
Norme: ./ff/rr/theme_Adwaita/assets/slider-horz-scale-has-marks-above-dark.png
Warning: Not a valid file
Norme: ./ff/rr/theme_Adwaita/assets/slider-horz-scale-has-marks-above-dark@2.png
Warning: Not a valid file
Norme: ./ff/rr/theme_Adwaita/assets/slider-horz-scale-has-marks-above-hover-dark.png
Warning: Not a valid file
Norme: ./ff/rr/theme_Adwaita/assets/slider-horz-scale-has-marks-above-hover-dark@2.png
Warning: Not a valid file
Norme: ./ff/rr/theme_Adwaita/assets/slider-horz-scale-has-marks-above-hover.png
Warning: Not a valid file
Norme: ./ff/rr/theme_Adwaita/assets/slider-horz-scale-has-marks-above-hover@2.png
Warning: Not a valid file
Norme: ./ff/rr/theme_Adwaita/assets/slider-horz-scale-has-marks-above-insensitive-dark.png
Warning: Not a valid file
Norme: ./ff/rr/theme_Adwaita/assets/slider-horz-scale-has-marks-above-insensitive-dark@2.png
Warning: Not a valid file
Norme: ./ff/rr/theme_Adwaita/assets/slider-horz-scale-has-marks-above-insensitive.png
Warning: Not a valid file
Norme: ./ff/rr/theme_Adwaita/assets/slider-horz-scale-has-marks-above-insensitive@2.png
Warning: Not a valid file
Norme: ./ff/rr/theme_Adwaita/assets/slider-horz-scale-has-marks-above.png
Warning: Not a valid file
Norme: ./ff/rr/theme_Adwaita/assets/slider-horz-scale-has-marks-above@2.png
Warning: Not a valid file
Norme: ./ff/rr/theme_Adwaita/assets/slider-horz-scale-has-marks-below-active-dark.png
Warning: Not a valid file
Norme: ./ff/rr/theme_Adwaita/assets/slider-horz-scale-has-marks-below-active-dark@2.png
Warning: Not a valid file
Norme: ./ff/rr/theme_Adwaita/assets/slider-horz-scale-has-marks-below-active.png
Warning: Not a valid file
Norme: ./ff/rr/theme_Adwaita/assets/slider-horz-scale-has-marks-below-active@2.png
Warning: Not a valid file
Norme: ./ff/rr/theme_Adwaita/assets/slider-horz-scale-has-marks-below-backdrop-dark.png
Warning: Not a valid file
Norme: ./ff/rr/theme_Adwaita/assets/slider-horz-scale-has-marks-below-backdrop-dark@2.png
Warning: Not a valid file
Norme: ./ff/rr/theme_Adwaita/assets/slider-horz-scale-has-marks-below-backdrop-insensitive-dark.png
Warning: Not a valid file
Norme: ./ff/rr/theme_Adwaita/assets/slider-horz-scale-has-marks-below-backdrop-insensitive-dark@2.png
Warning: Not a valid file
Norme: ./ff/rr/theme_Adwaita/assets/slider-horz-scale-has-marks-below-backdrop-insensitive.png
Warning: Not a valid file
Norme: ./ff/rr/theme_Adwaita/assets/slider-horz-scale-has-marks-below-backdrop-insensitive@2.png
Warning: Not a valid file
Norme: ./ff/rr/theme_Adwaita/assets/slider-horz-scale-has-marks-below-backdrop.png
Warning: Not a valid file
Norme: ./ff/rr/theme_Adwaita/assets/slider-horz-scale-has-marks-below-backdrop@2.png
Warning: Not a valid file
Norme: ./ff/rr/theme_Adwaita/assets/slider-horz-scale-has-marks-below-dark.png
Warning: Not a valid file
Norme: ./ff/rr/theme_Adwaita/assets/slider-horz-scale-has-marks-below-dark@2.png
Warning: Not a valid file
Norme: ./ff/rr/theme_Adwaita/assets/slider-horz-scale-has-marks-below-hover-dark.png
Warning: Not a valid file
Norme: ./ff/rr/theme_Adwaita/assets/slider-horz-scale-has-marks-below-hover-dark@2.png
Warning: Not a valid file
Norme: ./ff/rr/theme_Adwaita/assets/slider-horz-scale-has-marks-below-hover.png
Warning: Not a valid file
Norme: ./ff/rr/theme_Adwaita/assets/slider-horz-scale-has-marks-below-hover@2.png
Warning: Not a valid file
Norme: ./ff/rr/theme_Adwaita/assets/slider-horz-scale-has-marks-below-insensitive-dark.png
Warning: Not a valid file
Norme: ./ff/rr/theme_Adwaita/assets/slider-horz-scale-has-marks-below-insensitive-dark@2.png
Warning: Not a valid file
Norme: ./ff/rr/theme_Adwaita/assets/slider-horz-scale-has-marks-below-insensitive.png
Warning: Not a valid file
Norme: ./ff/rr/theme_Adwaita/assets/slider-horz-scale-has-marks-below-insensitive@2.png
Warning: Not a valid file
Norme: ./ff/rr/theme_Adwaita/assets/slider-horz-scale-has-marks-below.png
Warning: Not a valid file
Norme: ./ff/rr/theme_Adwaita/assets/slider-horz-scale-has-marks-below@2.png
Warning: Not a valid file
Norme: ./ff/rr/theme_Adwaita/assets/slider-vert-scale-has-marks-above-active-dark.png
Warning: Not a valid file
Norme: ./ff/rr/theme_Adwaita/assets/slider-vert-scale-has-marks-above-active-dark@2.png
Warning: Not a valid file
Norme: ./ff/rr/theme_Adwaita/assets/slider-vert-scale-has-marks-above-active.png
Warning: Not a valid file
Norme: ./ff/rr/theme_Adwaita/assets/slider-vert-scale-has-marks-above-active@2.png
Warning: Not a valid file
Norme: ./ff/rr/theme_Adwaita/assets/slider-vert-scale-has-marks-above-backdrop-dark.png
Warning: Not a valid file
Norme: ./ff/rr/theme_Adwaita/assets/slider-vert-scale-has-marks-above-backdrop-dark@2.png
Warning: Not a valid file
Norme: ./ff/rr/theme_Adwaita/assets/slider-vert-scale-has-marks-above-backdrop-insensitive-dark.png
Warning: Not a valid file
Norme: ./ff/rr/theme_Adwaita/assets/slider-vert-scale-has-marks-above-backdrop-insensitive-dark@2.png
Warning: Not a valid file
Norme: ./ff/rr/theme_Adwaita/assets/slider-vert-scale-has-marks-above-backdrop-insensitive.png
Warning: Not a valid file
Norme: ./ff/rr/theme_Adwaita/assets/slider-vert-scale-has-marks-above-backdrop-insensitive@2.png
Warning: Not a valid file
Norme: ./ff/rr/theme_Adwaita/assets/slider-vert-scale-has-marks-above-backdrop.png
Warning: Not a valid file
Norme: ./ff/rr/theme_Adwaita/assets/slider-vert-scale-has-marks-above-backdrop@2.png
Warning: Not a valid file
Norme: ./ff/rr/theme_Adwaita/assets/slider-vert-scale-has-marks-above-dark.png
Warning: Not a valid file
Norme: ./ff/rr/theme_Adwaita/assets/slider-vert-scale-has-marks-above-dark@2.png
Warning: Not a valid file
Norme: ./ff/rr/theme_Adwaita/assets/slider-vert-scale-has-marks-above-hover-dark.png
Warning: Not a valid file
Norme: ./ff/rr/theme_Adwaita/assets/slider-vert-scale-has-marks-above-hover-dark@2.png
Warning: Not a valid file
Norme: ./ff/rr/theme_Adwaita/assets/slider-vert-scale-has-marks-above-hover.png
Warning: Not a valid file
Norme: ./ff/rr/theme_Adwaita/assets/slider-vert-scale-has-marks-above-hover@2.png
Warning: Not a valid file
Norme: ./ff/rr/theme_Adwaita/assets/slider-vert-scale-has-marks-above-insensitive-dark.png
Warning: Not a valid file
Norme: ./ff/rr/theme_Adwaita/assets/slider-vert-scale-has-marks-above-insensitive-dark@2.png
Warning: Not a valid file
Norme: ./ff/rr/theme_Adwaita/assets/slider-vert-scale-has-marks-above-insensitive.png
Warning: Not a valid file
Norme: ./ff/rr/theme_Adwaita/assets/slider-vert-scale-has-marks-above-insensitive@2.png
Warning: Not a valid file
Norme: ./ff/rr/theme_Adwaita/assets/slider-vert-scale-has-marks-above.png
Warning: Not a valid file
Norme: ./ff/rr/theme_Adwaita/assets/slider-vert-scale-has-marks-above@2.png
Warning: Not a valid file
Norme: ./ff/rr/theme_Adwaita/assets/slider-vert-scale-has-marks-below-active-dark.png
Warning: Not a valid file
Norme: ./ff/rr/theme_Adwaita/assets/slider-vert-scale-has-marks-below-active-dark@2.png
Warning: Not a valid file
Norme: ./ff/rr/theme_Adwaita/assets/slider-vert-scale-has-marks-below-active.png
Warning: Not a valid file
Norme: ./ff/rr/theme_Adwaita/assets/slider-vert-scale-has-marks-below-active@2.png
Warning: Not a valid file
Norme: ./ff/rr/theme_Adwaita/assets/slider-vert-scale-has-marks-below-backdrop-dark.png
Warning: Not a valid file
Norme: ./ff/rr/theme_Adwaita/assets/slider-vert-scale-has-marks-below-backdrop-dark@2.png
Warning: Not a valid file
Norme: ./ff/rr/theme_Adwaita/assets/slider-vert-scale-has-marks-below-backdrop-insensitive-dark.png
Warning: Not a valid file
Norme: ./ff/rr/theme_Adwaita/assets/slider-vert-scale-has-marks-below-backdrop-insensitive-dark@2.png
Warning: Not a valid file
Norme: ./ff/rr/theme_Adwaita/assets/slider-vert-scale-has-marks-below-backdrop-insensitive.png
Warning: Not a valid file
Norme: ./ff/rr/theme_Adwaita/assets/slider-vert-scale-has-marks-below-backdrop-insensitive@2.png
Warning: Not a valid file
Norme: ./ff/rr/theme_Adwaita/assets/slider-vert-scale-has-marks-below-backdrop.png
Warning: Not a valid file
Norme: ./ff/rr/theme_Adwaita/assets/slider-vert-scale-has-marks-below-backdrop@2.png
Warning: Not a valid file
Norme: ./ff/rr/theme_Adwaita/assets/slider-vert-scale-has-marks-below-dark.png
Warning: Not a valid file
Norme: ./ff/rr/theme_Adwaita/assets/slider-vert-scale-has-marks-below-dark@2.png
Warning: Not a valid file
Norme: ./ff/rr/theme_Adwaita/assets/slider-vert-scale-has-marks-below-hover-dark.png
Warning: Not a valid file
Norme: ./ff/rr/theme_Adwaita/assets/slider-vert-scale-has-marks-below-hover-dark@2.png
Warning: Not a valid file
Norme: ./ff/rr/theme_Adwaita/assets/slider-vert-scale-has-marks-below-hover.png
Warning: Not a valid file
Norme: ./ff/rr/theme_Adwaita/assets/slider-vert-scale-has-marks-below-hover@2.png
Warning: Not a valid file
Norme: ./ff/rr/theme_Adwaita/assets/slider-vert-scale-has-marks-below-insensitive-dark.png
Warning: Not a valid file
Norme: ./ff/rr/theme_Adwaita/assets/slider-vert-scale-has-marks-below-insensitive-dark@2.png
Warning: Not a valid file
Norme: ./ff/rr/theme_Adwaita/assets/slider-vert-scale-has-marks-below-insensitive.png
Warning: Not a valid file
Norme: ./ff/rr/theme_Adwaita/assets/slider-vert-scale-has-marks-below-insensitive@2.png
Warning: Not a valid file
Norme: ./ff/rr/theme_Adwaita/assets/slider-vert-scale-has-marks-below.png
Warning: Not a valid file
Norme: ./ff/rr/theme_Adwaita/assets/slider-vert-scale-has-marks-below@2.png
Warning: Not a valid file
Norme: ./ff/rr/theme_Adwaita/assets/text-select-end-active-dark.png
Warning: Not a valid file
Norme: ./ff/rr/theme_Adwaita/assets/text-select-end-active-dark@2.png
Warning: Not a valid file
Norme: ./ff/rr/theme_Adwaita/assets/text-select-end-active.png
Warning: Not a valid file
Norme: ./ff/rr/theme_Adwaita/assets/text-select-end-active@2.png
Warning: Not a valid file
Norme: ./ff/rr/theme_Adwaita/assets/text-select-end-dark.png
Warning: Not a valid file
Norme: ./ff/rr/theme_Adwaita/assets/text-select-end-dark@2.png
Warning: Not a valid file
Norme: ./ff/rr/theme_Adwaita/assets/text-select-end-hover-dark.png
Warning: Not a valid file
Norme: ./ff/rr/theme_Adwaita/assets/text-select-end-hover-dark@2.png
Warning: Not a valid file
Norme: ./ff/rr/theme_Adwaita/assets/text-select-end-hover.png
Warning: Not a valid file
Norme: ./ff/rr/theme_Adwaita/assets/text-select-end-hover@2.png
Warning: Not a valid file
Norme: ./ff/rr/theme_Adwaita/assets/text-select-end.png
Warning: Not a valid file
Norme: ./ff/rr/theme_Adwaita/assets/text-select-end@2.png
Warning: Not a valid file
Norme: ./ff/rr/theme_Adwaita/assets/text-select-start-active-dark.png
Warning: Not a valid file
Norme: ./ff/rr/theme_Adwaita/assets/text-select-start-active-dark@2.png
Warning: Not a valid file
Norme: ./ff/rr/theme_Adwaita/assets/text-select-start-active.png
Warning: Not a valid file
Norme: ./ff/rr/theme_Adwaita/assets/text-select-start-active@2.png
Warning: Not a valid file
Norme: ./ff/rr/theme_Adwaita/assets/text-select-start-dark.png
Warning: Not a valid file
Norme: ./ff/rr/theme_Adwaita/assets/text-select-start-dark@2.png
Warning: Not a valid file
Norme: ./ff/rr/theme_Adwaita/assets/text-select-start-hover-dark.png
Warning: Not a valid file
Norme: ./ff/rr/theme_Adwaita/assets/text-select-start-hover-dark@2.png
Warning: Not a valid file
Norme: ./ff/rr/theme_Adwaita/assets/text-select-start-hover.png
Warning: Not a valid file
Norme: ./ff/rr/theme_Adwaita/assets/text-select-start-hover@2.png
Warning: Not a valid file
Norme: ./ff/rr/theme_Adwaita/assets/text-select-start.png
Warning: Not a valid file
Norme: ./ff/rr/theme_Adwaita/assets/text-select-start@2.png
Warning: Not a valid file
Norme: ./ff/rr/theme_Adwaita/assets.svg
Warning: Not a valid file
Norme: ./ff/rr/theme_Adwaita/assets.txt
Warning: Not a valid file
Norme: ./ff/rr/theme_Adwaita/gtk-contained-dark.css
Warning: Not a valid file
Norme: ./ff/rr/theme_Adwaita/gtk-contained-dark.scss
Warning: Not a valid file
Norme: ./ff/rr/theme_Adwaita/gtk-contained.css
Warning: Not a valid file
Norme: ./ff/rr/theme_Adwaita/gtk-contained.scss
Warning: Not a valid file
Norme: ./ff/rr/theme_Adwaita/gtk-dark.css
Warning: Not a valid file
Norme: ./ff/rr/theme_Adwaita/gtk.css
Warning: Not a valid file
Norme: ./ff/rr/theme_Adwaita/meson.build
Warning: Not a valid file
Norme: ./ff/rr/theme_Adwaita/parse-sass.sh
Warning: Not a valid file
Norme: ./ff/rr/theme_Adwaita/README
Warning: Not a valid file
Norme: ./ff/rr/theme_Adwaita/render-assets.sh
Warning: Not a valid file
Norme: ./libcl/auteur
Warning: Not a valid file
Norme: ./libcl/Makefile
Warning: Not a valid file
Norme: ./libft/author
Warning: Not a valid file
Norme: ./libft/libft.a
Warning: Not a valid file
Norme: ./libft/Makefile
Warning: Not a valid file
Norme: ./libft/objects/array/ft_2darrayclean.o
Warning: Not a valid file
Norme: ./libft/objects/array/ft_2darraynew.o
Warning: Not a valid file
Norme: ./libft/objects/array/ft_arraymax.o
Warning: Not a valid file
Norme: ./libft/objects/array/ft_arraymin.o
Warning: Not a valid file
Norme: ./libft/objects/array/ft_arrayprint.o
Warning: Not a valid file
Norme: ./libft/objects/array/ft_arraysort.o
Warning: Not a valid file
Norme: ./libft/objects/btree/ft_btree_apply_by_level.o
Warning: Not a valid file
Norme: ./libft/objects/btree/ft_btree_apply_infix.o
Warning: Not a valid file
Norme: ./libft/objects/btree/ft_btree_apply_prefix.o
Warning: Not a valid file
Norme: ./libft/objects/btree/ft_btree_apply_suffix.o
Warning: Not a valid file
Norme: ./libft/objects/btree/ft_btree_create_node.o
Warning: Not a valid file
Norme: ./libft/objects/btree/ft_btree_insert_data.o
Warning: Not a valid file
Norme: ./libft/objects/btree/ft_btree_level_count.o
Warning: Not a valid file
Norme: ./libft/objects/btree/ft_btree_print.o
Warning: Not a valid file
Norme: ./libft/objects/btree/ft_btree_search_item.o
Warning: Not a valid file
Norme: ./libft/objects/get_next_line/get_next_line.o
Warning: Not a valid file
Norme: ./libft/objects/get_next_line/read_file.o
Warning: Not a valid file
Norme: ./libft/objects/lst/ft_lst2w_new.o
Warning: Not a valid file
Norme: ./libft/objects/lst/ft_lst2w_pushback.o
Warning: Not a valid file
Norme: ./libft/objects/lst/ft_lstadd.o
Warning: Not a valid file
Norme: ./libft/objects/lst/ft_lstcount.o
Warning: Not a valid file
Norme: ./libft/objects/lst/ft_lstdel.o
Warning: Not a valid file
Norme: ./libft/objects/lst/ft_lstdel_u.o
Warning: Not a valid file
Norme: ./libft/objects/lst/ft_lstdelmid.o
Warning: Not a valid file
Norme: ./libft/objects/lst/ft_lstdelone.o
Warning: Not a valid file
Norme: ./libft/objects/lst/ft_lstiter.o
Warning: Not a valid file
Norme: ./libft/objects/lst/ft_lstmap.o
Warning: Not a valid file
Norme: ./libft/objects/lst/ft_lstnew.o
Warning: Not a valid file
Norme: ./libft/objects/lst/ft_lstprint.o
Warning: Not a valid file
Norme: ./libft/objects/lst/ft_lstrev.o
Warning: Not a valid file
Norme: ./libft/objects/mem/ft_bzero.o
Warning: Not a valid file
Norme: ./libft/objects/mem/ft_memalloc.o
Warning: Not a valid file
Norme: ./libft/objects/mem/ft_memccpy.o
Warning: Not a valid file
Norme: ./libft/objects/mem/ft_memchr.o
Warning: Not a valid file
Norme: ./libft/objects/mem/ft_memcmp.o
Warning: Not a valid file
Norme: ./libft/objects/mem/ft_memcpy.o
Warning: Not a valid file
Norme: ./libft/objects/mem/ft_memdel.o
Warning: Not a valid file
Norme: ./libft/objects/mem/ft_memmove.o
Warning: Not a valid file
Norme: ./libft/objects/mem/ft_memprint.o
Warning: Not a valid file
Norme: ./libft/objects/mem/ft_memset.o
Warning: Not a valid file
Norme: ./libft/objects/queue/ft_queue_pop.o
Warning: Not a valid file
Norme: ./libft/objects/queue/ft_queue_push.o
Warning: Not a valid file
Norme: ./libft/objects/rb_tree/ft_rb_insert.o
Warning: Not a valid file
Norme: ./libft/objects/rb_tree/ft_rb_node_create.o
Warning: Not a valid file
Norme: ./libft/objects/rb_tree/ft_rb_node_print.o
Warning: Not a valid file
Norme: ./libft/objects/stack/ft_stack_create.o
Warning: Not a valid file
Norme: ./libft/objects/stack/ft_stack_peek.o
Warning: Not a valid file
Norme: ./libft/objects/stack/ft_stack_pop.o
Warning: Not a valid file
Norme: ./libft/objects/stack/ft_stack_print.o
Warning: Not a valid file
Norme: ./libft/objects/stack/ft_stack_push.o
Warning: Not a valid file
Norme: ./libft/objects/standart/ft_atoi.o
Warning: Not a valid file
Norme: ./libft/objects/standart/ft_countwords.o
Warning: Not a valid file
Norme: ./libft/objects/standart/ft_is_space.o
Warning: Not a valid file
Norme: ./libft/objects/standart/ft_isalnum.o
Warning: Not a valid file
Norme: ./libft/objects/standart/ft_isalpha.o
Warning: Not a valid file
Norme: ./libft/objects/standart/ft_isascii.o
Warning: Not a valid file
Norme: ./libft/objects/standart/ft_isdigit.o
Warning: Not a valid file
Norme: ./libft/objects/standart/ft_isprint.o
Warning: Not a valid file
Norme: ./libft/objects/standart/ft_itoa.o
Warning: Not a valid file
Norme: ./libft/objects/standart/ft_point_new.o
Warning: Not a valid file
Norme: ./libft/objects/standart/ft_print_node.o
Warning: Not a valid file
Norme: ./libft/objects/standart/ft_printmap.o
Warning: Not a valid file
Norme: ./libft/objects/standart/ft_ptr_free.o
Warning: Not a valid file
Norme: ./libft/objects/standart/ft_putchar.o
Warning: Not a valid file
Norme: ./libft/objects/standart/ft_putchar_fd.o
Warning: Not a valid file
Norme: ./libft/objects/standart/ft_putendl.o
Warning: Not a valid file
Norme: ./libft/objects/standart/ft_putendl_fd.o
Warning: Not a valid file
Norme: ./libft/objects/standart/ft_putnbr.o
Warning: Not a valid file
Norme: ./libft/objects/standart/ft_putnbr_fd.o
Warning: Not a valid file
Norme: ./libft/objects/standart/ft_putstr.o
Warning: Not a valid file
Norme: ./libft/objects/standart/ft_putstr_fd.o
Warning: Not a valid file
Norme: ./libft/objects/standart/ft_realloc.o
Warning: Not a valid file
Norme: ./libft/objects/standart/ft_sign.o
Warning: Not a valid file
Norme: ./libft/objects/standart/ft_swap_int.o
Warning: Not a valid file
Norme: ./libft/objects/standart/ft_tolower.o
Warning: Not a valid file
Norme: ./libft/objects/standart/ft_toupper.o
Warning: Not a valid file
Norme: ./libft/objects/str/ft_strcat.o
Warning: Not a valid file
Norme: ./libft/objects/str/ft_strchr.o
Warning: Not a valid file
Norme: ./libft/objects/str/ft_strclr.o
Warning: Not a valid file
Norme: ./libft/objects/str/ft_strcmp.o
Warning: Not a valid file
Norme: ./libft/objects/str/ft_strcpy.o
Warning: Not a valid file
Norme: ./libft/objects/str/ft_strdel.o
Warning: Not a valid file
Norme: ./libft/objects/str/ft_strdup.o
Warning: Not a valid file
Norme: ./libft/objects/str/ft_strequ.o
Warning: Not a valid file
Norme: ./libft/objects/str/ft_striter.o
Warning: Not a valid file
Norme: ./libft/objects/str/ft_striteri.o
Warning: Not a valid file
Norme: ./libft/objects/str/ft_strjoin.o
Warning: Not a valid file
Norme: ./libft/objects/str/ft_strlcat.o
Warning: Not a valid file
Norme: ./libft/objects/str/ft_strlen.o
Warning: Not a valid file
Norme: ./libft/objects/str/ft_strmap.o
Warning: Not a valid file
Norme: ./libft/objects/str/ft_strmapi.o
Warning: Not a valid file
Norme: ./libft/objects/str/ft_strncat.o
Warning: Not a valid file
Norme: ./libft/objects/str/ft_strncmp.o
Warning: Not a valid file
Norme: ./libft/objects/str/ft_strncpy.o
Warning: Not a valid file
Norme: ./libft/objects/str/ft_strnequ.o
Warning: Not a valid file
Norme: ./libft/objects/str/ft_strnew.o
Warning: Not a valid file
Norme: ./libft/objects/str/ft_strnewch.o
Warning: Not a valid file
Norme: ./libft/objects/str/ft_strnstr.o
Warning: Not a valid file
Norme: ./libft/objects/str/ft_strrchr.o
Warning: Not a valid file
Norme: ./libft/objects/str/ft_strsplit.o
Warning: Not a valid file
Norme: ./libft/objects/str/ft_strstr.o
Warning: Not a valid file
Norme: ./libft/objects/str/ft_strsub.o
Warning: Not a valid file
Norme: ./libft/objects/str/ft_strtrim.o
Warning: Not a valid file
Norme: ./libft/objects/vector/vector_add.o
Warning: Not a valid file
Norme: ./libft/objects/vector/vector_delete.o
Warning: Not a valid file
Norme: ./libft/objects/vector/vector_free.o
Warning: Not a valid file
Norme: ./libft/objects/vector/vector_get.o
Warning: Not a valid file
Norme: ./libft/objects/vector/vector_init.o
Warning: Not a valid file
Norme: ./libft/objects/vector/vector_resize.o
Warning: Not a valid file
Norme: ./libft/objects/vector/vector_set.o
Warning: Not a valid file
Norme: ./libft/objects/vector/vector_total.o
Warning: Not a valid file
Norme: ./libgnl/auteur
Warning: Not a valid file
Norme: ./libgnl/Makefile
Warning: Not a valid file
Norme: ./libmath/libmath.a
Warning: Not a valid file
Norme: ./libmath/LICENSE
Warning: Not a valid file
Norme: ./libmath/Makefile
Warning: Not a valid file
Norme: ./libmath/objects/ft_vec3_create.o
Warning: Not a valid file
Norme: ./libmath/objects/ft_vec3_cross_multiply.o
Warning: Not a valid file
Norme: ./libmath/objects/ft_vec3_dot_multiply.o
Warning: Not a valid file
Norme: ./libmath/objects/ft_vec3_norm.o
Warning: Not a valid file
Norme: ./libmath/objects/ft_vec3_normalize.o
Warning: Not a valid file
Norme: ./libmath/objects/ft_vec3_projection.o
Warning: Not a valid file
Norme: ./libmath/objects/ft_vec3_scalar_multiply.o
Warning: Not a valid file
Norme: ./libmath/objects/ft_vec3_substract.o
Warning: Not a valid file
Norme: ./libmath/objects/ft_vec3_sum.o
Warning: Not a valid file
Norme: ./libmath/README.md
Warning: Not a valid file
Norme: ./libsdl/libsdl.a
Warning: Not a valid file
Norme: ./libsdl/Makefile
Warning: Not a valid file
Norme: ./libsdl/objects/ft_draw_poly.o
Warning: Not a valid file
Norme: ./libsdl/objects/ft_exit.o
Warning: Not a valid file
Norme: ./libsdl/objects/ft_get_color.o
Warning: Not a valid file
Norme: ./libsdl/objects/ft_get_light.o
Warning: Not a valid file
Norme: ./libsdl/objects/ft_hex_to_rgb.o
Warning: Not a valid file
Norme: ./libsdl/objects/ft_init_window.o
Warning: Not a valid file
Norme: ./libsdl/objects/ft_input.o
Warning: Not a valid file
Norme: ./libsdl/objects/ft_line.o
Warning: Not a valid file
Norme: ./libsdl/objects/ft_percent.o
Warning: Not a valid file
Norme: ./libsdl/objects/ft_plot_line.o
Warning: Not a valid file
Norme: ./libsdl/objects/ft_plot_wline.o
Warning: Not a valid file
Norme: ./libsdl/objects/ft_ppm_image_read.o
Warning: Not a valid file
Norme: ./libsdl/objects/ft_ppm_image_write.o
Warning: Not a valid file
Norme: ./libsdl/objects/ft_put_pixel.o
Warning: Not a valid file
Norme: ./libsdl/objects/ft_rasterizer.o
Warning: Not a valid file
Norme: ./libsdl/objects/ft_rgb_to_hex.o
Warning: Not a valid file
Norme: ./libsdl/objects/ft_surface_clear.o
Warning: Not a valid file
Norme: ./libsdl/objects/ft_surface_combine.o
Warning: Not a valid file
Norme: ./libsdl/objects/ft_surface_create.o
Warning: Not a valid file
Norme: ./libsdl/objects/ft_surface_present.o
Warning: Not a valid file
Norme: ./libsdl/objects/ft_texture_create.o
Warning: Not a valid file
Norme: ./libsdl/objects/ft_texture_lock.o
Warning: Not a valid file
Norme: ./libsdl/objects/ft_texture_present.o
Warning: Not a valid file
Norme: ./libsdl/objects/ft_vline.o
Warning: Not a valid file
Norme: ./libsdl/README.md
Warning: Not a valid file
Norme: ./libvect/Makefile
Warning: Not a valid file
Norme: ./objects/camera/camera_move.o
Warning: Not a valid file
Norme: ./objects/camera/camera_new.o
Warning: Not a valid file
Norme: ./objects/cl_lib/gpu_init.o
Warning: Not a valid file
Norme: ./objects/intersect.o
Warning: Not a valid file
Norme: ./objects/main.o
Warning: Not a valid file
Norme: ./objects/map_parser.o
Warning: Not a valid file
Norme: ./objects/math.o
Warning: Not a valid file
Norme: ./objects/matrix.o
Warning: Not a valid file
Norme: ./objects/normals.o
Warning: Not a valid file
Norme: ./objects/quaternion.o
Warning: Not a valid file
Norme: ./objects/rotate.o
Warning: Not a valid file
Norme: ./objects/vectors.o
Warning: Not a valid file
Norme: ./out
Warning: Not a valid file
Norme: ./out.ppm
Warning: Not a valid file
Norme: ./rtv1
Warning: Not a valid file
Norme: ./rtv1.dSYM/Contents/Info.plist
Warning: Not a valid file
Norme: ./rtv1.en.pdf
Warning: Not a valid file
Norme: ./srcs/cl_files/intersect.cl
Warning: Not a valid file
Norme: ./srcs/cl_files/main.cl
Warning: Not a valid file
Norme: ./srcs/cl_files/normals.cl
Warning: Not a valid file
Norme: ./srcs/cl_files/options.cl
Warning: Not a valid file
Norme: ./srcs/cl_files/random.cl
Warning: Not a valid file
Norme: ./srcs/mix.cl
Warning: Not a valid file
Norme: ./srcs/old_cl.cl
Warning: Not a valid file
Norme: ./test_sphere
Warning: Not a valid file
Norme: ./Доклад.pdf
Warning: Not a valid file
Norme: ./ff/rr/assert/assert.h
Error: 42 header not at top of the file
Error (line 6): multiline define
Error (line 16): multiple empty lines
Norme: ./ff/rr/camera/camera_delete.c
Error: 42 header not at top of the file
Error (line 3): Space before function name
Error (line 3, col 4): bad spacing
Norme: ./ff/rr/camera/camera.h
Error: 42 header not at top of the file
Error (line 14): must have only tabulations between struct and s_camera.
Error (line 14, col 14): bad spacing
Error (line 26, col 4): bad spacing
Error (line 38, col 4): bad spacing
Norme: ./ff/rr/camera/camera_new.c
Error: 42 header not at top of the file
Error (line 9, col 27): bad spacing
Norme: ./ff/rr/camera/camera_move.c
Error: file must end with a single empty line
Error: 42 header not at top of the file
Error (line 3): Space before function name
Error (line 3, col 4): bad spacing
Error (line 4): bad indentation
Error (line 26, col 0): no newline after block
Norme: ./ff/rr/cl_renderer/cl_renderer_create_kernel.c
Warning: /Users/sbrella/Desktop/RT/ff/rr/cl_renderer/cl_renderer_create_kernel.c may not compile or is invalid for some reasons.
Norme: ./ff/rr/cl_renderer/cl_renderer_camera_move.c
Error: file must end with a single empty line
Error: 42 header not at top of the file
Error (line 3): Space before function name
Error (line 3, col 4): bad spacing
Error (line 4): bad indentation
Error (line 11, col 0): no newline after block
Norme: ./ff/rr/cl_renderer/cl_renderer_create_queue.c
Warning: /Users/sbrella/Desktop/RT/ff/rr/cl_renderer/cl_renderer_create_queue.c may not compile or is invalid for some reasons.
Norme: ./ff/rr/cl_renderer/cl_renderer_init_context.c
Warning: /Users/sbrella/Desktop/RT/ff/rr/cl_renderer/cl_renderer_init_context.c may not compile or is invalid for some reasons.
Norme: ./ff/rr/cl_renderer/cl_renderer_create_program.c
Warning: /Users/sbrella/Desktop/RT/ff/rr/cl_renderer/cl_renderer_create_program.c may not compile or is invalid for some reasons.
Norme: ./ff/rr/cl_renderer/cl_renderer_delete.c
Error: file must end with a single empty line
Error: 42 header not at top of the file
Error (line 3): Space before function name
Error (line 3, col 11): bad spacing
Error (line 19, col 0): no newline after block
Norme: ./ff/rr/cl_renderer/cl_renderer_init_data.c
Warning: /Users/sbrella/Desktop/RT/ff/rr/cl_renderer/cl_renderer_init_data.c may not compile or is invalid for some reasons.
Norme: ./ff/rr/cl_renderer/cl_renderer_log.c
Error: file must end with a single empty line
Error: 42 header not at top of the file
Error (line 20, col 0): no newline after block
Norme: ./ff/rr/cl_renderer/cl_renderer_render.c
Warning: /Users/sbrella/Desktop/RT/ff/rr/cl_renderer/cl_renderer_render.c may not compile or is invalid for some reasons.
Norme: ./ff/rr/cl_renderer/cl_renderer_new.c
Error: file must end with a single empty line
Error: 42 header not at top of the file
Error (line 25, col 0): no newline after block
Norme: ./ff/rr/cl_renderer/cl_renderer_set_arguments.c
Warning: /Users/sbrella/Desktop/RT/ff/rr/cl_renderer/cl_renderer_set_arguments.c may not compile or is invalid for some reasons.
Norme: ./ff/rr/cl_renderer/cl_renderer_update.c
Warning: /Users/sbrella/Desktop/RT/ff/rr/cl_renderer/cl_renderer_update.c may not compile or is invalid for some reasons.
Norme: ./ff/rr/cmake-build-debug/CMakeFiles/3.14.5/CompilerIdC/CMakeCCompilerId.c
Warning: /Users/sbrella/Desktop/RT/ff/rr/cmake-build-debug/CMakeFiles/3.14.5/CompilerIdC/CMakeCCompilerId.c may not compile or is invalid for some reasons.
Norme: ./ff/rr/cl_renderer/cl_renderer.h
Error: 42 header not at top of the file
Error (line 16): must have only tabulations between struct and s_cl_settings.
Error (line 16, col 14): bad spacing
Error (line 20, col 4): bad spacing
Error (line 24, col 4): bad spacing
Error (line 27): must have only tabulations between struct and s_cl_program.
Error (line 27, col 14): bad spacing
Error (line 29, col 11): bad spacing
Error (line 30, col 5): bad spacing
Error (line 31, col 7): bad spacing
Error (line 33, col 4): bad spacing
Error (line 36): must have only tabulations between struct and s_cl_data_size.
Error (line 36, col 14): bad spacing
Error (line 40, col 7): bad spacing
Error (line 41, col 7): bad spacing
Error (line 42, col 7): bad spacing
Error (line 46): must have only tabulations between struct and s_cl_data_host.
Error (line 46, col 14): bad spacing
Error (line 55): must have only tabulations between struct and s_cl_data_device.
Error (line 55, col 14): bad spacing
Error (line 60, col 7): bad spacing
Error (line 62, col 7): bad spacing
Error (line 65): must have only tabulations between struct and s_cl_flags.
Error (line 65, col 14): bad spacing
Error (line 68, col 4): bad spacing
Error (line 72): must have only tabulations between struct and s_cl_renderer.
Error (line 72, col 14): bad spacing
Error (line 74, col 4): bad spacing
Error (line 79, col 13): bad spacing
Error (line 80, col 11): bad spacing
Error (line 82, col 10): bad spacing
Error (line 83, col 17): bad spacing
Error (line 84, col 7): bad spacing
Error (line 93, col 4): bad spacing
Error (line 103): must have only tabulations between enum and e_cl_update.
Error (line 103, col 12): bad spacing
Error (line 113, col 4): bad spacing
Norme: ./ff/rr/cl_renderer/cl_renderer_init_device.c
Warning: /Users/sbrella/Desktop/RT/ff/rr/cl_renderer/cl_renderer_init_device.c may not compile or is invalid for some reasons.
Norme: ./ff/rr/CMakeFiles/feature_tests.c
Error: 42 header not at top of the file
Error (line 2): must begin only by tabulations
Error (line 2, col 13): global named features is not well prefixed
Error (line 3): bad indentation
Error (line 4): preprocessor block must be followed by one empty line
Error (line 5): bad indentation
Error (line 6): preprocessor block must be followed by one empty line
Error (line 7): bad indentation
Error (line 8): preprocessor block must be followed by one empty line
Error (line 9): bad indentation
Error (line 10): bad indentation
Error (line 11): line has 115 characters
Error (line 11): preprocessor block must be followed by one empty line
Error (line 12): bad indentation
Error (line 13): preprocessor block must be followed by one empty line
Error (line 14): bad indentation
Error (line 15): preprocessor block must be followed by one empty line
Error (line 16): bad indentation
Error (line 17): bad indentation
Error (line 18): line has 115 characters
Error (line 18): preprocessor block must be followed by one empty line
Error (line 19): bad indentation
Error (line 20): preprocessor block must be followed by one empty line
Error (line 21): bad indentation
Error (line 22): preprocessor block must be followed by one empty line
Error (line 23): bad indentation
Error (line 24): bad indentation
Error (line 25): line has 115 characters
Error (line 25): preprocessor block must be followed by one empty line
Error (line 26): bad indentation
Error (line 27): preprocessor block must be followed by one empty line
Error (line 28): bad indentation
Error (line 29): preprocessor block must be followed by one empty line
Error (line 30): bad indentation
Error (line 34): Space before function name
Error (line 34): 2 instructions
Error (line 34, col 24): space after pointer
Error (line 34, col 32): no newline before block
Error (line 34, col 32): no newline after block
Error (line 34, col 53): missing parentheses in return statement
Error (line 34, col 69): no newline before block
Norme: ./ff/rr/cmake-build-debug/CMakeFiles/feature_tests.c
Error: 42 header not at top of the file
Error (line 2): must begin only by tabulations
Error (line 2, col 13): global named features is not well prefixed
Error (line 3): bad indentation
Error (line 4): preprocessor block must be followed by one empty line
Error (line 5): bad indentation
Error (line 6): preprocessor block must be followed by one empty line
Error (line 7): bad indentation
Error (line 8): preprocessor block must be followed by one empty line
Error (line 9): bad indentation
Error (line 10): bad indentation
Error (line 11): line has 115 characters
Error (line 11): preprocessor block must be followed by one empty line
Error (line 12): bad indentation
Error (line 13): preprocessor block must be followed by one empty line
Error (line 14): bad indentation
Error (line 15): preprocessor block must be followed by one empty line
Error (line 16): bad indentation
Error (line 17): bad indentation
Error (line 18): line has 115 characters
Error (line 18): preprocessor block must be followed by one empty line
Error (line 19): bad indentation
Error (line 20): preprocessor block must be followed by one empty line
Error (line 21): bad indentation
Error (line 22): preprocessor block must be followed by one empty line
Error (line 23): bad indentation
Error (line 24): bad indentation
Error (line 25): line has 115 characters
Error (line 25): preprocessor block must be followed by one empty line
Error (line 26): bad indentation
Error (line 27): preprocessor block must be followed by one empty line
Error (line 28): bad indentation
Error (line 29): preprocessor block must be followed by one empty line
Error (line 30): bad indentation
Error (line 34): Space before function name
Error (line 34): 2 instructions
Error (line 34, col 24): space after pointer
Error (line 34, col 32): no newline before block
Error (line 34, col 32): no newline after block
Error (line 34, col 53): missing parentheses in return statement
Error (line 34, col 69): no newline before block
Norme: ./ff/rr/color/color_list.h
Error: 42 header not at top of the file
Norme: ./ff/rr/CMakeFiles/3.14.0-rc2/CompilerIdC/CMakeCCompilerId.c
Warning: /Users/sbrella/Desktop/RT/ff/rr/CMakeFiles/3.14.0-rc2/CompilerIdC/CMakeCCompilerId.c may not compile or is invalid for some reasons.
Norme: ./ff/rr/f4/f4.h
Error: 42 header not at top of the file
Norme: ./ff/rr/color/color.h
Error: 42 header not at top of the file
Norme: ./ff/rr/f4/f4_add.c
Error: file must end with a single empty line
Error: 42 header not at top of the file
Error (line 11, col 0): no newline after block
Norme: ./ff/rr/f4/f4_sub.c
Error: file must end with a single empty line
Error: 42 header not at top of the file
Error (line 11, col 0): no newline after block
Norme: ./ff/rr/f4/f4_mul.c
Error: file must end with a single empty line
Error: 42 header not at top of the file
Error (line 11, col 0): no newline after block
Norme: ./ff/rr/gui/gui/gui.h
Error: 42 header not at top of the file
Error (line 13): Struct s_gui bad aligned
Norme: ./ff/rr/gui/gui/gui_loop.c
Error: file must end with a single empty line
Error: 42 header not at top of the file
Error (line 6, col 0): no newline after block
Norme: ./ff/rr/gui/gui/gui_delete.c
Error: file must end with a single empty line
Error: 42 header not at top of the file
Error (line 11, col 0): no newline after block
Norme: ./ff/rr/gui/gui_image/gui_image_delete.c
Error: file must end with a single empty line
Error: 42 header not at top of the file
Error (line 7, col 0): no newline after block
Norme: ./ff/rr/gui/gui/gui_connect_renderer.c
Error: file must end with a single empty line
Error: 42 header not at top of the file
Error (line 15): C++ comment
Error (line 28, col 0): no newline after block
Norme: ./ff/rr/gui/gui_image/gui_image.h
Error: 42 header not at top of the file
Error (line 12): must have only tabulations between struct and s_gui_image.
Error (line 12, col 14): bad spacing
Norme: ./ff/rr/gui/gui_list/gui_list_delete.c
Error: file must end with a single empty line
Error: 42 header not at top of the file
Error (line 7, col 0): no newline after block
Norme: ./ff/rr/gui/gui/gui_new.c
Error: file must end with a single empty line
Error: 42 header not at top of the file
Error (line 20, col 0): no newline after block
Norme: ./ff/rr/gui/gui_list/gui_list.h
Error: 42 header not at top of the file
Norme: ./ff/rr/gui/gui_names.h
Error: 42 header not at top of the file
Error (line 29): multiple empty lines
Norme: ./ff/rr/gui/gui_list/gui_list_new.c
Error: file must end with a single empty line
Error: 42 header not at top of the file
Error (line 13, col 0): no newline after block
Norme: ./ff/rr/gui/gui_object/gui_object_delete.c
Error: file must end with a single empty line
Error: 42 header not at top of the file
Error (line 7, col 0): no newline after block
Norme: ./ff/rr/gui/gui_image/gui_image_new.c
Error: 42 header not at top of the file
Error (line 3): declarations in gui_image_new must be at the top of the function
Error (line 3): declarations must be followed by one empty line in gui_image_new
Error (line 15): for detected
Error (line 15): 2 instructions
Error (line 15, col 10): i is instanciated during declaration
Error (line 16): bad indentation
Norme: ./ff/rr/gui/gui_object/gui_object_new.c
Error: 42 header not at top of the file
Norme: ./ff/rr/gui/gui_object_base/gui_object_base.h
Error: 42 header not at top of the file
Error (line 17): multiple empty lines
Norme: ./ff/rr/gui/gui_object_base/gui_object_base_init.c
Error: file must end with a single empty line
Error: 42 header not at top of the file
Error (line 4): bad indentation
Error (line 11, col 0): no newline after block
Norme: ./ff/rr/gui/gui_object/gui_object.h
Error: 42 header not at top of the file
Error (line 19, col 4): bad spacing
Error (line 21): must begin only by tabulations
Error (line 22): must begin only by tabulations
Error (line 35, col 4): bad spacing
Error (line 40): multiple empty lines
Error (line 46, col 4): bad spacing
Norme: ./ff/rr/gui/gui_signal/gui_s_obj_add.c
Error: file must end with a single empty line
Error: 42 header not at top of the file
Error (line 8, col 0): no empty line before block
Error (line 8, col 0): no newline after block
Norme: ./ff/rr/gui/gui_signal/gui_s_key.c
Error: file must end with a single empty line
Error: 42 header not at top of the file
Error (line 4): bad indentation
Error (line 26, col 0): no newline after block
Norme: ./ff/rr/gui/gui_object_list/gui_object_sphere.c
Error: file must end with a single empty line
Error: 42 header not at top of the file
Error (line 3): Space before function name
Error (line 3, col 4): bad spacing
Error (line 4): bad indentation
Error (line 37, col 0): no newline after block
Norme: ./ff/rr/gui/gui_signal/gui_s_obj_selected.c
Error: file must end with a single empty line
Error: 42 header not at top of the file
Error (line 23): line has 83 characters
Error (line 28): line has 82 characters
Error (line 31, col 0): no newline after block
Norme: ./ff/rr/gui/gui_object_list/gui_object_plane.c
Error: global scope bad aligned
Error: 42 header not at top of the file
Error (line 3): Space before function name
Error (line 3, col 4): bad spacing
Error (line 4): bad indentation
Norme: ./ff/rr/gui/gui_signal/gui_s_plane_norm.c
Error: file must end with a single empty line
Error: 42 header not at top of the file
Error (line 1): wrong number of spaces in preprocessor indentation
Error (line 2): wrong number of spaces in preprocessor indentation
Error (line 3): wrong number of spaces in preprocessor indentation
Error (line 14): line has 83 characters
Error (line 27): line has 83 characters
Error (line 40): line has 83 characters
Error (line 42, col 0): no newline after block
Norme: ./ff/rr/gui/gui_signal/gui_s_sphere_rad.c
Error: 42 header not at top of the file
Error (line 1): wrong number of spaces in preprocessor indentation
Error (line 2): wrong number of spaces in preprocessor indentation
Error (line 3): wrong number of spaces in preprocessor indentation
Error (line 14): line has 83 characters
Norme: ./ff/rr/gui/gui_signal/gui_signal_connect.c
Warning: /Users/sbrella/Desktop/RT/ff/rr/gui/gui_signal/gui_signal_connect.c may not compile or is invalid for some reasons.
Norme: ./ff/rr/gui/gui_signal/gui_s_sphere_pos.c
Error: file must end with a single empty line
Error: 42 header not at top of the file
Error (line 1): wrong number of spaces in preprocessor indentation
Error (line 2): wrong number of spaces in preprocessor indentation
Error (line 3): wrong number of spaces in preprocessor indentation
Error (line 27): line has 83 characters
Error (line 40): line has 83 characters
Error (line 41, col 17): missing space around =
Norme: ./ff/rr/material/material.h
Error: 42 header not at top of the file
Error (line 7): must have only tabulations between struct and s_material.
Error (line 7, col 14): bad spacing
Norme: ./ff/rr/gui/gui_signal/gui_s_plane_pos.c
Error: file must end with a single empty line
Error: 42 header not at top of the file
Error (line 1): wrong number of spaces in preprocessor indentation
Error (line 2): wrong number of spaces in preprocessor indentation
Error (line 3): wrong number of spaces in preprocessor indentation
Error (line 27): line has 83 characters
Error (line 40): line has 83 characters
Error (line 42, col 0): no newline after block
Norme: ./ff/rr/gui/gui_signal/gui_signal.h
Error: has double inclusion protection but not with the good define name
Error: 42 header not at top of the file
Norme: ./ff/rr/material/material_list.h
Error: 42 header not at top of the file
Norme: ./ff/rr/object/object_definition.h
Error: has double inclusion protection but not with the good define name
Error: 42 header not at top of the file
Norme: ./ff/rr/object/object_interaction.h
Error: 42 header not at top of the file
Norme: ./ff/rr/object/object_build.c
Error: file must end with a single empty line
Error: 42 header not at top of the file
Error (line 18, col 0): no newline after block
Norme: ./ff/rr/object_list/object_list.h
Error: has double inclusion protection but not with the good define name
Error: 42 header not at top of the file
Norme: ./ff/rr/parameters/rt_cl_compilation.h
Error: has double inclusion protection but not with the good define name
Error: 42 header not at top of the file
Norme: ./ff/rr/object_list/plane.c
Error: 42 header not at top of the file
Norme: ./ff/rr/parameters/rt_cl_include.h
Error: has double inclusion protection but not with the good define name
Error: 42 header not at top of the file
Norme: ./ff/rr/parameters/rt_float.h
Error: has double inclusion protection but not with the good define name
Error: 42 header not at top of the file
Error (line 44): multiple empty lines
Norme: ./ff/rr/parameters/rt_parameters.h
Error: has double inclusion protection but not with the good define name
Error: 42 header not at top of the file
Error (line 15): wrong number of spaces in preprocessor indentation
Error (line 17): wrong number of spaces in preprocessor indentation
Error (line 19): wrong number of spaces in preprocessor indentation
Error (line 21): wrong number of spaces in preprocessor indentation
Norme: ./ff/rr/ray/ray.h
Error: 42 header not at top of the file
Norme: ./ff/rr/main.c
Error: file must end with a single empty line
Error: 42 header not at top of the file
Error (line 5): function scene_test has 26 lines
Error (line 45, col 0): no newline after block
Norme: ./ff/rr/scene/scene.h
Error: 42 header not at top of the file
Norme: ./ff/rr/scene/scene_delete.c
Error: file must end with a single empty line
Error: 42 header not at top of the file
Error (line 7, col 0): no newline after block
Norme: ./ff/rr/object_list/sphere.c
Error: 42 header not at top of the file
Norme: ./include/SDL2/begin_code.h
Error: has double inclusion protection but not with the good define name
Error: 42 header not at top of the file
Error (line 22): comment not well formatted
Error (line 30): comment not well formatted
Error (line 32): wrong number of spaces in preprocessor indentation
Error (line 34): define not upcase
Error (line 37): wrong number of spaces in preprocessor indentation
Error (line 37): comment not well formatted
Error (line 38): wrong number of spaces in preprocessor indentation
Error (line 39): wrong number of spaces in preprocessor indentation
Error (line 40): wrong number of spaces in preprocessor indentation
Error (line 41): wrong number of spaces in preprocessor indentation
Error (line 45): wrong number of spaces in preprocessor indentation
Error (line 46): wrong number of spaces in preprocessor indentation
Error (line 47): wrong number of spaces in preprocessor indentation
Error (line 48): wrong number of spaces in preprocessor indentation
Error (line 49): wrong number of spaces in preprocessor indentation
Error (line 52): comment not well formatted
Error (line 65): wrong number of spaces in preprocessor indentation
Error (line 66): wrong number of spaces in preprocessor indentation
Error (line 67): wrong number of spaces in preprocessor indentation
Error (line 68): wrong number of spaces in preprocessor indentation
Error (line 69): wrong number of spaces in preprocessor indentation
Error (line 79): comment not well formatted
Error (line 81): wrong number of spaces in preprocessor indentation
Error (line 82): wrong number of spaces in preprocessor indentation
Error (line 83): wrong number of spaces in preprocessor indentation
Error (line 84): wrong number of spaces in preprocessor indentation
Error (line 85): wrong number of spaces in preprocessor indentation
Error (line 86): define not upcase
Error (line 86): wrong number of spaces in preprocessor indentation
Error (line 86): comment not well formatted
Error (line 87): wrong number of spaces in preprocessor indentation
Error (line 88): wrong number of spaces in preprocessor indentation
Error (line 89): wrong number of spaces in preprocessor indentation
Error (line 90): wrong number of spaces in preprocessor indentation
Error (line 91): comment not well formatted
Error (line 93): comment not well formatted
Error (line 95): wrong number of spaces in preprocessor indentation
Error (line 96): wrong number of spaces in preprocessor indentation
Error (line 97): comment not well formatted
Error (line 99): comment not well formatted
Error (line 105): wrong number of spaces in preprocessor indentation
Error (line 106): wrong number of spaces in preprocessor indentation
Error (line 107): wrong number of spaces in preprocessor indentation
Error (line 108): wrong number of spaces in preprocessor indentation
Error (line 109): wrong number of spaces in preprocessor indentation
Error (line 110): wrong number of spaces in preprocessor indentation
Error (line 111): wrong number of spaces in preprocessor indentation
Error (line 112): comment not well formatted
Error (line 113): wrong number of spaces in preprocessor indentation
Error (line 114): wrong number of spaces in preprocessor indentation
Error (line 115): wrong number of spaces in preprocessor indentation
Error (line 116): wrong number of spaces in preprocessor indentation
Error (line 117): comment not well formatted
Error (line 120): wrong number of spaces in preprocessor indentation
Error (line 121): wrong number of spaces in preprocessor indentation
Error (line 122): wrong number of spaces in preprocessor indentation
Error (line 126): wrong number of spaces in preprocessor indentation
Error (line 127): wrong number of spaces in preprocessor indentation
Error (line 128): define not upcase
Error (line 128): wrong number of spaces in preprocessor indentation
Error (line 129): wrong number of spaces in preprocessor indentation
Error (line 130): wrong number of spaces in preprocessor indentation
Error (line 131): wrong number of spaces in preprocessor indentation
Error (line 132): wrong number of spaces in preprocessor indentation
Error (line 133): define not upcase
Error (line 133): wrong number of spaces in preprocessor indentation
Error (line 134): wrong number of spaces in preprocessor indentation
Error (line 135): wrong number of spaces in preprocessor indentation
Error (line 136): comment not well formatted
Error (line 139): wrong number of spaces in preprocessor indentation
Error (line 140): wrong number of spaces in preprocessor indentation
Error (line 141): wrong number of spaces in preprocessor indentation
Error (line 142): wrong number of spaces in preprocessor indentation
Error (line 143): wrong number of spaces in preprocessor indentation
Error (line 144): wrong number of spaces in preprocessor indentation
Error (line 145): wrong number of spaces in preprocessor indentation
Error (line 146): comment not well formatted
Error (line 149): wrong number of spaces in preprocessor indentation
Error (line 150): wrong number of spaces in preprocessor indentation
Error (line 151): wrong number of spaces in preprocessor indentation
Error (line 152): wrong number of spaces in preprocessor indentation
Error (line 153): wrong number of spaces in preprocessor indentation
Error (line 154): wrong number of spaces in preprocessor indentation
Error (line 155): wrong number of spaces in preprocessor indentation
Error (line 156): comment not well formatted
Error (line 158): comment not well formatted
Error (line 160): wrong number of spaces in preprocessor indentation
Error (line 161): wrong number of spaces in preprocessor indentation
Error (line 162): wrong number of spaces in preprocessor indentation
Error (line 163): wrong number of spaces in preprocessor indentation
Error (line 164): wrong number of spaces in preprocessor indentation
Error (line 165): wrong number of spaces in preprocessor indentation
Error (line 166): wrong number of spaces in preprocessor indentation
Error (line 166): comment not well formatted
Error (line 167): comment not well formatted
Norme: ./ff/rr/scene/scene_new.c
Error: file must end with a single empty line
Error: 42 header not at top of the file
Error (line 6, col 4): bad spacing
Error (line 17, col 0): no newline after block
Norme: ./include/SDL2/close_code.h
Error: not protected against double inclusion
Error: 42 header not at top of the file
Error (line 22): comment not well formatted
Error (line 31): comment not well formatted
Error (line 33): wrong number of spaces in preprocessor indentation
Error (line 34): wrong number of spaces in preprocessor indentation
Error (line 35): wrong number of spaces in preprocessor indentation
Error (line 36): wrong number of spaces in preprocessor indentation
Error (line 37): comment not well formatted
Norme: ./include/SDL2/SDL.h
Warning: /Users/sbrella/Desktop/RT/include/SDL2/SDL.h may not compile or is invalid for some reasons.
Norme: ./ff/rr/scene/scene_get_space.c
Error: file must end with a single empty line
Error: 42 header not at top of the file
Error (line 8, col 0): no newline after block
Norme: ./include/SDL2/SDL_assert.h
Warning: /Users/sbrella/Desktop/RT/include/SDL2/SDL_assert.h may not compile or is invalid for some reasons.
Norme: ./include/SDL2/SDL_atomic.h
Warning: /Users/sbrella/Desktop/RT/include/SDL2/SDL_atomic.h may not compile or is invalid for some reasons.
Norme: ./include/SDL2/SDL_bits.h
Warning: /Users/sbrella/Desktop/RT/include/SDL2/SDL_bits.h may not compile or is invalid for some reasons.
Norme: ./include/SDL2/SDL_blendmode.h
Warning: /Users/sbrella/Desktop/RT/include/SDL2/SDL_blendmode.h may not compile or is invalid for some reasons.
Norme: ./include/SDL2/SDL_clipboard.h
Warning: /Users/sbrella/Desktop/RT/include/SDL2/SDL_clipboard.h may not compile or is invalid for some reasons.
Norme: ./include/SDL2/SDL_audio.h
Warning: /Users/sbrella/Desktop/RT/include/SDL2/SDL_audio.h may not compile or is invalid for some reasons.
Norme: ./include/SDL2/SDL_cpuinfo.h
Warning: /Users/sbrella/Desktop/RT/include/SDL2/SDL_cpuinfo.h may not compile or is invalid for some reasons.
Norme: ./include/SDL2/SDL_error.h
Warning: /Users/sbrella/Desktop/RT/include/SDL2/SDL_error.h may not compile or is invalid for some reasons.
Norme: ./include/SDL2/SDL_endian.h
Warning: /Users/sbrella/Desktop/RT/include/SDL2/SDL_endian.h may not compile or is invalid for some reasons.
Norme: ./include/SDL2/SDL_filesystem.h
Warning: /Users/sbrella/Desktop/RT/include/SDL2/SDL_filesystem.h may not compile or is invalid for some reasons.
Norme: ./include/SDL2/SDL_config.h
Error: bad filename : SDL_config.h
Error: has double inclusion protection but not with the good define name
Error: 42 header not at top of the file
Error (line 24): define not upcase
Error (line 24): wrong number of spaces in preprocessor indentation
Error (line 26): comment not well formatted
Error (line 32): comment not well formatted
Error (line 33): wrong number of spaces in preprocessor indentation
Error (line 35): comment not well formatted
Error (line 36): wrong number of spaces in preprocessor indentation
Error (line 37): spaces at the end of line
Error (line 37): wrong number of spaces in preprocessor indentation
Error (line 38): wrong number of spaces in preprocessor indentation
Error (line 40): comment not well formatted
Error (line 41): comment not well formatted
Error (line 42): comment not well formatted
Error (line 43): comment not well formatted
Error (line 45): comment not well formatted
Error (line 46): wrong number of spaces in preprocessor indentation
Error (line 47): wrong number of spaces in preprocessor indentation
Error (line 48): wrong number of spaces in preprocessor indentation
Error (line 49): wrong number of spaces in preprocessor indentation
Error (line 50): wrong number of spaces in preprocessor indentation
Error (line 51): wrong number of spaces in preprocessor indentation
Error (line 52): comment not well formatted
Error (line 54): comment not well formatted
Error (line 55): wrong number of spaces in preprocessor indentation
Error (line 56): wrong number of spaces in preprocessor indentation
Error (line 58): comment not well formatted
Error (line 59): wrong number of spaces in preprocessor indentation
Error (line 60): wrong number of spaces in preprocessor indentation
Error (line 61): wrong number of spaces in preprocessor indentation
Error (line 62): wrong number of spaces in preprocessor indentation
Error (line 63): wrong number of spaces in preprocessor indentation
Error (line 64): wrong number of spaces in preprocessor indentation
Error (line 65): wrong number of spaces in preprocessor indentation
Error (line 66): comment not well formatted
Error (line 67): wrong number of spaces in preprocessor indentation
Error (line 68): wrong number of spaces in preprocessor indentation
Error (line 69): wrong number of spaces in preprocessor indentation
Error (line 70): wrong number of spaces in preprocessor indentation
Error (line 71): wrong number of spaces in preprocessor indentation
Error (line 72): wrong number of spaces in preprocessor indentation
Error (line 73): wrong number of spaces in preprocessor indentation
Error (line 74): wrong number of spaces in preprocessor indentation
Error (line 75): wrong number of spaces in preprocessor indentation
Error (line 76): wrong number of spaces in preprocessor indentation
Error (line 77): wrong number of spaces in preprocessor indentation
Error (line 78): comment not well formatted
Error (line 79): wrong number of spaces in preprocessor indentation
Error (line 81): comment not well formatted
Error (line 82): wrong number of spaces in preprocessor indentation
Error (line 83): wrong number of spaces in preprocessor indentation
Error (line 84): wrong number of spaces in preprocessor indentation
Error (line 85): wrong number of spaces in preprocessor indentation
Error (line 86): wrong number of spaces in preprocessor indentation
Error (line 87): wrong number of spaces in preprocessor indentation
Error (line 87): comment not well formatted
Error (line 88): wrong number of spaces in preprocessor indentation
Error (line 89): wrong number of spaces in preprocessor indentation
Error (line 90): wrong number of spaces in preprocessor indentation
Error (line 91): wrong number of spaces in preprocessor indentation
Error (line 92): wrong number of spaces in preprocessor indentation
Error (line 93): wrong number of spaces in preprocessor indentation
Error (line 94): wrong number of spaces in preprocessor indentation
Error (line 95): wrong number of spaces in preprocessor indentation
Error (line 96): wrong number of spaces in preprocessor indentation
Error (line 97): wrong number of spaces in preprocessor indentation
Error (line 98): wrong number of spaces in preprocessor indentation
Error (line 99): wrong number of spaces in preprocessor indentation
Error (line 100): wrong number of spaces in preprocessor indentation
Error (line 101): comment not well formatted
Error (line 102): comment not well formatted
Error (line 103): wrong number of spaces in preprocessor indentation
Error (line 104): wrong number of spaces in preprocessor indentation
Error (line 105): wrong number of spaces in preprocessor indentation
Error (line 106): wrong number of spaces in preprocessor indentation
Error (line 107): comment not well formatted
Error (line 108): comment not well formatted
Error (line 109): comment not well formatted
Error (line 110): comment not well formatted
Error (line 111): comment not well formatted
Error (line 112): wrong number of spaces in preprocessor indentation
Error (line 113): wrong number of spaces in preprocessor indentation
Error (line 114): wrong number of spaces in preprocessor indentation
Error (line 115): comment not well formatted
Error (line 116): comment not well formatted
Error (line 117): comment not well formatted
Error (line 118): comment not well formatted
Error (line 119): wrong number of spaces in preprocessor indentation
Error (line 120): wrong number of spaces in preprocessor indentation
Error (line 121): comment not well formatted
Error (line 122): comment not well formatted
Error (line 123): wrong number of spaces in preprocessor indentation
Error (line 124): wrong number of spaces in preprocessor indentation
Error (line 125): wrong number of spaces in preprocessor indentation
Error (line 126): wrong number of spaces in preprocessor indentation
Error (line 127): wrong number of spaces in preprocessor indentation
Error (line 128): wrong number of spaces in preprocessor indentation
Error (line 129): wrong number of spaces in preprocessor indentation
Error (line 130): comment not well formatted
Error (line 131): wrong number of spaces in preprocessor indentation
Error (line 132): comment not well formatted
Error (line 133): wrong number of spaces in preprocessor indentation
Error (line 134): comment not well formatted
Error (line 135): wrong number of spaces in preprocessor indentation
Error (line 136): comment not well formatted
Error (line 137): wrong number of spaces in preprocessor indentation
Error (line 138): wrong number of spaces in preprocessor indentation
Error (line 138): comment not well formatted
Error (line 139): wrong number of spaces in preprocessor indentation
Error (line 140): wrong number of spaces in preprocessor indentation
Error (line 141): wrong number of spaces in preprocessor indentation
Error (line 142): wrong number of spaces in preprocessor indentation
Error (line 143): wrong number of spaces in preprocessor indentation
Error (line 144): wrong number of spaces in preprocessor indentation
Error (line 145): wrong number of spaces in preprocessor indentation
Error (line 146): wrong number of spaces in preprocessor indentation
Error (line 147): wrong number of spaces in preprocessor indentation
Error (line 148): wrong number of spaces in preprocessor indentation
Error (line 149): wrong number of spaces in preprocessor indentation
Error (line 150): wrong number of spaces in preprocessor indentation
Error (line 151): wrong number of spaces in preprocessor indentation
Error (line 152): wrong number of spaces in preprocessor indentation
Error (line 153): wrong number of spaces in preprocessor indentation
Error (line 154): wrong number of spaces in preprocessor indentation
Error (line 155): wrong number of spaces in preprocessor indentation
Error (line 156): wrong number of spaces in preprocessor indentation
Error (line 157): wrong number of spaces in preprocessor indentation
Error (line 158): wrong number of spaces in preprocessor indentation
Error (line 159): wrong number of spaces in preprocessor indentation
Error (line 160): wrong number of spaces in preprocessor indentation
Error (line 161): wrong number of spaces in preprocessor indentation
Error (line 162): wrong number of spaces in preprocessor indentation
Error (line 163): wrong number of spaces in preprocessor indentation
Error (line 164): wrong number of spaces in preprocessor indentation
Error (line 165): wrong number of spaces in preprocessor indentation
Error (line 166): wrong number of spaces in preprocessor indentation
Error (line 167): wrong number of spaces in preprocessor indentation
Error (line 168): wrong number of spaces in preprocessor indentation
Error (line 169): wrong number of spaces in preprocessor indentation
Error (line 170): wrong number of spaces in preprocessor indentation
Error (line 171): wrong number of spaces in preprocessor indentation
Error (line 172): wrong number of spaces in preprocessor indentation
Error (line 173): wrong number of spaces in preprocessor indentation
Error (line 174): wrong number of spaces in preprocessor indentation
Error (line 175): comment not well formatted
Error (line 176): wrong number of spaces in preprocessor indentation
Error (line 177): comment not well formatted
Error (line 178): wrong number of spaces in preprocessor indentation
Error (line 179): wrong number of spaces in preprocessor indentation
Error (line 180): wrong number of spaces in preprocessor indentation
Error (line 181): wrong number of spaces in preprocessor indentation
Error (line 182): wrong number of spaces in preprocessor indentation
Error (line 183): wrong number of spaces in preprocessor indentation
Error (line 184): comment not well formatted
Error (line 185): comment not well formatted
Error (line 186): wrong number of spaces in preprocessor indentation
Error (line 187): wrong number of spaces in preprocessor indentation
Error (line 188): wrong number of spaces in preprocessor indentation
Error (line 189): comment not well formatted
Error (line 190): comment not well formatted
Error (line 191): comment not well formatted
Error (line 192): wrong number of spaces in preprocessor indentation
Error (line 194): wrong number of spaces in preprocessor indentation
Error (line 195): wrong number of spaces in preprocessor indentation
Error (line 196): wrong number of spaces in preprocessor indentation
Error (line 197): wrong number of spaces in preprocessor indentation
Error (line 198): wrong number of spaces in preprocessor indentation
Error (line 198): comment not well formatted
Error (line 200): comment not well formatted
Error (line 201): comment not well formatted
Error (line 202): comment not well formatted
Error (line 203): comment not well formatted
Error (line 204): wrong number of spaces in preprocessor indentation
Error (line 205): comment not well formatted
Error (line 206): comment not well formatted
Error (line 208): comment not well formatted
Error (line 209): comment not well formatted
Error (line 210): comment not well formatted
Error (line 211): comment not well formatted
Error (line 212): comment not well formatted
Error (line 213): comment not well formatted
Error (line 214): comment not well formatted
Error (line 215): comment not well formatted
Error (line 216): comment not well formatted
Error (line 217): comment not well formatted
Error (line 219): comment not well formatted
Error (line 220): comment not well formatted
Error (line 222): comment not well formatted
Error (line 223): comment not well formatted
Error (line 224): comment not well formatted
Error (line 225): comment not well formatted
Error (line 226): comment not well formatted
Error (line 227): comment not well formatted
Error (line 228): comment not well formatted
Error (line 229): comment not well formatted
Error (line 230): comment not well formatted
Error (line 231): comment not well formatted
Error (line 232): comment not well formatted
Error (line 233): comment not well formatted
Error (line 234): comment not well formatted
Error (line 235): comment not well formatted
Error (line 236): comment not well formatted
Error (line 237): comment not well formatted
Error (line 239): comment not well formatted
Error (line 240): comment not well formatted
Error (line 241): comment not well formatted
Error (line 242): comment not well formatted
Error (line 243): comment not well formatted
Error (line 244): comment not well formatted
Error (line 245): wrong number of spaces in preprocessor indentation
Error (line 246): wrong number of spaces in preprocessor indentation
Error (line 247): comment not well formatted
Error (line 248): wrong number of spaces in preprocessor indentation
Error (line 249): comment not well formatted
Error (line 250): comment not well formatted
Error (line 251): comment not well formatted
Error (line 252): comment not well formatted
Error (line 253): comment not well formatted
Error (line 254): comment not well formatted
Error (line 255): comment not well formatted
Error (line 256): comment not well formatted
Error (line 257): comment not well formatted
Error (line 258): comment not well formatted
Error (line 259): comment not well formatted
Error (line 260): comment not well formatted
Error (line 261): comment not well formatted
Error (line 262): comment not well formatted
Error (line 263): comment not well formatted
Error (line 264): comment not well formatted
Error (line 265): comment not well formatted
Error (line 266): comment not well formatted
Error (line 267): comment not well formatted
Error (line 268): comment not well formatted
Error (line 269): comment not well formatted
Error (line 270): comment not well formatted
Error (line 271): comment not well formatted
Error (line 273): comment not well formatted
Error (line 274): comment not well formatted
Error (line 275): comment not well formatted
Error (line 276): comment not well formatted
Error (line 277): comment not well formatted
Error (line 278): comment not well formatted
Error (line 279): comment not well formatted
Error (line 280): comment not well formatted
Error (line 281): wrong number of spaces in preprocessor indentation
Error (line 282): comment not well formatted
Error (line 283): comment not well formatted
Error (line 284): comment not well formatted
Error (line 285): comment not well formatted
Error (line 286): comment not well formatted
Error (line 287): wrong number of spaces in preprocessor indentation
Error (line 288): comment not well formatted
Error (line 289): comment not well formatted
Error (line 290): comment not well formatted
Error (line 291): comment not well formatted
Error (line 292): wrong number of spaces in preprocessor indentation
Error (line 293): comment not well formatted
Error (line 294): comment not well formatted
Error (line 296): comment not well formatted
Error (line 297): comment not well formatted
Error (line 298): wrong number of spaces in preprocessor indentation
Error (line 300): comment not well formatted
Error (line 301): wrong number of spaces in preprocessor indentation
Error (line 302): comment not well formatted
Error (line 303): comment not well formatted
Error (line 304): comment not well formatted
Error (line 306): comment not well formatted
Error (line 307): wrong number of spaces in preprocessor indentation
Error (line 308): wrong number of spaces in preprocessor indentation
Error (line 309): comment not well formatted
Error (line 310): comment not well formatted
Error (line 312): comment not well formatted
Error (line 313): comment not well formatted
Error (line 314): comment not well formatted
Error (line 315): wrong number of spaces in preprocessor indentation
Error (line 316): comment not well formatted
Error (line 318): comment not well formatted
Error (line 319): comment not well formatted
Error (line 320): wrong number of spaces in preprocessor indentation
Error (line 321): comment not well formatted
Error (line 322): comment not well formatted
Error (line 323): wrong number of spaces in preprocessor indentation
Error (line 324): comment not well formatted
Error (line 325): comment not well formatted
Error (line 326): comment not well formatted
Error (line 327): comment not well formatted
Error (line 328): comment not well formatted
Error (line 329): comment not well formatted
Error (line 330): comment not well formatted
Error (line 331): comment not well formatted
Error (line 332): comment not well formatted
Error (line 333): comment not well formatted
Error (line 334): comment not well formatted
Error (line 335): comment not well formatted
Error (line 336): comment not well formatted
Error (line 337): comment not well formatted
Error (line 338): comment not well formatted
Error (line 339): comment not well formatted
Error (line 340): comment not well formatted
Error (line 341): comment not well formatted
Error (line 342): comment not well formatted
Error (line 343): comment not well formatted
Error (line 344): comment not well formatted
Error (line 345): comment not well formatted
Error (line 346): comment not well formatted
Error (line 347): comment not well formatted
Error (line 348): comment not well formatted
Error (line 349): comment not well formatted
Error (line 350): comment not well formatted
Error (line 351): comment not well formatted
Error (line 352): comment not well formatted
Error (line 353): comment not well formatted
Error (line 354): comment not well formatted
Error (line 355): comment not well formatted
Error (line 356): comment not well formatted
Error (line 357): comment not well formatted
Error (line 358): comment not well formatted
Error (line 359): comment not well formatted
Error (line 360): comment not well formatted
Error (line 361): comment not well formatted
Error (line 362): comment not well formatted
Error (line 363): comment not well formatted
Error (line 364): comment not well formatted
Error (line 366): comment not well formatted
Error (line 367): comment not well formatted
Error (line 368): wrong number of spaces in preprocessor indentation
Error (line 369): comment not well formatted
Error (line 370): wrong number of spaces in preprocessor indentation
Error (line 371): comment not well formatted
Error (line 372): wrong number of spaces in preprocessor indentation
Error (line 374): comment not well formatted
Error (line 375): wrong number of spaces in preprocessor indentation
Error (line 376): comment not well formatted
Error (line 377): wrong number of spaces in preprocessor indentation
Error (line 378): comment not well formatted
Error (line 379): wrong number of spaces in preprocessor indentation
Error (line 380): wrong number of spaces in preprocessor indentation
Error (line 381): comment not well formatted
Error (line 382): comment not well formatted
Error (line 383): comment not well formatted
Error (line 384): comment not well formatted
Error (line 386): comment not well formatted
Error (line 387): wrong number of spaces in preprocessor indentation
Error (line 389): comment not well formatted
Error (line 390): comment not well formatted
Error (line 391): comment not well formatted
Error (line 392): wrong number of spaces in preprocessor indentation
Error (line 393): comment not well formatted
Error (line 394): comment not well formatted
Error (line 395): comment not well formatted
Error (line 396): comment not well formatted
Error (line 398): comment not well formatted
Error (line 399): comment not well formatted
Error (line 400): wrong number of spaces in preprocessor indentation
Error (line 401): comment not well formatted
Error (line 402): comment not well formatted
Error (line 403): comment not well formatted
Error (line 404): comment not well formatted
Error (line 405): comment not well formatted
Error (line 406): comment not well formatted
Error (line 408): comment not well formatted
Error (line 409): wrong number of spaces in preprocessor indentation
Error (line 410): comment not well formatted
Error (line 412): comment not well formatted
Error (line 413): comment not well formatted
Error (line 415): comment not well formatted
Error (line 416): comment not well formatted
Error (line 418): comment not well formatted
Error (line 419): comment not well formatted
Error (line 421): comment not well formatted
Norme: ./include/SDL2/SDL_gamecontroller.h
Warning: /Users/sbrella/Desktop/RT/include/SDL2/SDL_gamecontroller.h may not compile or is invalid for some reasons.
Norme: ./include/SDL2/SDL_events.h
Warning: /Users/sbrella/Desktop/RT/include/SDL2/SDL_events.h may not compile or is invalid for some reasons.
Norme: ./include/SDL2/SDL_gesture.h
Warning: /Users/sbrella/Desktop/RT/include/SDL2/SDL_gesture.h may not compile or is invalid for some reasons.
Norme: ./include/SDL2/SDL_joystick.h
Warning: /Users/sbrella/Desktop/RT/include/SDL2/SDL_joystick.h may not compile or is invalid for some reasons.
Norme: ./include/SDL2/SDL_keyboard.h
Warning: /Users/sbrella/Desktop/RT/include/SDL2/SDL_keyboard.h may not compile or is invalid for some reasons.
Norme: ./include/SDL2/SDL_haptic.h
Warning: /Users/sbrella/Desktop/RT/include/SDL2/SDL_haptic.h may not compile or is invalid for some reasons.
Norme: ./include/SDL2/SDL_loadso.h
Warning: /Users/sbrella/Desktop/RT/include/SDL2/SDL_loadso.h may not compile or is invalid for some reasons.
Norme: ./include/SDL2/SDL_log.h
Warning: /Users/sbrella/Desktop/RT/include/SDL2/SDL_log.h may not compile or is invalid for some reasons.
Norme: ./include/SDL2/SDL_main.h
Warning: /Users/sbrella/Desktop/RT/include/SDL2/SDL_main.h may not compile or is invalid for some reasons.
Norme: ./include/SDL2/SDL_messagebox.h
Warning: /Users/sbrella/Desktop/RT/include/SDL2/SDL_messagebox.h may not compile or is invalid for some reasons.
Norme: ./include/SDL2/SDL_keycode.h
Error: bad filename : SDL_keycode.h
Error: has double inclusion protection but not with the good define name
Error: 42 header not at top of the file
Error (line 22): comment not well formatted
Error (line 29): define not upcase
Error (line 29): wrong number of spaces in preprocessor indentation
Error (line 31): wrong number of spaces in preprocessor indentation
Error (line 32): wrong number of spaces in preprocessor indentation
Error (line 34): comment not well formatted
Error (line 45): must have tabulations between Sint32 and SDL_Keycode
Error (line 45, col 15): SDL_Keycode have not a good prefix.
Error (line 45, col 15): SDL_Keycode not unixcase
Error (line 47): wrong number of spaces in preprocessor indentation
Error (line 48): wrong number of spaces in preprocessor indentation
Error (line 52): bad indentation
Error (line 52): must begin only by tabulations
Error (line 54): bad indentation
Error (line 54): must begin only by tabulations
Error (line 55): bad indentation
Error (line 55): must begin only by tabulations
Error (line 56): bad indentation
Error (line 56): must begin only by tabulations
Error (line 57): bad indentation
Error (line 57): must begin only by tabulations
Error (line 58): bad indentation
Error (line 58): must begin only by tabulations
Error (line 59): bad indentation
Error (line 59): must begin only by tabulations
Error (line 60): bad indentation
Error (line 60): must begin only by tabulations
Error (line 61): bad indentation
Error (line 61): must begin only by tabulations
Error (line 62): bad indentation
Error (line 62): must begin only by tabulations
Error (line 63): bad indentation
Error (line 63): must begin only by tabulations
Error (line 64): bad indentation
Error (line 64): must begin only by tabulations
Error (line 65): bad indentation
Error (line 65): must begin only by tabulations
Error (line 66): bad indentation
Error (line 66): must begin only by tabulations
Error (line 67): bad indentation
Error (line 67): must begin only by tabulations
Error (line 68): bad indentation
Error (line 68): must begin only by tabulations
Error (line 69): bad indentation
Error (line 69): must begin only by tabulations
Error (line 70): bad indentation
Error (line 70): must begin only by tabulations
Error (line 71): bad indentation
Error (line 71): must begin only by tabulations
Error (line 72): bad indentation
Error (line 72): must begin only by tabulations
Error (line 73): bad indentation
Error (line 73): must begin only by tabulations
Error (line 74): bad indentation
Error (line 74): must begin only by tabulations
Error (line 75): bad indentation
Error (line 75): must begin only by tabulations
Error (line 76): bad indentation
Error (line 76): must begin only by tabulations
Error (line 77): bad indentation
Error (line 77): must begin only by tabulations
Error (line 78): bad indentation
Error (line 78): must begin only by tabulations
Error (line 79): bad indentation
Error (line 79): must begin only by tabulations
Error (line 80): bad indentation
Error (line 80): must begin only by tabulations
Error (line 81): bad indentation
Error (line 81): must begin only by tabulations
Error (line 82): bad indentation
Error (line 82): must begin only by tabulations
Error (line 83): bad indentation
Error (line 83): must begin only by tabulations
Error (line 84): bad indentation
Error (line 84): must begin only by tabulations
Error (line 85): bad indentation
Error (line 85): must begin only by tabulations
Error (line 86): bad indentation
Error (line 86): must begin only by tabulations
Error (line 87): bad indentation
Error (line 87): must begin only by tabulations
Error (line 88): bad indentation
Error (line 88): must begin only by tabulations
Error (line 89): bad indentation
Error (line 89): must begin only by tabulations
Error (line 90): bad indentation
Error (line 90): must begin only by tabulations
Error (line 91): bad indentation
Error (line 91): comment not well placed
Error (line 91): comment not well formatted
Error (line 91): must begin only by tabulations
Error (line 94): bad indentation
Error (line 94): must begin only by tabulations
Error (line 95): bad indentation
Error (line 95): must begin only by tabulations
Error (line 96): bad indentation
Error (line 96): must begin only by tabulations
Error (line 97): bad indentation
Error (line 97): must begin only by tabulations
Error (line 98): bad indentation
Error (line 98): must begin only by tabulations
Error (line 99): bad indentation
Error (line 99): must begin only by tabulations
Error (line 100): bad indentation
Error (line 100): must begin only by tabulations
Error (line 101): bad indentation
Error (line 101): must begin only by tabulations
Error (line 102): bad indentation
Error (line 102): must begin only by tabulations
Error (line 103): bad indentation
Error (line 103): must begin only by tabulations
Error (line 104): bad indentation
Error (line 104): must begin only by tabulations
Error (line 105): bad indentation
Error (line 105): must begin only by tabulations
Error (line 106): bad indentation
Error (line 106): must begin only by tabulations
Error (line 107): bad indentation
Error (line 107): must begin only by tabulations
Error (line 108): bad indentation
Error (line 108): must begin only by tabulations
Error (line 109): bad indentation
Error (line 109): must begin only by tabulations
Error (line 110): bad indentation
Error (line 110): must begin only by tabulations
Error (line 111): bad indentation
Error (line 111): must begin only by tabulations
Error (line 112): bad indentation
Error (line 112): must begin only by tabulations
Error (line 113): bad indentation
Error (line 113): must begin only by tabulations
Error (line 114): bad indentation
Error (line 114): must begin only by tabulations
Error (line 115): bad indentation
Error (line 115): must begin only by tabulations
Error (line 116): bad indentation
Error (line 116): must begin only by tabulations
Error (line 117): bad indentation
Error (line 117): must begin only by tabulations
Error (line 118): bad indentation
Error (line 118): must begin only by tabulations
Error (line 119): bad indentation
Error (line 119): must begin only by tabulations
Error (line 120): bad indentation
Error (line 120): must begin only by tabulations
Error (line 121): bad indentation
Error (line 121): must begin only by tabulations
Error (line 122): bad indentation
Error (line 122): must begin only by tabulations
Error (line 123): bad indentation
Error (line 123): must begin only by tabulations
Error (line 124): bad indentation
Error (line 124): must begin only by tabulations
Error (line 125): bad indentation
Error (line 125): must begin only by tabulations
Error (line 127): bad indentation
Error (line 127): must begin only by tabulations
Error (line 129): bad indentation
Error (line 129): must begin only by tabulations
Error (line 130): bad indentation
Error (line 130): must begin only by tabulations
Error (line 131): bad indentation
Error (line 131): must begin only by tabulations
Error (line 132): bad indentation
Error (line 132): must begin only by tabulations
Error (line 133): bad indentation
Error (line 133): must begin only by tabulations
Error (line 134): bad indentation
Error (line 134): must begin only by tabulations
Error (line 135): bad indentation
Error (line 135): must begin only by tabulations
Error (line 136): bad indentation
Error (line 136): must begin only by tabulations
Error (line 137): bad indentation
Error (line 137): must begin only by tabulations
Error (line 138): bad indentation
Error (line 138): must begin only by tabulations
Error (line 139): bad indentation
Error (line 139): must begin only by tabulations
Error (line 140): bad indentation
Error (line 140): must begin only by tabulations
Error (line 142): bad indentation
Error (line 142): must begin only by tabulations
Error (line 143): bad indentation
Error (line 143): must begin only by tabulations
Error (line 144): bad indentation
Error (line 144): must begin only by tabulations
Error (line 145): bad indentation
Error (line 145): must begin only by tabulations
Error (line 146): bad indentation
Error (line 146): must begin only by tabulations
Error (line 147): bad indentation
Error (line 147): must begin only by tabulations
Error (line 148): bad indentation
Error (line 148): must begin only by tabulations
Error (line 149): bad indentation
Error (line 149): must begin only by tabulations
Error (line 150): bad indentation
Error (line 150): must begin only by tabulations
Error (line 151): bad indentation
Error (line 151): must begin only by tabulations
Error (line 152): bad indentation
Error (line 152): must begin only by tabulations
Error (line 153): bad indentation
Error (line 153): must begin only by tabulations
Error (line 154): bad indentation
Error (line 154): must begin only by tabulations
Error (line 156): bad indentation
Error (line 156): must begin only by tabulations
Error (line 157): bad indentation
Error (line 157): must begin only by tabulations
Error (line 158): bad indentation
Error (line 158): must begin only by tabulations
Error (line 159): bad indentation
Error (line 159): must begin only by tabulations
Error (line 160): bad indentation
Error (line 160): must begin only by tabulations
Error (line 161): bad indentation
Error (line 161): must begin only by tabulations
Error (line 162): bad indentation
Error (line 162): must begin only by tabulations
Error (line 163): bad indentation
Error (line 163): must begin only by tabulations
Error (line 164): bad indentation
Error (line 164): must begin only by tabulations
Error (line 165): bad indentation
Error (line 165): must begin only by tabulations
Error (line 166): bad indentation
Error (line 166): must begin only by tabulations
Error (line 167): bad indentation
Error (line 167): must begin only by tabulations
Error (line 168): bad indentation
Error (line 168): must begin only by tabulations
Error (line 169): bad indentation
Error (line 169): must begin only by tabulations
Error (line 170): bad indentation
Error (line 170): must begin only by tabulations
Error (line 171): bad indentation
Error (line 171): must begin only by tabulations
Error (line 172): bad indentation
Error (line 172): must begin only by tabulations
Error (line 174): bad indentation
Error (line 174): must begin only by tabulations
Error (line 175): bad indentation
Error (line 175): must begin only by tabulations
Error (line 176): bad indentation
Error (line 176): must begin only by tabulations
Error (line 177): bad indentation
Error (line 177): must begin only by tabulations
Error (line 178): bad indentation
Error (line 178): must begin only by tabulations
Error (line 179): bad indentation
Error (line 179): must begin only by tabulations
Error (line 180): bad indentation
Error (line 180): must begin only by tabulations
Error (line 181): bad indentation
Error (line 181): must begin only by tabulations
Error (line 182): bad indentation
Error (line 182): must begin only by tabulations
Error (line 183): bad indentation
Error (line 183): must begin only by tabulations
Error (line 184): bad indentation
Error (line 184): must begin only by tabulations
Error (line 185): bad indentation
Error (line 185): must begin only by tabulations
Error (line 186): bad indentation
Error (line 186): must begin only by tabulations
Error (line 187): bad indentation
Error (line 187): must begin only by tabulations
Error (line 188): bad indentation
Error (line 188): must begin only by tabulations
Error (line 189): bad indentation
Error (line 189): must begin only by tabulations
Error (line 190): bad indentation
Error (line 190): must begin only by tabulations
Error (line 191): bad indentation
Error (line 191): must begin only by tabulations
Error (line 192): bad indentation
Error (line 192): must begin only by tabulations
Error (line 193): bad indentation
Error (line 193): must begin only by tabulations
Error (line 194): bad indentation
Error (line 194): must begin only by tabulations
Error (line 195): bad indentation
Error (line 195): must begin only by tabulations
Error (line 196): bad indentation
Error (line 196): must begin only by tabulations
Error (line 197): bad indentation
Error (line 197): must begin only by tabulations
Error (line 198): bad indentation
Error (line 198): must begin only by tabulations
Error (line 199): bad indentation
Error (line 199): must begin only by tabulations
Error (line 200): bad indentation
Error (line 200): must begin only by tabulations
Error (line 201): bad indentation
Error (line 201): must begin only by tabulations
Error (line 202): bad indentation
Error (line 202): must begin only by tabulations
Error (line 203): bad indentation
Error (line 203): must begin only by tabulations
Error (line 204): bad indentation
Error (line 204): must begin only by tabulations
Error (line 205): bad indentation
Error (line 205): must begin only by tabulations
Error (line 207): bad indentation
Error (line 207): must begin only by tabulations
Error (line 208): bad indentation
Error (line 208): must begin only by tabulations
Error (line 209): bad indentation
Error (line 209): must begin only by tabulations
Error (line 210): bad indentation
Error (line 210): must begin only by tabulations
Error (line 211): bad indentation
Error (line 211): must begin only by tabulations
Error (line 212): bad indentation
Error (line 212): must begin only by tabulations
Error (line 213): bad indentation
Error (line 213): must begin only by tabulations
Error (line 214): bad indentation
Error (line 214): must begin only by tabulations
Error (line 215): bad indentation
Error (line 215): must begin only by tabulations
Error (line 216): bad indentation
Error (line 216): must begin only by tabulations
Error (line 217): bad indentation
Error (line 217): must begin only by tabulations
Error (line 218): bad indentation
Error (line 218): must begin only by tabulations
Error (line 220): bad indentation
Error (line 220): must begin only by tabulations
Error (line 221): bad indentation
Error (line 221): must begin only by tabulations
Error (line 222): bad indentation
Error (line 222): must begin only by tabulations
Error (line 223): bad indentation
Error (line 223): must begin only by tabulations
Error (line 224): bad indentation
Error (line 224): must begin only by tabulations
Error (line 225): bad indentation
Error (line 225): must begin only by tabulations
Error (line 226): bad indentation
Error (line 226): must begin only by tabulations
Error (line 227): bad indentation
Error (line 227): must begin only by tabulations
Error (line 228): bad indentation
Error (line 228): must begin only by tabulations
Error (line 229): bad indentation
Error (line 229): must begin only by tabulations
Error (line 230): bad indentation
Error (line 230): must begin only by tabulations
Error (line 231): bad indentation
Error (line 231): must begin only by tabulations
Error (line 232): bad indentation
Error (line 232): must begin only by tabulations
Error (line 233): bad indentation
Error (line 233): must begin only by tabulations
Error (line 234): bad indentation
Error (line 234): must begin only by tabulations
Error (line 235): bad indentation
Error (line 235): must begin only by tabulations
Error (line 236): bad indentation
Error (line 236): must begin only by tabulations
Error (line 237): bad indentation
Error (line 237): must begin only by tabulations
Error (line 238): bad indentation
Error (line 238): must begin only by tabulations
Error (line 239): bad indentation
Error (line 239): must begin only by tabulations
Error (line 240): bad indentation
Error (line 240): must begin only by tabulations
Error (line 241): bad indentation
Error (line 241): must begin only by tabulations
Error (line 242): bad indentation
Error (line 242): must begin only by tabulations
Error (line 243): bad indentation
Error (line 243): must begin only by tabulations
Error (line 244): bad indentation
Error (line 244): must begin only by tabulations
Error (line 245): bad indentation
Error (line 245): must begin only by tabulations
Error (line 246): bad indentation
Error (line 246): must begin only by tabulations
Error (line 247): bad indentation
Error (line 247): must begin only by tabulations
Error (line 248): bad indentation
Error (line 248): must begin only by tabulations
Error (line 249): bad indentation
Error (line 249): must begin only by tabulations
Error (line 250): bad indentation
Error (line 250): must begin only by tabulations
Error (line 251): bad indentation
Error (line 251): must begin only by tabulations
Error (line 252): bad indentation
Error (line 252): must begin only by tabulations
Error (line 253): bad indentation
Error (line 253): must begin only by tabulations
Error (line 254): bad indentation
Error (line 254): must begin only by tabulations
Error (line 255): bad indentation
Error (line 255): must begin only by tabulations
Error (line 256): bad indentation
Error (line 256): must begin only by tabulations
Error (line 257): bad indentation
Error (line 257): must begin only by tabulations
Error (line 258): bad indentation
Error (line 258): must begin only by tabulations
Error (line 259): bad indentation
Error (line 259): must begin only by tabulations
Error (line 260): bad indentation
Error (line 260): must begin only by tabulations
Error (line 261): bad indentation
Error (line 261): must begin only by tabulations
Error (line 262): bad indentation
Error (line 262): must begin only by tabulations
Error (line 263): bad indentation
Error (line 263): must begin only by tabulations
Error (line 264): bad indentation
Error (line 264): must begin only by tabulations
Error (line 265): bad indentation
Error (line 265): must begin only by tabulations
Error (line 266): bad indentation
Error (line 266): must begin only by tabulations
Error (line 267): bad indentation
Error (line 267): must begin only by tabulations
Error (line 268): bad indentation
Error (line 268): must begin only by tabulations
Error (line 269): bad indentation
Error (line 269): must begin only by tabulations
Error (line 270): bad indentation
Error (line 270): must begin only by tabulations
Error (line 271): bad indentation
Error (line 271): must begin only by tabulations
Error (line 272): bad indentation
Error (line 272): must begin only by tabulations
Error (line 273): bad indentation
Error (line 273): must begin only by tabulations
Error (line 274): bad indentation
Error (line 274): must begin only by tabulations
Error (line 276): bad indentation
Error (line 276): must begin only by tabulations
Error (line 277): bad indentation
Error (line 277): must begin only by tabulations
Error (line 278): bad indentation
Error (line 278): must begin only by tabulations
Error (line 279): bad indentation
Error (line 279): must begin only by tabulations
Error (line 280): bad indentation
Error (line 280): must begin only by tabulations
Error (line 281): bad indentation
Error (line 281): must begin only by tabulations
Error (line 282): bad indentation
Error (line 282): must begin only by tabulations
Error (line 283): bad indentation
Error (line 283): must begin only by tabulations
Error (line 285): bad indentation
Error (line 285): must begin only by tabulations
Error (line 287): bad indentation
Error (line 287): must begin only by tabulations
Error (line 288): bad indentation
Error (line 288): must begin only by tabulations
Error (line 289): bad indentation
Error (line 289): must begin only by tabulations
Error (line 290): bad indentation
Error (line 290): must begin only by tabulations
Error (line 291): bad indentation
Error (line 291): must begin only by tabulations
Error (line 292): bad indentation
Error (line 292): must begin only by tabulations
Error (line 293): bad indentation
Error (line 293): must begin only by tabulations
Error (line 294): bad indentation
Error (line 294): must begin only by tabulations
Error (line 295): bad indentation
Error (line 295): must begin only by tabulations
Error (line 296): bad indentation
Error (line 296): must begin only by tabulations
Error (line 297): bad indentation
Error (line 297): must begin only by tabulations
Error (line 298): bad indentation
Error (line 298): must begin only by tabulations
Error (line 299): bad indentation
Error (line 299): must begin only by tabulations
Error (line 300): bad indentation
Error (line 300): must begin only by tabulations
Error (line 301): bad indentation
Error (line 301): must begin only by tabulations
Error (line 302): bad indentation
Error (line 302): must begin only by tabulations
Error (line 303): bad indentation
Error (line 303): must begin only by tabulations
Error (line 305): bad indentation
Error (line 305): must begin only by tabulations
Error (line 306): bad indentation
Error (line 306): must begin only by tabulations
Error (line 307): bad indentation
Error (line 307): must begin only by tabulations
Error (line 308): bad indentation
Error (line 308): must begin only by tabulations
Error (line 309): bad indentation
Error (line 309): must begin only by tabulations
Error (line 310): bad indentation
Error (line 310): must begin only by tabulations
Error (line 311): bad indentation
Error (line 311): must begin only by tabulations
Error (line 312): bad indentation
Error (line 312): must begin only by tabulations
Error (line 313): bad indentation
Error (line 313): must begin only by tabulations
Error (line 314): bad indentation
Error (line 314): must begin only by tabulations
Error (line 315): bad indentation
Error (line 315): must begin only by tabulations
Error (line 316): bad indentation
Error (line 316): must begin only by tabulations
Error (line 318): bad indentation
Error (line 318): must begin only by tabulations
Error (line 319): bad indentation
Error (line 319): line has 83 characters
Error (line 319): must begin only by tabulations
Error (line 322): comment not well formatted
Error (line 327): KMOD_NONE and SDL_Keymod not aligned.
Error (line 327): bad indentation
Error (line 327): must begin only by tabulations
Error (line 328): bad indentation
Error (line 328): must begin only by tabulations
Error (line 329): bad indentation
Error (line 329): must begin only by tabulations
Error (line 330): bad indentation
Error (line 330): must begin only by tabulations
Error (line 331): bad indentation
Error (line 331): must begin only by tabulations
Error (line 332): bad indentation
Error (line 332): must begin only by tabulations
Error (line 333): bad indentation
Error (line 333): must begin only by tabulations
Error (line 334): bad indentation
Error (line 334): must begin only by tabulations
Error (line 335): bad indentation
Error (line 335): must begin only by tabulations
Error (line 336): bad indentation
Error (line 336): must begin only by tabulations
Error (line 337): bad indentation
Error (line 337): must begin only by tabulations
Error (line 338): bad indentation
Error (line 338): must begin only by tabulations
Error (line 339): bad indentation
Error (line 339): must begin only by tabulations
Error (line 340, col 2): SDL_Keymod have not a good prefix.
Error (line 340, col 2): SDL_Keymod not unixcase
Error (line 342): wrong number of spaces in preprocessor indentation
Error (line 343): wrong number of spaces in preprocessor indentation
Error (line 344): wrong number of spaces in preprocessor indentation
Error (line 345): wrong number of spaces in preprocessor indentation
Error (line 347): comment not well formatted
Error (line 349): comment not well formatted
Norme: ./include/SDL2/SDL_mutex.h
Warning: /Users/sbrella/Desktop/RT/include/SDL2/SDL_mutex.h may not compile or is invalid for some reasons.
Norme: ./include/SDL2/SDL_name.h
Error: bad filename : SDL_name.h
Error: has double inclusion protection but not with the good define name
Error: 42 header not at top of the file
Error (line 23): define not upcase
Error (line 23): wrong number of spaces in preprocessor indentation
Error (line 25): wrong number of spaces in preprocessor indentation
Error (line 26): define not upcase
Error (line 26): wrong number of spaces in preprocessor indentation
Error (line 27): wrong number of spaces in preprocessor indentation
Error (line 29): wrong number of spaces in preprocessor indentation
Error (line 31): comment not well formatted
Error (line 33): comment not well formatted
Norme: ./include/SDL2/SDL_opengl.h
Warning: /Users/sbrella/Desktop/RT/include/SDL2/SDL_opengl.h may not compile or is invalid for some reasons.
Norme: ./include/SDL2/SDL_egl.h
Warning: /Users/sbrella/Desktop/RT/include/SDL2/SDL_egl.h may not compile or is invalid for some reasons.
Norme: ./include/SDL2/SDL_hints.h
Warning: /Users/sbrella/Desktop/RT/include/SDL2/SDL_hints.h may not compile or is invalid for some reasons.
Norme: ./include/SDL2/SDL_mouse.h
Warning: /Users/sbrella/Desktop/RT/include/SDL2/SDL_mouse.h may not compile or is invalid for some reasons.
Norme: ./include/SDL2/SDL_opengles.h
Error: bad filename : SDL_opengles.h
Error: has double inclusion protection but not with the good define name
Error: 42 header not at top of the file
Error (line 22): comment not well formatted
Error (line 30): wrong number of spaces in preprocessor indentation
Error (line 31): wrong number of spaces in preprocessor indentation
Error (line 33): wrong number of spaces in preprocessor indentation
Error (line 34): wrong number of spaces in preprocessor indentation
Error (line 38): wrong number of spaces in preprocessor indentation
Norme: ./include/SDL2/SDL_opengles2.h
Error: bad filename : SDL_opengles2.h
Error: not protected against double inclusion
Error: 42 header not at top of the file
Error (line 22): comment not well formatted
Error (line 31): wrong number of spaces in preprocessor indentation
Error (line 32): wrong number of spaces in preprocessor indentation
Error (line 33): wrong number of spaces in preprocessor indentation
Error (line 34): wrong number of spaces in preprocessor indentation
Error (line 35): wrong number of spaces in preprocessor indentation
Error (line 36): wrong number of spaces in preprocessor indentation
Error (line 37): wrong number of spaces in preprocessor indentation
Error (line 38): wrong number of spaces in preprocessor indentation
Error (line 40): comment not well formatted
Error (line 42): comment not well formatted
Error (line 43): wrong number of spaces in preprocessor indentation
Error (line 44): wrong number of spaces in preprocessor indentation
Error (line 45): wrong number of spaces in preprocessor indentation
Error (line 46): wrong number of spaces in preprocessor indentation
Error (line 48): comment not well formatted
Error (line 51): wrong number of spaces in preprocessor indentation
Norme: ./include/SDL2/SDL_opengles2_gl2platform.h
Error: bad filename : SDL_opengles2_gl2platform.h
Error: has double inclusion protection but not with the good define name
Error: 42 header not at top of the file
Error (line 2): define not upcase
Error (line 2): wrong number of spaces in preprocessor indentation
Error (line 20): comment not well formatted
Error (line 22): wrong number of spaces in preprocessor indentation
Error (line 23): wrong number of spaces in preprocessor indentation
Error (line 24): wrong number of spaces in preprocessor indentation
Error (line 26): wrong number of spaces in preprocessor indentation
Error (line 27): wrong number of spaces in preprocessor indentation
Error (line 28): wrong number of spaces in preprocessor indentation
Error (line 30): comment not well formatted
Norme: ./include/SDL2/SDL_opengles2_gl2.h
Warning: /Users/sbrella/Desktop/RT/include/SDL2/SDL_opengles2_gl2.h may not compile or is invalid for some reasons.
Norme: ./include/SDL2/SDL_opengles2_khrplatform.h
Warning: /Users/sbrella/Desktop/RT/include/SDL2/SDL_opengles2_khrplatform.h may not compile or is invalid for some reasons.
Norme: ./include/SDL2/SDL_pixels.h
Warning: /Users/sbrella/Desktop/RT/include/SDL2/SDL_pixels.h may not compile or is invalid for some reasons.
Norme: ./include/SDL2/SDL_power.h
Warning: /Users/sbrella/Desktop/RT/include/SDL2/SDL_power.h may not compile or is invalid for some reasons.
Norme: ./include/SDL2/SDL_quit.h
Error: bad filename : SDL_quit.h
Error: has double inclusion protection but not with the good define name
Error: 42 header not at top of the file
Error (line 22): comment not well formatted
Error (line 29): define not upcase
Error (line 29): wrong number of spaces in preprocessor indentation
Error (line 31): wrong number of spaces in preprocessor indentation
Error (line 32): wrong number of spaces in preprocessor indentation
Error (line 34): comment not well formatted
Error (line 37): line has 82 characters
Error (line 53): comment not well formatted
Error (line 55): define not upcase
Error (line 55): multiline define
Error (line 55): wrong number of spaces in preprocessor indentation
Error (line 56): line has 89 characters
Error (line 58): comment not well formatted
Norme: ./include/SDL2/SDL_rect.h
Warning: /Users/sbrella/Desktop/RT/include/SDL2/SDL_rect.h may not compile or is invalid for some reasons.
Norme: ./include/SDL2/SDL_opengles2_gl2ext.h
Warning: /Users/sbrella/Desktop/RT/include/SDL2/SDL_opengles2_gl2ext.h may not compile or is invalid for some reasons.
Norme: ./include/SDL2/SDL_revision.h
Error: bad filename : SDL_revision.h
Error: not protected against double inclusion
Error: 42 header not at top of the file
Norme: ./include/SDL2/SDL_rwops.h
Warning: /Users/sbrella/Desktop/RT/include/SDL2/SDL_rwops.h may not compile or is invalid for some reasons.
Norme: ./include/SDL2/SDL_render.h
Warning: /Users/sbrella/Desktop/RT/include/SDL2/SDL_render.h may not compile or is invalid for some reasons.
Norme: ./include/SDL2/SDL_scancode.h
Error: bad filename : SDL_scancode.h
Error: has double inclusion protection but not with the good define name
Error: 42 header not at top of the file
Error (line 22): comment not well formatted
Error (line 29): define not upcase
Error (line 29): wrong number of spaces in preprocessor indentation
Error (line 31): wrong number of spaces in preprocessor indentation
Error (line 33): comment not well formatted
Error (line 45): SDL_SCANCODE_UNKNOWN and SDL_Scancode not aligned.
Error (line 45): bad indentation
Error (line 45): must begin only by tabulations
Error (line 47): bad indentation
Error (line 47): comment not well placed
Error (line 47): comment not well formatted
Error (line 47): must begin only by tabulations
Error (line 52): bad indentation
Error (line 52): comment not well placed
Error (line 52): comment not well formatted
Error (line 52): must begin only by tabulations
Error (line 54): bad indentation
Error (line 54): must begin only by tabulations
Error (line 55): bad indentation
Error (line 55): must begin only by tabulations
Error (line 56): bad indentation
Error (line 56): must begin only by tabulations
Error (line 57): bad indentation
Error (line 57): must begin only by tabulations
Error (line 58): bad indentation
Error (line 58): must begin only by tabulations
Error (line 59): bad indentation
Error (line 59): must begin only by tabulations
Error (line 60): bad indentation
Error (line 60): must begin only by tabulations
Error (line 61): bad indentation
Error (line 61): must begin only by tabulations
Error (line 62): bad indentation
Error (line 62): must begin only by tabulations
Error (line 63): bad indentation
Error (line 63): must begin only by tabulations
Error (line 64): bad indentation
Error (line 64): must begin only by tabulations
Error (line 65): bad indentation
Error (line 65): must begin only by tabulations
Error (line 66): bad indentation
Error (line 66): must begin only by tabulations
Error (line 67): bad indentation
Error (line 67): must begin only by tabulations
Error (line 68): bad indentation
Error (line 68): must begin only by tabulations
Error (line 69): bad indentation
Error (line 69): must begin only by tabulations
Error (line 70): bad indentation
Error (line 70): must begin only by tabulations
Error (line 71): bad indentation
Error (line 71): must begin only by tabulations
Error (line 72): bad indentation
Error (line 72): must begin only by tabulations
Error (line 73): bad indentation
Error (line 73): must begin only by tabulations
Error (line 74): bad indentation
Error (line 74): must begin only by tabulations
Error (line 75): bad indentation
Error (line 75): must begin only by tabulations
Error (line 76): bad indentation
Error (line 76): must begin only by tabulations
Error (line 77): bad indentation
Error (line 77): must begin only by tabulations
Error (line 78): bad indentation
Error (line 78): must begin only by tabulations
Error (line 79): bad indentation
Error (line 79): must begin only by tabulations
Error (line 81): bad indentation
Error (line 81): must begin only by tabulations
Error (line 82): bad indentation
Error (line 82): must begin only by tabulations
Error (line 83): bad indentation
Error (line 83): must begin only by tabulations
Error (line 84): bad indentation
Error (line 84): must begin only by tabulations
Error (line 85): bad indentation
Error (line 85): must begin only by tabulations
Error (line 86): bad indentation
Error (line 86): must begin only by tabulations
Error (line 87): bad indentation
Error (line 87): must begin only by tabulations
Error (line 88): bad indentation
Error (line 88): must begin only by tabulations
Error (line 89): bad indentation
Error (line 89): must begin only by tabulations
Error (line 90): bad indentation
Error (line 90): must begin only by tabulations
Error (line 92): bad indentation
Error (line 92): must begin only by tabulations
Error (line 93): bad indentation
Error (line 93): must begin only by tabulations
Error (line 94): bad indentation
Error (line 94): must begin only by tabulations
Error (line 95): bad indentation
Error (line 95): must begin only by tabulations
Error (line 96): bad indentation
Error (line 96): must begin only by tabulations
Error (line 98): bad indentation
Error (line 98): must begin only by tabulations
Error (line 99): bad indentation
Error (line 99): must begin only by tabulations
Error (line 100): bad indentation
Error (line 100): must begin only by tabulations
Error (line 101): bad indentation
Error (line 101): must begin only by tabulations
Error (line 102): bad indentation
Error (line 102): comment not well placed
Error (line 102): comment not well formatted
Error (line 102): must begin only by tabulations
Error (line 116): bad indentation
Error (line 116): comment not well placed
Error (line 116): comment not well formatted
Error (line 116): must begin only by tabulations
Error (line 128): bad indentation
Error (line 128): must begin only by tabulations
Error (line 129): bad indentation
Error (line 129): must begin only by tabulations
Error (line 130): bad indentation
Error (line 130): comment not well placed
Error (line 130): comment not well formatted
Error (line 130): must begin only by tabulations
Error (line 147): bad indentation
Error (line 147): must begin only by tabulations
Error (line 148): bad indentation
Error (line 148): must begin only by tabulations
Error (line 149): bad indentation
Error (line 149): must begin only by tabulations
Error (line 151): bad indentation
Error (line 151): must begin only by tabulations
Error (line 153): bad indentation
Error (line 153): must begin only by tabulations
Error (line 154): bad indentation
Error (line 154): must begin only by tabulations
Error (line 155): bad indentation
Error (line 155): must begin only by tabulations
Error (line 156): bad indentation
Error (line 156): must begin only by tabulations
Error (line 157): bad indentation
Error (line 157): must begin only by tabulations
Error (line 158): bad indentation
Error (line 158): must begin only by tabulations
Error (line 159): bad indentation
Error (line 159): must begin only by tabulations
Error (line 160): bad indentation
Error (line 160): must begin only by tabulations
Error (line 161): bad indentation
Error (line 161): must begin only by tabulations
Error (line 162): bad indentation
Error (line 162): must begin only by tabulations
Error (line 163): bad indentation
Error (line 163): must begin only by tabulations
Error (line 164): bad indentation
Error (line 164): must begin only by tabulations
Error (line 166): bad indentation
Error (line 166): must begin only by tabulations
Error (line 167): bad indentation
Error (line 167): must begin only by tabulations
Error (line 168): bad indentation
Error (line 168): must begin only by tabulations
Error (line 169): bad indentation
Error (line 169): comment not well placed
Error (line 169): comment not well formatted
Error (line 169): must begin only by tabulations
Error (line 171): bad indentation
Error (line 171): must begin only by tabulations
Error (line 172): bad indentation
Error (line 172): must begin only by tabulations
Error (line 173): bad indentation
Error (line 173): must begin only by tabulations
Error (line 174): bad indentation
Error (line 174): must begin only by tabulations
Error (line 175): bad indentation
Error (line 175): must begin only by tabulations
Error (line 176): bad indentation
Error (line 176): must begin only by tabulations
Error (line 177): bad indentation
Error (line 177): must begin only by tabulations
Error (line 178): bad indentation
Error (line 178): must begin only by tabulations
Error (line 179): bad indentation
Error (line 179): must begin only by tabulations
Error (line 181): bad indentation
Error (line 181): comment not well placed
Error (line 181): comment not well formatted
Error (line 181): must begin only by tabulations
Error (line 183): bad indentation
Error (line 183): must begin only by tabulations
Error (line 184): bad indentation
Error (line 184): must begin only by tabulations
Error (line 185): bad indentation
Error (line 185): must begin only by tabulations
Error (line 186): bad indentation
Error (line 186): must begin only by tabulations
Error (line 187): bad indentation
Error (line 187): must begin only by tabulations
Error (line 188): bad indentation
Error (line 188): must begin only by tabulations
Error (line 189): bad indentation
Error (line 189): must begin only by tabulations
Error (line 190): bad indentation
Error (line 190): must begin only by tabulations
Error (line 191): bad indentation
Error (line 191): must begin only by tabulations
Error (line 192): bad indentation
Error (line 192): must begin only by tabulations
Error (line 193): bad indentation
Error (line 193): must begin only by tabulations
Error (line 194): bad indentation
Error (line 194): must begin only by tabulations
Error (line 195): bad indentation
Error (line 195): must begin only by tabulations
Error (line 196): bad indentation
Error (line 196): must begin only by tabulations
Error (line 197): bad indentation
Error (line 197): must begin only by tabulations
Error (line 198): bad indentation
Error (line 198): must begin only by tabulations
Error (line 200): bad indentation
Error (line 200): comment not well placed
Error (line 200): comment not well formatted
Error (line 200): must begin only by tabulations
Error (line 210): bad indentation
Error (line 210): comment not well placed
Error (line 210): comment not well formatted
Error (line 210): must begin only by tabulations
Error (line 211): bad indentation
Error (line 211): comment not well placed
Error (line 211): comment not well formatted
Error (line 211): must begin only by tabulations
Error (line 214): bad indentation
Error (line 214): must begin only by tabulations
Error (line 215): bad indentation
Error (line 215): must begin only by tabulations
Error (line 216): bad indentation
Error (line 216): must begin only by tabulations
Error (line 217): bad indentation
Error (line 217): must begin only by tabulations
Error (line 218): bad indentation
Error (line 218): must begin only by tabulations
Error (line 219): bad indentation
Error (line 219): must begin only by tabulations
Error (line 220): bad indentation
Error (line 220): must begin only by tabulations
Error (line 221): bad indentation
Error (line 221): must begin only by tabulations
Error (line 222): bad indentation
Error (line 222): must begin only by tabulations
Error (line 223): bad indentation
Error (line 223): must begin only by tabulations
Error (line 224): bad indentation
Error (line 224): must begin only by tabulations
Error (line 225): bad indentation
Error (line 225): must begin only by tabulations
Error (line 226): bad indentation
Error (line 226): must begin only by tabulations
Error (line 227): bad indentation
Error (line 227): must begin only by tabulations
Error (line 228): bad indentation
Error (line 228): must begin only by tabulations
Error (line 229): bad indentation
Error (line 229): must begin only by tabulations
Error (line 230): bad indentation
Error (line 230): must begin only by tabulations
Error (line 231): bad indentation
Error (line 231): must begin only by tabulations
Error (line 232): bad indentation
Error (line 232): comment not well placed
Error (line 232): comment not well formatted
Error (line 232): must begin only by tabulations
Error (line 233): bad indentation
Error (line 233): must begin only by tabulations
Error (line 234): bad indentation
Error (line 234): must begin only by tabulations
Error (line 235): bad indentation
Error (line 235): must begin only by tabulations
Error (line 236): bad indentation
Error (line 236): must begin only by tabulations
Error (line 237): bad indentation
Error (line 237): must begin only by tabulations
Error (line 238): bad indentation
Error (line 238): must begin only by tabulations
Error (line 239): bad indentation
Error (line 239): must begin only by tabulations
Error (line 240): bad indentation
Error (line 240): must begin only by tabulations
Error (line 241): comment not well placed
Error (line 241): comment not well formatted
Error (line 242): comment not well placed
Error (line 242): comment not well formatted
Error (line 243): comment not well placed
Error (line 243): comment not well formatted
Error (line 244): comment not well placed
Error (line 244): comment not well formatted
Error (line 245): bad indentation
Error (line 245): must begin only by tabulations
Error (line 246): bad indentation
Error (line 246): must begin only by tabulations
Error (line 248): bad indentation
Error (line 248): comment not well placed
Error (line 248): comment not well formatted
Error (line 248): must begin only by tabulations
Error (line 250): bad indentation
Error (line 250): must begin only by tabulations
Error (line 251): bad indentation
Error (line 251): comment not well placed
Error (line 251): comment not well formatted
Error (line 251): must begin only by tabulations
Error (line 252): bad indentation
Error (line 252): must begin only by tabulations
Error (line 253): bad indentation
Error (line 253): must begin only by tabulations
Error (line 254): bad indentation
Error (line 254): must begin only by tabulations
Error (line 255): bad indentation
Error (line 255): must begin only by tabulations
Error (line 256): bad indentation
Error (line 256): must begin only by tabulations
Error (line 257): bad indentation
Error (line 257): must begin only by tabulations
Error (line 258): bad indentation
Error (line 258): comment not well placed
Error (line 258): comment not well formatted
Error (line 258): must begin only by tabulations
Error (line 259): bad indentation
Error (line 259): comment not well placed
Error (line 259): comment not well formatted
Error (line 259): must begin only by tabulations
Error (line 260): bad indentation
Error (line 260): comment not well placed
Error (line 260): comment not well formatted
Error (line 260): must begin only by tabulations
Error (line 261): bad indentation
Error (line 261): comment not well placed
Error (line 261): comment not well formatted
Error (line 261): must begin only by tabulations
Error (line 262): bad indentation
Error (line 262): comment not well placed
Error (line 262): comment not well formatted
Error (line 262): must begin only by tabulations
Error (line 263): bad indentation
Error (line 263): comment not well placed
Error (line 263): comment not well formatted
Error (line 263): must begin only by tabulations
Error (line 264): bad indentation
Error (line 264): comment not well placed
Error (line 264): comment not well formatted
Error (line 264): must begin only by tabulations
Error (line 265): bad indentation
Error (line 265): comment not well placed
Error (line 265): comment not well formatted
Error (line 265): must begin only by tabulations
Error (line 266): bad indentation
Error (line 266): comment not well placed
Error (line 266): comment not well formatted
Error (line 266): must begin only by tabulations
Error (line 268): bad indentation
Error (line 268): comment not well placed
Error (line 268): comment not well formatted
Error (line 268): must begin only by tabulations
Error (line 269): bad indentation
Error (line 269): must begin only by tabulations
Error (line 270): bad indentation
Error (line 270): must begin only by tabulations
Error (line 271): bad indentation
Error (line 271): must begin only by tabulations
Error (line 272): bad indentation
Error (line 272): must begin only by tabulations
Error (line 273): bad indentation
Error (line 273): must begin only by tabulations
Error (line 274): bad indentation
Error (line 274): must begin only by tabulations
Error (line 275): bad indentation
Error (line 275): must begin only by tabulations
Error (line 276): bad indentation
Error (line 276): must begin only by tabulations
Error (line 277): bad indentation
Error (line 277): must begin only by tabulations
Error (line 278): bad indentation
Error (line 278): must begin only by tabulations
Error (line 279): bad indentation
Error (line 279): must begin only by tabulations
Error (line 281): bad indentation
Error (line 281): must begin only by tabulations
Error (line 282): bad indentation
Error (line 282): must begin only by tabulations
Error (line 283): bad indentation
Error (line 283): must begin only by tabulations
Error (line 284): bad indentation
Error (line 284): must begin only by tabulations
Error (line 285): bad indentation
Error (line 285): must begin only by tabulations
Error (line 286): bad indentation
Error (line 286): must begin only by tabulations
Error (line 287): bad indentation
Error (line 287): must begin only by tabulations
Error (line 288): bad indentation
Error (line 288): must begin only by tabulations
Error (line 289): bad indentation
Error (line 289): must begin only by tabulations
Error (line 290): bad indentation
Error (line 290): must begin only by tabulations
Error (line 291): bad indentation
Error (line 291): must begin only by tabulations
Error (line 292): bad indentation
Error (line 292): must begin only by tabulations
Error (line 293): bad indentation
Error (line 293): must begin only by tabulations
Error (line 294): bad indentation
Error (line 294): must begin only by tabulations
Error (line 295): bad indentation
Error (line 295): must begin only by tabulations
Error (line 296): bad indentation
Error (line 296): must begin only by tabulations
Error (line 297): bad indentation
Error (line 297): must begin only by tabulations
Error (line 298): bad indentation
Error (line 298): must begin only by tabulations
Error (line 299): bad indentation
Error (line 299): must begin only by tabulations
Error (line 300): bad indentation
Error (line 300): must begin only by tabulations
Error (line 301): bad indentation
Error (line 301): must begin only by tabulations
Error (line 302): bad indentation
Error (line 302): must begin only by tabulations
Error (line 303): bad indentation
Error (line 303): must begin only by tabulations
Error (line 304): bad indentation
Error (line 304): must begin only by tabulations
Error (line 305): bad indentation
Error (line 305): must begin only by tabulations
Error (line 306): bad indentation
Error (line 306): must begin only by tabulations
Error (line 307): bad indentation
Error (line 307): must begin only by tabulations
Error (line 308): bad indentation
Error (line 308): must begin only by tabulations
Error (line 309): bad indentation
Error (line 309): must begin only by tabulations
Error (line 310): bad indentation
Error (line 310): must begin only by tabulations
Error (line 311): bad indentation
Error (line 311): must begin only by tabulations
Error (line 312): bad indentation
Error (line 312): must begin only by tabulations
Error (line 313): bad indentation
Error (line 313): must begin only by tabulations
Error (line 314): bad indentation
Error (line 314): must begin only by tabulations
Error (line 315): bad indentation
Error (line 315): must begin only by tabulations
Error (line 316): bad indentation
Error (line 316): must begin only by tabulations
Error (line 317): bad indentation
Error (line 317): must begin only by tabulations
Error (line 318): bad indentation
Error (line 318): must begin only by tabulations
Error (line 319): bad indentation
Error (line 319): must begin only by tabulations
Error (line 320): bad indentation
Error (line 320): must begin only by tabulations
Error (line 321): bad indentation
Error (line 321): must begin only by tabulations
Error (line 322): bad indentation
Error (line 322): must begin only by tabulations
Error (line 323): bad indentation
Error (line 323): must begin only by tabulations
Error (line 324): bad indentation
Error (line 324): must begin only by tabulations
Error (line 325): bad indentation
Error (line 325): must begin only by tabulations
Error (line 326): bad indentation
Error (line 326): must begin only by tabulations
Error (line 328): bad indentation
Error (line 328): must begin only by tabulations
Error (line 329): bad indentation
Error (line 329): must begin only by tabulations
Error (line 330): bad indentation
Error (line 330): comment not well placed
Error (line 330): comment not well formatted
Error (line 330): must begin only by tabulations
Error (line 331): bad indentation
Error (line 331): comment not well placed
Error (line 331): comment not well formatted
Error (line 331): must begin only by tabulations
Error (line 332): bad indentation
Error (line 332): must begin only by tabulations
Error (line 333): bad indentation
Error (line 333): must begin only by tabulations
Error (line 334): bad indentation
Error (line 334): comment not well placed
Error (line 334): comment not well formatted
Error (line 334): must begin only by tabulations
Error (line 335): bad indentation
Error (line 335): comment not well placed
Error (line 335): comment not well formatted
Error (line 335): must begin only by tabulations
Error (line 337): bad indentation
Error (line 337): comment not well placed
Error (line 337): comment not well formatted
Error (line 337): must begin only by tabulations
Error (line 342): bad indentation
Error (line 342): comment not well placed
Error (line 342): comment not well formatted
Error (line 342): must begin only by tabulations
Error (line 344): bad indentation
Error (line 344): comment not well placed
Error (line 344): comment not well formatted
Error (line 344): must begin only by tabulations
Error (line 349): bad indentation
Error (line 349): comment not well placed
Error (line 349): comment not well formatted
Error (line 349): must begin only by tabulations
Error (line 351): bad indentation
Error (line 351): must begin only by tabulations
Error (line 352): bad indentation
Error (line 352): must begin only by tabulations
Error (line 353): bad indentation
Error (line 353): must begin only by tabulations
Error (line 354): bad indentation
Error (line 354): must begin only by tabulations
Error (line 355): bad indentation
Error (line 355): must begin only by tabulations
Error (line 356): bad indentation
Error (line 356): must begin only by tabulations
Error (line 357): bad indentation
Error (line 357): must begin only by tabulations
Error (line 358): bad indentation
Error (line 358): must begin only by tabulations
Error (line 359): bad indentation
Error (line 359): must begin only by tabulations
Error (line 360): bad indentation
Error (line 360): must begin only by tabulations
Error (line 361): bad indentation
Error (line 361): must begin only by tabulations
Error (line 362): bad indentation
Error (line 362): must begin only by tabulations
Error (line 363): bad indentation
Error (line 363): must begin only by tabulations
Error (line 364): bad indentation
Error (line 364): must begin only by tabulations
Error (line 365): bad indentation
Error (line 365): must begin only by tabulations
Error (line 366): bad indentation
Error (line 366): must begin only by tabulations
Error (line 367): bad indentation
Error (line 367): must begin only by tabulations
Error (line 369): bad indentation
Error (line 369): comment not well placed
Error (line 369): comment not well formatted
Error (line 369): must begin only by tabulations
Error (line 371): bad indentation
Error (line 371): comment not well placed
Error (line 371): comment not well formatted
Error (line 371): must begin only by tabulations
Error (line 376): bad indentation
Error (line 376): comment not well placed
Error (line 376): comment not well formatted
Error (line 376): must begin only by tabulations
Error (line 378): bad indentation
Error (line 378): must begin only by tabulations
Error (line 379): bad indentation
Error (line 379): must begin only by tabulations
Error (line 380): bad indentation
Error (line 380): comment not well placed
Error (line 380): comment not well formatted
Error (line 380): must begin only by tabulations
Error (line 382): bad indentation
Error (line 382): must begin only by tabulations
Error (line 383): bad indentation
Error (line 383): must begin only by tabulations
Error (line 384): bad indentation
Error (line 384): must begin only by tabulations
Error (line 385): bad indentation
Error (line 385): must begin only by tabulations
Error (line 386): bad indentation
Error (line 386): must begin only by tabulations
Error (line 388): bad indentation
Error (line 388): must begin only by tabulations
Error (line 389): bad indentation
Error (line 389): must begin only by tabulations
Error (line 391): bad indentation
Error (line 391): comment not well placed
Error (line 391): comment not well formatted
Error (line 391): must begin only by tabulations
Error (line 393): bad indentation
Error (line 393): comment not well placed
Error (line 393): comment not well formatted
Error (line 393): must begin only by tabulations
Error (line 398): bad indentation
Error (line 398): comment not well placed
Error (line 398): comment not well formatted
Error (line 398): must begin only by tabulations
Error (line 400): bad indentation
Error (line 400): must begin only by tabulations
Error (line 401): bad indentation
Error (line 401): must begin only by tabulations
Error (line 403): bad indentation
Error (line 403): comment not well placed
Error (line 403): comment not well formatted
Error (line 403): must begin only by tabulations
Error (line 405): bad indentation
Error (line 405): comment not well placed
Error (line 405): comment not well formatted
Error (line 405): must begin only by tabulations
Error (line 407): bad indentation
Error (line 407): comment not well placed
Error (line 407): comment not well formatted
Error (line 407): must begin only by tabulations
Error (line 409, col 2): SDL_Scancode have not a good prefix.
Error (line 409, col 2): SDL_Scancode not unixcase
Error (line 411): comment not well formatted
Error (line 413): comment not well formatted
Norme: ./include/SDL2/SDL_shape.h
Warning: /Users/sbrella/Desktop/RT/include/SDL2/SDL_shape.h may not compile or is invalid for some reasons.
Norme: ./include/SDL2/SDL_stdinc.h
Warning: /Users/sbrella/Desktop/RT/include/SDL2/SDL_stdinc.h may not compile or is invalid for some reasons.
Norme: ./include/SDL2/SDL_surface.h
Warning: /Users/sbrella/Desktop/RT/include/SDL2/SDL_surface.h may not compile or is invalid for some reasons.
Norme: ./include/SDL2/SDL_system.h
Warning: /Users/sbrella/Desktop/RT/include/SDL2/SDL_system.h may not compile or is invalid for some reasons.
Norme: ./include/SDL2/SDL_syswm.h
Warning: /Users/sbrella/Desktop/RT/include/SDL2/SDL_syswm.h may not compile or is invalid for some reasons.
Norme: ./include/SDL2/SDL_test.h
Warning: /Users/sbrella/Desktop/RT/include/SDL2/SDL_test.h may not compile or is invalid for some reasons.
Norme: ./include/SDL2/SDL_test_assert.h
Warning: /Users/sbrella/Desktop/RT/include/SDL2/SDL_test_assert.h may not compile or is invalid for some reasons.
Norme: ./include/SDL2/SDL_opengl_glext.h
Warning: /Users/sbrella/Desktop/RT/include/SDL2/SDL_opengl_glext.h may not compile or is invalid for some reasons.
Norme: ./include/SDL2/SDL_platform.h
Warning: /Users/sbrella/Desktop/RT/include/SDL2/SDL_platform.h may not compile or is invalid for some reasons.
Norme: ./include/SDL2/SDL_test_compare.h
Warning: /Users/sbrella/Desktop/RT/include/SDL2/SDL_test_compare.h may not compile or is invalid for some reasons.
Norme: ./include/SDL2/SDL_sensor.h
Warning: /Users/sbrella/Desktop/RT/include/SDL2/SDL_sensor.h may not compile or is invalid for some reasons.
Norme: ./include/SDL2/SDL_test_crc32.h
Warning: /Users/sbrella/Desktop/RT/include/SDL2/SDL_test_crc32.h may not compile or is invalid for some reasons.
Norme: ./include/SDL2/SDL_test_font.h
Warning: /Users/sbrella/Desktop/RT/include/SDL2/SDL_test_font.h may not compile or is invalid for some reasons.
Norme: ./include/SDL2/SDL_test_harness.h
Warning: /Users/sbrella/Desktop/RT/include/SDL2/SDL_test_harness.h may not compile or is invalid for some reasons.
Norme: ./include/SDL2/SDL_test_images.h
Warning: /Users/sbrella/Desktop/RT/include/SDL2/SDL_test_images.h may not compile or is invalid for some reasons.
Norme: ./include/SDL2/SDL_test_log.h
Warning: /Users/sbrella/Desktop/RT/include/SDL2/SDL_test_log.h may not compile or is invalid for some reasons.
Norme: ./include/SDL2/SDL_test_fuzzer.h
Warning: /Users/sbrella/Desktop/RT/include/SDL2/SDL_test_fuzzer.h may not compile or is invalid for some reasons.
Norme: ./include/SDL2/SDL_test_memory.h
Warning: /Users/sbrella/Desktop/RT/include/SDL2/SDL_test_memory.h may not compile or is invalid for some reasons.
Norme: ./include/SDL2/SDL_test_random.h
Warning: /Users/sbrella/Desktop/RT/include/SDL2/SDL_test_random.h may not compile or is invalid for some reasons.
Norme: ./include/SDL2/SDL_test_common.h
Warning: /Users/sbrella/Desktop/RT/include/SDL2/SDL_test_common.h may not compile or is invalid for some reasons.
Norme: ./include/SDL2/SDL_thread.h
Warning: /Users/sbrella/Desktop/RT/include/SDL2/SDL_thread.h may not compile or is invalid for some reasons.
Norme: ./include/SDL2/SDL_touch.h
Warning: /Users/sbrella/Desktop/RT/include/SDL2/SDL_touch.h may not compile or is invalid for some reasons.
Norme: ./include/SDL2/SDL_timer.h
Warning: /Users/sbrella/Desktop/RT/include/SDL2/SDL_timer.h may not compile or is invalid for some reasons.
Norme: ./include/SDL2/SDL_test_md5.h
Warning: /Users/sbrella/Desktop/RT/include/SDL2/SDL_test_md5.h may not compile or is invalid for some reasons.
Norme: ./include/SDL2/SDL_types.h
Error: bad filename : SDL_types.h
Error: not protected against double inclusion
Error: 42 header not at top of the file
Error (line 22): comment not well formatted
Error (line 28): comment not well formatted
Norme: ./include/SDL2/SDL_version.h
Warning: /Users/sbrella/Desktop/RT/include/SDL2/SDL_version.h may not compile or is invalid for some reasons.
Norme: ./include/SDL2/SDL_vulkan.h
Warning: /Users/sbrella/Desktop/RT/include/SDL2/SDL_vulkan.h may not compile or is invalid for some reasons.
Norme: ./include/SDL2/SDL_video.h
Warning: /Users/sbrella/Desktop/RT/include/SDL2/SDL_video.h may not compile or is invalid for some reasons.
Norme: ./includes/cl_headers/kernel.h
Error: file must end with a single empty line
Error: global scope bad aligned
Error: 42 header not at top of the file
Error (line 3): wrong number of spaces in preprocessor indentation
Error (line 3): preprocessor block must be followed by one empty line
Error (line 4): C++ comment
Error (line 5): C++ comment
Error (line 6): C++ comment
Error (line 7): C++ comment
Error (line 8): C++ comment
Error (line 9): C++ comment
Error (line 11): Ray and Ray not aligned.
Error (line 11): must have only tabulations between struct and Ray.
Error (line 11, col 8): Ray is not well prefixed.
Error (line 11, col 8): Ray not unixcase
Error (line 15, col 2): Ray have not a good prefix.
Error (line 15, col 2): Ray not unixcase
Error (line 17): e_figure and t_type not aligned.
Error (line 17): must have only tabulations between enum and e_figure.
Error (line 19): must begin only by tabulations
Error (line 22): Object and t_obj not aligned.
Error (line 22): must have only tabulations between struct and Object.
Error (line 22): Struct Object bad aligned
Error (line 22, col 8): Object is not well prefixed.
Error (line 22, col 8): Object not unixcase
Norme: ./libcl/sources/cl_init.c
Norme: ./includes/rt.h
Warning: /Users/sbrella/Desktop/RT/includes/rt.h may not compile or is invalid for some reasons.
Norme: ./libcl/include/libcl.h
Error (line 17): wrong number of spaces in preprocessor indentation
Norme: ./includes/libmath.h
Error: file must end with a single empty line
Error: global scope bad aligned
Error (line 14): wrong number of spaces in preprocessor indentation
Error (line 16): wrong number of spaces in preprocessor indentation
Error (line 17): wrong number of spaces in preprocessor indentation
Error (line 18): wrong number of spaces in preprocessor indentation
Error (line 19): define not upcase
Error (line 19): wrong number of spaces in preprocessor indentation
Error (line 19): C++ comment
Error (line 19): line has 94 characters
Error (line 20): define not upcase
Error (line 20): wrong number of spaces in preprocessor indentation
Error (line 20): C++ comment
Error (line 20): line has 94 characters
Error (line 21): define not upcase
Error (line 21): wrong number of spaces in preprocessor indentation
Error (line 21): C++ comment
Error (line 21): line has 93 characters
Error (line 22): define not upcase
Error (line 22): wrong number of spaces in preprocessor indentation
Error (line 22): C++ comment
Error (line 22): line has 84 characters
Error (line 22): preprocessor block must be followed by one empty line
Error (line 23): C++ comment
Error (line 24): define not upcase
Error (line 24): wrong number of spaces in preprocessor indentation
Error (line 24): line has 84 characters
Error (line 24): preprocessor block must be followed by one empty line
Error (line 25): C++ comment
Error (line 26): define not upcase
Error (line 26): wrong number of spaces in preprocessor indentation
Error (line 26): line has 96 characters
Error (line 26): preprocessor block must be followed by one empty line
Error (line 27): C++ comment
Error (line 27): line has 90 characters
Error (line 28): define not upcase
Error (line 28): wrong number of spaces in preprocessor indentation
Error (line 28): line has 87 characters
Error (line 28): preprocessor block must be followed by one empty line
Error (line 29): C++ comment
Error (line 30): define not upcase
Error (line 30): multiline define
Error (line 30): wrong number of spaces in preprocessor indentation
Error (line 30): preprocessor block must be followed by one empty line
Error (line 31): line has 121 characters
Error (line 32): line has 122 characters
Error (line 33): define not upcase
Error (line 33): wrong number of spaces in preprocessor indentation
Error (line 34): define not upcase
Error (line 34): wrong number of spaces in preprocessor indentation
Error (line 36): multiple empty lines
Error (line 37): must have tabulations between s_vec3 and t_vec3
Error (line 37): struct and s_vec3 not separated by a single space.
Error (line 37, col 14): bad spacing
Error (line 39): s_point3 and t_point3 not aligned.
Error (line 39): must have only tabulations between struct and s_point3.
Error (line 46): must have only tabulations between struct and s_vec3.
Error (line 46, col 6): bad spacing
Error (line 53): s_mat3 and t_mat3 not aligned.
Error (line 53): must have only tabulations between struct and s_mat3.
Error (line 53, col 14): bad spacing
Error (line 58): s_mat4 and t_mat4 not aligned.
Error (line 58): must have only tabulations between struct and s_mat4.
Error (line 58, col 14): bad spacing
Error (line 63): s_p2d and t_p2d not aligned.
Error (line 63): must have only tabulations between struct and s_p2d.
Error (line 69): s_quaternion and t_quaternion not aligned.
Error (line 69): must have only tabulations between struct and s_quaternion.
Error (line 69): Struct s_quaternion bad aligned
Error (line 71): C++ comment
Error (line 75): multiple empty lines
Error (line 102): multiple empty lines
Norme: ./libcl/sources/cl_krl_exec.c
Norme: ./libcl/sources/cl_krl_init.c
Norme: ./libcl/sources/cl_read.c
Norme: ./libft/includes/get_next_line.h
Norme: ./libcl/sources/cl_write.c
Norme: ./libft/includes/malloc.h
Norme: ./libft/sources/array/ft_2darraynew.c
Norme: ./libft/sources/array/ft_arraymax.c
Norme: ./libft/sources/array/ft_arraymin.c
Norme: ./libft/sources/array/ft_arrayprint.c
Norme: ./libft/sources/array/ft_arraysort.c
Norme: ./libcl/sources/cl_krl_build.c
Norme: ./libft/sources/btree/ft_btree_apply_infix.c
Error: file must end with a single empty line
Error (line 15): Space before function name
Error (line 15): Space before function name
Error (line 15): Space before function name
Error (line 15): Space before function name
Error (line 15, col 4): bad spacing
Error (line 17): bad indentation
Error (line 17): must begin only by tabulations
Error (line 18): bad indentation
Error (line 18): must begin only by tabulations
Error (line 19): bad indentation
Error (line 19): must begin only by tabulations
Error (line 20): bad indentation
Error (line 20): must begin only by tabulations
Error (line 21): bad indentation
Error (line 21): must begin only by tabulations
Error (line 22, col 0): no newline after block
Norme: ./libft/sources/array/ft_2darrayclean.c
Norme: ./libft/sources/btree/ft_btree_apply_prefix.c
Error (line 15): Space before function name
Error (line 15): Space before function name
Error (line 15): Space before function name
Error (line 15): Space before function name
Error (line 15, col 4): bad spacing
Error (line 17): bad indentation
Error (line 17): must begin only by tabulations
Error (line 18): bad indentation
Error (line 18): must begin only by tabulations
Error (line 19): bad indentation
Error (line 19): must begin only by tabulations
Error (line 20): bad indentation
Error (line 20): must begin only by tabulations
Error (line 21): bad indentation
Error (line 21): must begin only by tabulations
Norme: ./libft/sources/btree/ft_btree_apply_suffix.c
Error: file must end with a single empty line
Error: 42 header not well formatted
Error (line 4): line has 84 characters
Error (line 15): Space before function name
Error (line 15): Space before function name
Error (line 15): Space before function name
Error (line 15): Space before function name
Error (line 15): Space before function name
Error (line 15): Space before function name
Error (line 15): Space before function name
Error (line 15): Space before function name
Error (line 15, col 4): bad spacing
Error (line 17): bad indentation
Error (line 17): must begin only by tabulations
Error (line 18): bad indentation
Error (line 18): must begin only by tabulations
Error (line 19): bad indentation
Error (line 19): must begin only by tabulations
Error (line 20): bad indentation
Error (line 20): must begin only by tabulations
Error (line 21): bad indentation
Error (line 21): must begin only by tabulations
Error (line 22, col 0): no newline after block
Norme: ./libft/sources/btree/ft_btree_create_node.c
Error: file must end with a single empty line
Error (line 26, col 0): no newline after block
Norme: ./libft/sources/btree/ft_btree_insert_data.c
Error: file must end with a single empty line
Error (line 15): Space before function name
Error (line 15): Space before function name
Error (line 15): Space before function name
Error (line 15): Space before function name
Error (line 15): line has 86 characters
Error (line 15, col 4): bad spacing
Error (line 17): bad indentation
Error (line 17): must begin only by tabulations
Error (line 18): bad indentation
Error (line 18): must begin only by tabulations
Error (line 19): bad indentation
Error (line 19): must begin only by tabulations
Error (line 20): bad indentation
Error (line 20): must begin only by tabulations
Error (line 21): bad indentation
Error (line 21): must begin only by tabulations
Error (line 22): bad indentation
Error (line 22): must begin only by tabulations
Error (line 23): bad indentation
Error (line 23): must begin only by tabulations
Error (line 24): bad indentation
Error (line 24): must begin only by tabulations
Error (line 25): bad indentation
Error (line 25): must begin only by tabulations
Error (line 26, col 0): no newline after block
Norme: ./libft/sources/btree/ft_btree_level_count.c
Error: file must end with a single empty line
Error (line 15): Space before function name
Error (line 15): Space before function name
Error (line 15): Space before function name
Error (line 15): Space before function name
Error (line 15): Space before function name
Error (line 15, col 3): bad spacing
Error (line 17): bad indentation
Error (line 17): must begin only by tabulations
Error (line 17, col 7): bad spacing
Error (line 18): bad indentation
Error (line 18): must begin only by tabulations
Error (line 18, col 7): bad spacing
Error (line 20): bad indentation
Error (line 20): must begin only by tabulations
Error (line 21): bad indentation
Error (line 21): must begin only by tabulations
Error (line 22): bad indentation
Error (line 22): must begin only by tabulations
Error (line 23): bad indentation
Error (line 23): must begin only by tabulations
Error (line 24): bad indentation
Error (line 24): must begin only by tabulations
Error (line 25): bad indentation
Error (line 25): must begin only by tabulations
Error (line 26): bad indentation
Error (line 26): must begin only by tabulations
Error (line 27): bad indentation
Error (line 27): must begin only by tabulations
Error (line 28, col 0): no newline after block
Norme: ./libft/sources/btree/ft_btree_print.c
Error: file must end with a single empty line
Error (line 15): Space before function name
Error (line 15): declarations in ft_btree_print must be at the top of the function
Error (line 15): declarations must be followed by one empty line in ft_btree_print
Error (line 17): bad indentation
Error (line 17): must begin only by tabulations
Error (line 18): bad indentation
Error (line 18): must begin only by tabulations
Error (line 18, col 4): missing space after return
Error (line 19): bad indentation
Error (line 19): must begin only by tabulations
Error (line 20): bad indentation
Error (line 20): must begin only by tabulations
Error (line 21): bad indentation
Error (line 21): must begin only by tabulations
Error (line 22): bad indentation
Error (line 22): for detected
Error (line 22): must begin only by tabulations
Error (line 22): 2 instructions
Error (line 22, col 11): i is instanciated during declaration
Error (line 23): bad indentation
Error (line 23): must begin only by tabulations
Error (line 24): bad indentation
Error (line 24): must begin only by tabulations
Error (line 25): bad indentation
Error (line 25): must begin only by tabulations
Error (line 26, col 0): no newline after block
Norme: ./libft/sources/get_next_line/get_next_line.c
Norme: ./libft/includes/libft.h
Error: global scope bad aligned
Error (line 20): wrong number of spaces in preprocessor indentation
Error (line 22): must have tabulations between s_vector and t_vector
Error (line 30): must have only tabulations between struct and s_vector.
Error (line 30): Struct s_vector bad aligned
Error (line 31): bad indentation
Error (line 31): must begin only by tabulations
Error (line 32): bad indentation
Error (line 32): must begin only by tabulations
Error (line 33): bad indentation
Error (line 33): must begin only by tabulations
Error (line 40): spaces at the end of line
Error (line 42): must have only tabulations between enum and e_rb_color.
Error (line 48): s_rb_node and t_rb_node not aligned.
Error (line 48): must have only tabulations between struct and s_rb_node.
Error (line 48): Struct s_rb_node bad aligned
Error (line 48, col 14): bad spacing
Error (line 50): struct and s_rb_node not separated by a single space.
Error (line 50, col 7): bad spacing
Error (line 50, col 18): bad spacing
Error (line 51): struct and s_rb_node not separated by a single space.
Error (line 51, col 7): bad spacing
Error (line 51, col 18): bad spacing
Error (line 52): struct and s_rb_node not separated by a single space.
Error (line 52, col 7): bad spacing
Error (line 57): s_btree and t_btree not aligned.
Error (line 57): must have only tabulations between struct and s_btree.
Error (line 57, col 14): bad spacing
Error (line 59, col 15): bad spacing
Error (line 60, col 15): bad spacing
Error (line 93): s_stack and t_stack not aligned.
Error (line 186): line has 88 characters
Error (line 186, col 52): bad spacing
Error (line 193): multiple empty lines
Error (line 194): multiple empty lines
Error (line 197): line has 82 characters
Error (line 200): line has 99 characters
Error (line 204): line has 86 characters
Error (line 205): bad indentation
Error (line 207): line has 87 characters
Error (line 207): must begin only by tabulations
Error (line 210): multiple empty lines
Error (line 212): line has 93 characters
Error (line 214): parameter 1 of vector_init is unnamed
Error (line 215): parameter 1 of vector_total is unnamed
Error (line 216): parameter 1 of vector_resize is unnamed
Error (line 216): parameter 2 of vector_resize is unnamed
Error (line 217): parameter 1 of vector_add is unnamed
Error (line 217): parameter 2 of vector_add is unnamed
Error (line 218): parameter 1 of vector_set is unnamed
Error (line 218): parameter 2 of vector_set is unnamed
Error (line 218): parameter 3 of vector_set is unnamed
Error (line 219): parameter 1 of vector_get is unnamed
Error (line 219): parameter 2 of vector_get is unnamed
Error (line 220): parameter 1 of vector_delete is unnamed
Error (line 220): parameter 2 of vector_delete is unnamed
Error (line 221): parameter 1 of vector_free is unnamed
Norme: ./libft/sources/get_next_line/read_file.c
Norme: ./libft/sources/lst/ft_lst2w_pushback.c
Error (line 17): bad indentation
Error (line 17): must begin only by tabulations
Error (line 18): bad indentation
Error (line 18): must begin only by tabulations
Error (line 19): bad indentation
Error (line 19): must begin only by tabulations
Error (line 20): bad indentation
Error (line 20): must begin only by tabulations
Error (line 21): bad indentation
Error (line 21): must begin only by tabulations
Error (line 22): bad indentation
Error (line 22): must begin only by tabulations
Error (line 23): bad indentation
Error (line 23): must begin only by tabulations
Norme: ./libft/sources/btree/ft_btree_apply_by_level.c
Error: file must end with a single empty line
Error (line 15): must begin only by tabulations
Error (line 32, col 0): no newline after block
Norme: ./libft/sources/lst/ft_lst2w_new.c
Norme: ./libft/sources/lst/ft_lstadd.c
Norme: ./libft/sources/lst/ft_lstcount.c
Norme: ./libft/sources/lst/ft_lstclean.c
Norme: ./libft/sources/btree/ft_btree_search_item.c
Norme: ./libft/sources/lst/ft_lstdel_u.c
Norme: ./libft/sources/lst/ft_lstdelone.c
Norme: ./libft/sources/lst/ft_lstdel.c
Norme: ./libft/sources/lst/ft_lstiter.c
Norme: ./libft/sources/lst/ft_lstprint.c
Norme: ./libft/sources/lst/ft_lstdelmid.c
Norme: ./libft/sources/lst/ft_lstrev.c
Norme: ./libft/sources/lst/ft_lstnew.c
Norme: ./libft/sources/mem/ft_bzero.c
Norme: ./libft/sources/mem/ft_memalloc.c
Norme: ./libft/sources/mem/ft_memchr.c
Norme: ./libft/sources/mem/ft_memccpy.c
Norme: ./libft/sources/mem/ft_memdel.c
Norme: ./libft/sources/mem/ft_memcpy.c
Norme: ./libft/sources/lst/ft_lstmap.c
Norme: ./libft/sources/mem/ft_memprint.c
Error: file must end with a single empty line
Error (line 15): declarations must be followed by one empty line in ft_memprint
Error (line 18): spaces at the end of line
Error (line 21): spaces at the end of line
Error (line 21, col 1): no newline after block
Error (line 26): spaces at the end of line
Error (line 26, col 5): bad character after ;
Error (line 28, col 0): no newline after block
Norme: ./libft/sources/mem/ft_memset.c
Norme: ./libft/sources/queue/ft_queue_pop.c
Error: file must end with a single empty line
Error (line 22, col 0): no newline after block
Norme: ./libft/sources/mem/ft_memcmp.c
Norme: ./libft/sources/mem/ft_memmove.c
Norme: ./libft/sources/rb_tree/ft_rb_node_create.c
Norme: ./libft/sources/rb_tree/ft_rb_node_print.c
Norme: ./libft/sources/queue/ft_queue_push.c
Error: file must end with a single empty line
Error (line 15): multiple empty lines
Error (line 16): bad spacing before ft_queue_push
Error (line 38, col 0): no newline after block
Norme: ./libft/sources/stack/ft_stack_peek.c
Error: file must end with a single empty line
Error (line 18, col 0): no newline after block
Norme: ./libft/sources/stack/ft_stack_pop.c
Error (line 15): declarations must be followed by one empty line in ft_stack_pop
Norme: ./libft/sources/stack/ft_stack_print.c
Error: file must end with a single empty line
Error (line 24, col 0): no newline after block
Norme: ./libft/sources/stack/ft_stack_create.c
Error: file must end with a single empty line
Error (line 18): bad indentation
Error (line 18): must begin only by tabulations
Error (line 20): bad indentation
Error (line 20): must begin only by tabulations
Error (line 21): bad indentation
Error (line 21): must begin only by tabulations
Error (line 22): bad indentation
Error (line 22): must begin only by tabulations
Error (line 23): bad indentation
Error (line 23): must begin only by tabulations
Error (line 24, col 0): no newline after block
Norme: ./libft/sources/stack/ft_stack_push.c
Error: file must end with a single empty line
Error (line 15, col 50): bad spacing
Error (line 18): bad indentation
Error (line 18): must begin only by tabulations
Error (line 19, col 0): no newline after block
Norme: ./libft/sources/standart/ft_is_space.c
Norme: ./libft/sources/standart/ft_countwords.c
Norme: ./libft/sources/standart/ft_isalnum.c
Norme: ./libft/sources/standart/ft_isalpha.c
Norme: ./libft/sources/standart/ft_isascii.c
Norme: ./libft/sources/standart/ft_isdigit.c
Norme: ./libft/sources/standart/ft_isprint.c
Norme: ./libft/sources/rb_tree/ft_rb_insert.c
Norme: ./libft/sources/standart/ft_nsplit.c
Norme: ./libft/sources/standart/ft_malloc_err.c
Norme: ./libft/sources/standart/ft_atoi.c
Norme: ./libft/sources/standart/ft_point_new.c
Norme: ./libft/sources/standart/ft_print_node.c
Error: file must end with a single empty line
Error (line 18, col 0): no newline after block
Norme: ./libft/sources/standart/ft_printmap.c
Norme: ./libft/sources/standart/ft_ptr_free.c
Norme: ./libft/sources/standart/ft_putendl.c
Norme: ./libft/sources/standart/ft_putendl_fd.c
Norme: ./libft/sources/standart/ft_itoa.c
Norme: ./libft/sources/standart/ft_putnbr.c
Norme: ./libft/sources/standart/ft_putstr.c
Norme: ./libft/sources/standart/ft_putnbr_fd.c
Norme: ./libft/sources/standart/ft_putstr_fd.c
Norme: ./libft/sources/standart/ft_putchar.c
Norme: ./libft/sources/standart/ft_swap_int.c
Norme: ./libft/sources/standart/ft_putchar_fd.c
Norme: ./libft/sources/standart/ft_tolower.c
Norme: ./libft/sources/standart/ft_sign.c
Norme: ./libft/sources/standart/ft_toupper.c
Norme: ./libft/sources/standart/ft_realloc.c
Error: file must end with a single empty line
Error (line 34, col 0): no newline after block
Norme: ./libft/sources/str/ft_strcat.c
Norme: ./libft/sources/str/ft_strclr.c
Norme: ./libft/sources/str/ft_strchr.c
Norme: ./libft/sources/str/ft_strdel.c
Norme: ./libft/sources/str/ft_strcmp.c
Norme: ./libft/sources/str/ft_strcpy.c
Norme: ./libft/sources/str/ft_strdup.c
Norme: ./libft/sources/str/ft_strequ.c
Norme: ./libft/sources/str/ft_striter.c
Norme: ./libft/sources/str/ft_strlen.c
Norme: ./libft/sources/str/ft_striteri.c
Norme: ./libft/sources/str/ft_strjoin.c
Norme: ./libft/sources/str/ft_strlcat.c
Norme: ./libft/sources/str/ft_strncat.c
Norme: ./libft/sources/str/ft_strmap.c
Norme: ./libft/sources/str/ft_strncmp.c
Norme: ./libft/sources/str/ft_strncpy.c
Norme: ./libft/sources/str/ft_strmapi.c
Norme: ./libft/sources/str/ft_strnequ.c
Norme: ./libft/sources/str/ft_strnew.c
Norme: ./libft/sources/str/ft_strnewch.c
Norme: ./libft/sources/str/ft_strrchr.c
Norme: ./libft/sources/str/ft_strnstr.c
Norme: ./libft/sources/str/ft_strsub.c
Norme: ./libft/sources/str/ft_strstr.c
Norme: ./libft/sources/vector/vector_add.c
Error: file must end with a single empty line
Error (line 15): Space before function name
Error (line 17): bad indentation
Error (line 17): must begin only by tabulations
Error (line 18): bad indentation
Error (line 18): must begin only by tabulations
Error (line 19): bad indentation
Error (line 19): must begin only by tabulations
Error (line 20, col 0): no newline after block
Norme: ./libft/sources/vector/ft_word.c
Norme: ./libft/sources/str/ft_strtrim.c
Norme: ./libft/sources/vector/vector_free.c
Error: file must end with a single empty line
Error (line 16): Space before function name
Error (line 18): bad indentation
Error (line 18): must begin only by tabulations
Error (line 19, col 0): no newline after block
Norme: ./libft/sources/vector/vector_delete.c
Error: file must end with a single empty line
Error (line 16): Space before function name
Error (line 16): declarations in vector_delete must be at the top of the function
Error (line 16): declarations must be followed by one empty line in vector_delete
Error (line 18): bad indentation
Error (line 18): must begin only by tabulations
Error (line 19): bad indentation
Error (line 19): must begin only by tabulations
Error (line 19, col 8): missing space after return
Error (line 21): bad indentation
Error (line 21): must begin only by tabulations
Error (line 23): bad indentation
Error (line 23): for detected
Error (line 23): must begin only by tabulations
Error (line 23): 2 instructions
Error (line 23, col 13): i is instanciated during declaration
Error (line 23, col 47): no newline before block
Error (line 24): bad indentation
Error (line 24): must begin only by tabulations
Error (line 25): bad indentation
Error (line 25): must begin only by tabulations
Error (line 26): bad indentation
Error (line 26): must begin only by tabulations
Error (line 27): Empty line
Error (line 28): bad indentation
Error (line 28): must begin only by tabulations
Error (line 29): Empty line
Error (line 30): bad indentation
Error (line 30): must begin only by tabulations
Error (line 31): bad indentation
Error (line 31): must begin only by tabulations
Error (line 32, col 0): no newline after block
Norme: ./libft/sources/vector/vector_init.c
Error (line 15): Space before function name
Error (line 17): bad indentation
Error (line 17): must begin only by tabulations
Error (line 18): bad indentation
Error (line 18): must begin only by tabulations
Error (line 19): bad indentation
Error (line 19): must begin only by tabulations
Error (line 20): bad indentation
Error (line 20): must begin only by tabulations
Error (line 21): bad indentation
Error (line 21): must begin only by tabulations
Error (line 22): bad indentation
Error (line 22): must begin only by tabulations
Error (line 23): bad indentation
Error (line 23): must begin only by tabulations
Error (line 24): bad indentation
Error (line 24): must begin only by tabulations
Error (line 25): bad indentation
Error (line 25): must begin only by tabulations
Norme: ./libft/sources/vector/vector_resize.c
Error: file must end with a single empty line
Error (line 15): Space before function name
Error (line 15): declarations must be followed by one empty line in vector_resize
Error (line 17): bad indentation
Error (line 17): must begin only by tabulations
Error (line 17, col 11): items is instanciated during declaration
Error (line 18): bad indentation
Error (line 18): missing newline after if
Error (line 18): must begin only by tabulations
Error (line 18, col 15): no newline before block
Error (line 19): bad indentation
Error (line 19): must begin only by tabulations
Error (line 20): bad indentation
Error (line 20): must begin only by tabulations
Error (line 21): bad indentation
Error (line 21): must begin only by tabulations
Error (line 22, col 0): no newline after block
Norme: ./libft/sources/vector/vector_total.c
Error: file must end with a single empty line
Error (line 15): Space before function name
Error (line 17): bad indentation
Error (line 17): must begin only by tabulations
Error (line 17, col 11): missing parentheses in return statement
Error (line 18, col 0): no newline after block
Norme: ./libft/sources/vector/vector_set.c
Error: file must end with a single empty line
Error (line 15): Space before function name
Error (line 17): bad indentation
Error (line 17): must begin only by tabulations
Error (line 18): bad indentation
Error (line 18): must begin only by tabulations
Error (line 19, col 0): no newline after block
Norme: ./libgnl/include/libgnl.h
Norme: ./libft/sources/str/ft_strsplit.c
Norme: ./libft/sources/vector/vector_get.c
Error: file must end with a single empty line
Error (line 15): Space before function name
Error (line 17): bad indentation
Error (line 17): must begin only by tabulations
Error (line 18): bad indentation
Error (line 18): must begin only by tabulations
Error (line 18, col 15): missing parentheses in return statement
Error (line 19): bad indentation
Error (line 19): must begin only by tabulations
Error (line 19, col 11): missing parentheses in return statement
Error (line 20, col 0): no newline after block
Norme: ./libgnl/sources/gnl_lines.c
Norme: ./libmath/srcs/ft_vec3_create.c
Error: file must end with a single empty line
Error (line 15): comment not well formatted
Error (line 17): spaces at the end of line
Error (line 23): Space before function name
Error (line 31, col 0): no newline after block
Norme: ./libmath/includes/libmath.h
Error: file must end with a single empty line
Error: global scope bad aligned
Error (line 14): wrong number of spaces in preprocessor indentation
Error (line 16): wrong number of spaces in preprocessor indentation
Error (line 17): wrong number of spaces in preprocessor indentation
Error (line 18): wrong number of spaces in preprocessor indentation
Error (line 19): define not upcase
Error (line 19): wrong number of spaces in preprocessor indentation
Error (line 19): C++ comment
Error (line 19): line has 94 characters
Error (line 20): define not upcase
Error (line 20): wrong number of spaces in preprocessor indentation
Error (line 20): C++ comment
Error (line 20): line has 94 characters
Error (line 21): define not upcase
Error (line 21): wrong number of spaces in preprocessor indentation
Error (line 21): C++ comment
Error (line 21): line has 93 characters
Error (line 22): define not upcase
Error (line 22): wrong number of spaces in preprocessor indentation
Error (line 22): C++ comment
Error (line 22): line has 84 characters
Error (line 22): preprocessor block must be followed by one empty line
Error (line 23): C++ comment
Error (line 24): define not upcase
Error (line 24): wrong number of spaces in preprocessor indentation
Error (line 24): line has 84 characters
Error (line 24): preprocessor block must be followed by one empty line
Error (line 25): C++ comment
Error (line 26): define not upcase
Error (line 26): wrong number of spaces in preprocessor indentation
Error (line 26): line has 96 characters
Error (line 26): preprocessor block must be followed by one empty line
Error (line 27): C++ comment
Error (line 27): line has 90 characters
Error (line 28): define not upcase
Error (line 28): wrong number of spaces in preprocessor indentation
Error (line 28): line has 87 characters
Error (line 28): preprocessor block must be followed by one empty line
Error (line 29): C++ comment
Error (line 30): define not upcase
Error (line 30): multiline define
Error (line 30): wrong number of spaces in preprocessor indentation
Error (line 30): preprocessor block must be followed by one empty line
Error (line 31): line has 121 characters
Error (line 32): line has 122 characters
Error (line 33): define not upcase
Error (line 33): wrong number of spaces in preprocessor indentation
Error (line 34): define not upcase
Error (line 34): wrong number of spaces in preprocessor indentation
Error (line 36): multiple empty lines
Error (line 37): must have tabulations between s_vec3 and t_vec3
Error (line 37): struct and s_vec3 not separated by a single space.
Error (line 37, col 14): bad spacing
Error (line 39): s_point3 and t_point3 not aligned.
Error (line 39): must have only tabulations between struct and s_point3.
Error (line 46): must have only tabulations between struct and s_vec3.
Error (line 46, col 6): bad spacing
Error (line 53): s_mat3 and t_mat3 not aligned.
Error (line 53): must have only tabulations between struct and s_mat3.
Error (line 53, col 14): bad spacing
Error (line 58): s_mat4 and t_mat4 not aligned.
Error (line 58): must have only tabulations between struct and s_mat4.
Error (line 58, col 14): bad spacing
Error (line 63): s_p2d and t_p2d not aligned.
Error (line 63): must have only tabulations between struct and s_p2d.
Error (line 79): multiple empty lines
Error (line 80): multiple empty lines
Norme: ./libft/test/main.c
Error: file must end with a single empty line
Error: 42 header not at top of the file
Error (line 5): multiple empty lines
Error (line 6): bad spacing before main
Error (line 6): Space before function name
Error (line 6): declarations in main are bad aligned
Error (line 6): declarations must be followed by one empty line in main
Error (line 8): bad indentation
Error (line 8): must begin only by tabulations
Error (line 9): bad indentation
Error (line 9): must begin only by tabulations
Error (line 10): bad indentation
Error (line 10): must begin only by tabulations
Error (line 11): bad indentation
Error (line 11): must begin only by tabulations
Error (line 11, col 12): bad character after ,
Error (line 12): bad indentation
Error (line 12): must begin only by tabulations
Error (line 13): bad indentation
Error (line 13): must begin only by tabulations
Error (line 14): bad indentation
Error (line 14): must begin only by tabulations
Error (line 15): Empty line
Error (line 16): bad indentation
Error (line 16): for detected
Error (line 16): must begin only by tabulations
Error (line 16): 2 instructions
Error (line 17): bad indentation
Error (line 17): must begin only by tabulations
Error (line 17, col 29): space after cast
Error (line 18): bad indentation
Error (line 18): must begin only by tabulations
Error (line 19): Empty line
Error (line 20): bad indentation
Error (line 20): must begin only by tabulations
Error (line 21): spaces at the end of line
Error (line 21): bad indentation
Error (line 21): must begin only by tabulations
Error (line 22): bad indentation
Error (line 22): must begin only by tabulations
Error (line 23): Empty line
Error (line 24): bad indentation
Error (line 24): must begin only by tabulations
Error (line 25): bad indentation
Error (line 25): must begin only by tabulations
Error (line 26): Empty line
Error (line 27): bad indentation
Error (line 27): for detected
Error (line 27): must begin only by tabulations
Error (line 27): 2 instructions
Error (line 28): bad indentation
Error (line 28): must begin only by tabulations
Error (line 29): bad indentation
Error (line 29): must begin only by tabulations
Error (line 30): Empty line
Error (line 31): bad indentation
Error (line 31): must begin only by tabulations
Error (line 32, col 0): no newline after block
Norme: ./libmath/srcs/ft_vec3_dot_multiply.c
Error: file must end with a single empty line
Error (line 15): comment not well formatted
Error (line 17): spaces at the end of line
Error (line 21): Space before function name
Error (line 24, col 0): no newline after block
Norme: ./libmath/srcs/ft_vec3_cross_multiply.c
Error (line 15): comment not well formatted
Error (line 17): spaces at the end of line
Error (line 21): Space before function name
Norme: ./libmath/srcs/ft_vec3_projection.c
Error: file must end with a single empty line
Error (line 15): comment not well formatted
Error (line 17): spaces at the end of line
Error (line 21): Space before function name
Error (line 23, col 37): bad spacing
Error (line 24, col 0): no newline after block
Norme: ./libmath/srcs/ft_vec3_norm.c
Error (line 15): multiple empty lines
Error (line 16): comment not well formatted
Error (line 18): spaces at the end of line
Error (line 22): Space before function name
Norme: ./libmath/srcs/ft_vec3_normalize.c
Error: file must end with a single empty line
Error (line 15): comment not well formatted
Error (line 21): Space before function name
Error (line 21): declarations must be followed by one empty line in ft_vec3_normalize
Error (line 23, col 7): norm is instanciated during declaration
Error (line 28, col 0): no newline after block
Norme: ./libmath/srcs/ft_vec3_substract.c
Error: file must end with a single empty line
Error (line 15): comment not well formatted
Error (line 21): multiple empty lines
Error (line 22): bad spacing before ft_vec3_substract
Error (line 30, col 0): no newline after block
Norme: ./libmath/srcs/ft_vec3_sum.c
Error: file must end with a single empty line
Error (line 15): comment not well formatted
Error (line 29, col 0): no newline after block
Norme: ./libsdl/include/SDL2/close_code.h
Error: not protected against double inclusion
Error: 42 header not at top of the file
Error (line 22): comment not well formatted
Error (line 31): comment not well formatted
Error (line 33): wrong number of spaces in preprocessor indentation
Error (line 34): wrong number of spaces in preprocessor indentation
Error (line 35): wrong number of spaces in preprocessor indentation
Error (line 36): wrong number of spaces in preprocessor indentation
Error (line 37): comment not well formatted
Norme: ./libsdl/include/SDL2/SDL.h
Warning: /Users/sbrella/Desktop/RT/libsdl/include/SDL2/SDL.h may not compile or is invalid for some reasons.
Norme: ./libsdl/include/SDL2/begin_code.h
Error: has double inclusion protection but not with the good define name
Error: 42 header not at top of the file
Error (line 22): comment not well formatted
Error (line 30): comment not well formatted
Error (line 32): wrong number of spaces in preprocessor indentation
Error (line 34): define not upcase
Error (line 37): wrong number of spaces in preprocessor indentation
Error (line 37): comment not well formatted
Error (line 38): wrong number of spaces in preprocessor indentation
Error (line 39): wrong number of spaces in preprocessor indentation
Error (line 40): wrong number of spaces in preprocessor indentation
Error (line 41): wrong number of spaces in preprocessor indentation
Error (line 45): wrong number of spaces in preprocessor indentation
Error (line 46): wrong number of spaces in preprocessor indentation
Error (line 47): wrong number of spaces in preprocessor indentation
Error (line 48): wrong number of spaces in preprocessor indentation
Error (line 49): wrong number of spaces in preprocessor indentation
Error (line 52): comment not well formatted
Error (line 65): wrong number of spaces in preprocessor indentation
Error (line 66): wrong number of spaces in preprocessor indentation
Error (line 67): wrong number of spaces in preprocessor indentation
Error (line 68): wrong number of spaces in preprocessor indentation
Error (line 69): wrong number of spaces in preprocessor indentation
Error (line 79): comment not well formatted
Error (line 81): wrong number of spaces in preprocessor indentation
Error (line 82): wrong number of spaces in preprocessor indentation
Error (line 83): wrong number of spaces in preprocessor indentation
Error (line 84): wrong number of spaces in preprocessor indentation
Error (line 85): wrong number of spaces in preprocessor indentation
Error (line 86): define not upcase
Error (line 86): wrong number of spaces in preprocessor indentation
Error (line 86): comment not well formatted
Error (line 87): wrong number of spaces in preprocessor indentation
Error (line 88): wrong number of spaces in preprocessor indentation
Error (line 89): wrong number of spaces in preprocessor indentation
Error (line 90): wrong number of spaces in preprocessor indentation
Error (line 91): comment not well formatted
Error (line 93): comment not well formatted
Error (line 95): wrong number of spaces in preprocessor indentation
Error (line 96): wrong number of spaces in preprocessor indentation
Error (line 97): comment not well formatted
Error (line 99): comment not well formatted
Error (line 105): wrong number of spaces in preprocessor indentation
Error (line 106): wrong number of spaces in preprocessor indentation
Error (line 107): wrong number of spaces in preprocessor indentation
Error (line 108): wrong number of spaces in preprocessor indentation
Error (line 109): wrong number of spaces in preprocessor indentation
Error (line 110): wrong number of spaces in preprocessor indentation
Error (line 111): wrong number of spaces in preprocessor indentation
Error (line 112): comment not well formatted
Error (line 113): wrong number of spaces in preprocessor indentation
Error (line 114): wrong number of spaces in preprocessor indentation
Error (line 115): wrong number of spaces in preprocessor indentation
Error (line 116): wrong number of spaces in preprocessor indentation
Error (line 117): comment not well formatted
Error (line 120): wrong number of spaces in preprocessor indentation
Error (line 121): wrong number of spaces in preprocessor indentation
Error (line 122): wrong number of spaces in preprocessor indentation
Error (line 126): wrong number of spaces in preprocessor indentation
Error (line 127): wrong number of spaces in preprocessor indentation
Error (line 128): define not upcase
Error (line 128): wrong number of spaces in preprocessor indentation
Error (line 129): wrong number of spaces in preprocessor indentation
Error (line 130): wrong number of spaces in preprocessor indentation
Error (line 131): wrong number of spaces in preprocessor indentation
Error (line 132): wrong number of spaces in preprocessor indentation
Error (line 133): define not upcase
Error (line 133): wrong number of spaces in preprocessor indentation
Error (line 134): wrong number of spaces in preprocessor indentation
Error (line 135): wrong number of spaces in preprocessor indentation
Error (line 136): comment not well formatted
Error (line 139): wrong number of spaces in preprocessor indentation
Error (line 140): wrong number of spaces in preprocessor indentation
Error (line 141): wrong number of spaces in preprocessor indentation
Error (line 142): wrong number of spaces in preprocessor indentation
Error (line 143): wrong number of spaces in preprocessor indentation
Error (line 144): wrong number of spaces in preprocessor indentation
Error (line 145): wrong number of spaces in preprocessor indentation
Error (line 146): comment not well formatted
Error (line 149): wrong number of spaces in preprocessor indentation
Error (line 150): wrong number of spaces in preprocessor indentation
Error (line 151): wrong number of spaces in preprocessor indentation
Error (line 152): wrong number of spaces in preprocessor indentation
Error (line 153): wrong number of spaces in preprocessor indentation
Error (line 154): wrong number of spaces in preprocessor indentation
Error (line 155): wrong number of spaces in preprocessor indentation
Error (line 156): comment not well formatted
Error (line 158): comment not well formatted
Error (line 160): wrong number of spaces in preprocessor indentation
Error (line 161): wrong number of spaces in preprocessor indentation
Error (line 162): wrong number of spaces in preprocessor indentation
Error (line 163): wrong number of spaces in preprocessor indentation
Error (line 164): wrong number of spaces in preprocessor indentation
Error (line 165): wrong number of spaces in preprocessor indentation
Error (line 166): wrong number of spaces in preprocessor indentation
Error (line 166): comment not well formatted
Error (line 167): comment not well formatted
Norme: ./libgnl/sources/gnl_vect.c
Norme: ./libsdl/include/SDL2/SDL_atomic.h
Warning: /Users/sbrella/Desktop/RT/libsdl/include/SDL2/SDL_atomic.h may not compile or is invalid for some reasons.
Norme: ./libsdl/include/SDL2/SDL_assert.h
Warning: /Users/sbrella/Desktop/RT/libsdl/include/SDL2/SDL_assert.h may not compile or is invalid for some reasons.
Norme: ./libsdl/include/SDL2/SDL_bits.h
Warning: /Users/sbrella/Desktop/RT/libsdl/include/SDL2/SDL_bits.h may not compile or is invalid for some reasons.
Norme: ./libsdl/include/SDL2/SDL_blendmode.h
Warning: /Users/sbrella/Desktop/RT/libsdl/include/SDL2/SDL_blendmode.h may not compile or is invalid for some reasons.
Norme: ./libmath/srcs/ft_vec3_scalar_multiply.c
Error: file must end with a single empty line
Error (line 15): comment not well formatted
Error (line 17): spaces at the end of line
Error (line 21): Space before function name
Error (line 24, col 0): no newline after block
Norme: ./libsdl/include/SDL2/SDL_clipboard.h
Warning: /Users/sbrella/Desktop/RT/libsdl/include/SDL2/SDL_clipboard.h may not compile or is invalid for some reasons.
Norme: ./libsdl/include/SDL2/SDL_cpuinfo.h
Warning: /Users/sbrella/Desktop/RT/libsdl/include/SDL2/SDL_cpuinfo.h may not compile or is invalid for some reasons.
Norme: ./libsdl/include/SDL2/SDL_endian.h
Warning: /Users/sbrella/Desktop/RT/libsdl/include/SDL2/SDL_endian.h may not compile or is invalid for some reasons.
Norme: ./libsdl/include/SDL2/SDL_audio.h
Warning: /Users/sbrella/Desktop/RT/libsdl/include/SDL2/SDL_audio.h may not compile or is invalid for some reasons.
Norme: ./libsdl/include/SDL2/SDL_error.h
Warning: /Users/sbrella/Desktop/RT/libsdl/include/SDL2/SDL_error.h may not compile or is invalid for some reasons.
Norme: ./libsdl/include/SDL2/SDL_config.h
Error: bad filename : SDL_config.h
Error: has double inclusion protection but not with the good define name
Error: 42 header not at top of the file
Error (line 24): define not upcase
Error (line 24): wrong number of spaces in preprocessor indentation
Error (line 26): comment not well formatted
Error (line 32): comment not well formatted
Error (line 33): wrong number of spaces in preprocessor indentation
Error (line 35): comment not well formatted
Error (line 36): wrong number of spaces in preprocessor indentation
Error (line 37): spaces at the end of line
Error (line 37): wrong number of spaces in preprocessor indentation
Error (line 38): wrong number of spaces in preprocessor indentation
Error (line 40): comment not well formatted
Error (line 41): comment not well formatted
Error (line 42): comment not well formatted
Error (line 43): comment not well formatted
Error (line 45): comment not well formatted
Error (line 46): wrong number of spaces in preprocessor indentation
Error (line 47): wrong number of spaces in preprocessor indentation
Error (line 48): wrong number of spaces in preprocessor indentation
Error (line 49): wrong number of spaces in preprocessor indentation
Error (line 50): wrong number of spaces in preprocessor indentation
Error (line 51): wrong number of spaces in preprocessor indentation
Error (line 52): comment not well formatted
Error (line 54): comment not well formatted
Error (line 55): wrong number of spaces in preprocessor indentation
Error (line 56): wrong number of spaces in preprocessor indentation
Error (line 58): comment not well formatted
Error (line 59): wrong number of spaces in preprocessor indentation
Error (line 60): wrong number of spaces in preprocessor indentation
Error (line 61): wrong number of spaces in preprocessor indentation
Error (line 62): wrong number of spaces in preprocessor indentation
Error (line 63): wrong number of spaces in preprocessor indentation
Error (line 64): wrong number of spaces in preprocessor indentation
Error (line 65): wrong number of spaces in preprocessor indentation
Error (line 66): comment not well formatted
Error (line 67): wrong number of spaces in preprocessor indentation
Error (line 68): wrong number of spaces in preprocessor indentation
Error (line 69): wrong number of spaces in preprocessor indentation
Error (line 70): wrong number of spaces in preprocessor indentation
Error (line 71): wrong number of spaces in preprocessor indentation
Error (line 72): wrong number of spaces in preprocessor indentation
Error (line 73): wrong number of spaces in preprocessor indentation
Error (line 74): wrong number of spaces in preprocessor indentation
Error (line 75): wrong number of spaces in preprocessor indentation
Error (line 76): wrong number of spaces in preprocessor indentation
Error (line 77): wrong number of spaces in preprocessor indentation
Error (line 78): comment not well formatted
Error (line 79): wrong number of spaces in preprocessor indentation
Error (line 81): comment not well formatted
Error (line 82): wrong number of spaces in preprocessor indentation
Error (line 83): wrong number of spaces in preprocessor indentation
Error (line 84): wrong number of spaces in preprocessor indentation
Error (line 85): wrong number of spaces in preprocessor indentation
Error (line 86): wrong number of spaces in preprocessor indentation
Error (line 87): wrong number of spaces in preprocessor indentation
Error (line 87): comment not well formatted
Error (line 88): wrong number of spaces in preprocessor indentation
Error (line 89): wrong number of spaces in preprocessor indentation
Error (line 90): wrong number of spaces in preprocessor indentation
Error (line 91): wrong number of spaces in preprocessor indentation
Error (line 92): wrong number of spaces in preprocessor indentation
Error (line 93): wrong number of spaces in preprocessor indentation
Error (line 94): wrong number of spaces in preprocessor indentation
Error (line 95): wrong number of spaces in preprocessor indentation
Error (line 96): wrong number of spaces in preprocessor indentation
Error (line 97): wrong number of spaces in preprocessor indentation
Error (line 98): wrong number of spaces in preprocessor indentation
Error (line 99): wrong number of spaces in preprocessor indentation
Error (line 100): wrong number of spaces in preprocessor indentation
Error (line 101): comment not well formatted
Error (line 102): comment not well formatted
Error (line 103): wrong number of spaces in preprocessor indentation
Error (line 104): wrong number of spaces in preprocessor indentation
Error (line 105): wrong number of spaces in preprocessor indentation
Error (line 106): wrong number of spaces in preprocessor indentation
Error (line 107): comment not well formatted
Error (line 108): comment not well formatted
Error (line 109): comment not well formatted
Error (line 110): comment not well formatted
Error (line 111): comment not well formatted
Error (line 112): wrong number of spaces in preprocessor indentation
Error (line 113): wrong number of spaces in preprocessor indentation
Error (line 114): wrong number of spaces in preprocessor indentation
Error (line 115): comment not well formatted
Error (line 116): comment not well formatted
Error (line 117): comment not well formatted
Error (line 118): comment not well formatted
Error (line 119): wrong number of spaces in preprocessor indentation
Error (line 120): wrong number of spaces in preprocessor indentation
Error (line 121): comment not well formatted
Error (line 122): comment not well formatted
Error (line 123): wrong number of spaces in preprocessor indentation
Error (line 124): wrong number of spaces in preprocessor indentation
Error (line 125): wrong number of spaces in preprocessor indentation
Error (line 126): wrong number of spaces in preprocessor indentation
Error (line 127): wrong number of spaces in preprocessor indentation
Error (line 128): wrong number of spaces in preprocessor indentation
Error (line 129): wrong number of spaces in preprocessor indentation
Error (line 130): comment not well formatted
Error (line 131): wrong number of spaces in preprocessor indentation
Error (line 132): comment not well formatted
Error (line 133): wrong number of spaces in preprocessor indentation
Error (line 134): comment not well formatted
Error (line 135): wrong number of spaces in preprocessor indentation
Error (line 136): comment not well formatted
Error (line 137): wrong number of spaces in preprocessor indentation
Error (line 138): wrong number of spaces in preprocessor indentation
Error (line 138): comment not well formatted
Error (line 139): wrong number of spaces in preprocessor indentation
Error (line 140): wrong number of spaces in preprocessor indentation
Error (line 141): wrong number of spaces in preprocessor indentation
Error (line 142): wrong number of spaces in preprocessor indentation
Error (line 143): wrong number of spaces in preprocessor indentation
Error (line 144): wrong number of spaces in preprocessor indentation
Error (line 145): wrong number of spaces in preprocessor indentation
Error (line 146): wrong number of spaces in preprocessor indentation
Error (line 147): wrong number of spaces in preprocessor indentation
Error (line 148): wrong number of spaces in preprocessor indentation
Error (line 149): wrong number of spaces in preprocessor indentation
Error (line 150): wrong number of spaces in preprocessor indentation
Error (line 151): wrong number of spaces in preprocessor indentation
Error (line 152): wrong number of spaces in preprocessor indentation
Error (line 153): wrong number of spaces in preprocessor indentation
Error (line 154): wrong number of spaces in preprocessor indentation
Error (line 155): wrong number of spaces in preprocessor indentation
Error (line 156): wrong number of spaces in preprocessor indentation
Error (line 157): wrong number of spaces in preprocessor indentation
Error (line 158): wrong number of spaces in preprocessor indentation
Error (line 159): wrong number of spaces in preprocessor indentation
Error (line 160): wrong number of spaces in preprocessor indentation
Error (line 161): wrong number of spaces in preprocessor indentation
Error (line 162): wrong number of spaces in preprocessor indentation
Error (line 163): wrong number of spaces in preprocessor indentation
Error (line 164): wrong number of spaces in preprocessor indentation
Error (line 165): wrong number of spaces in preprocessor indentation
Error (line 166): wrong number of spaces in preprocessor indentation
Error (line 167): wrong number of spaces in preprocessor indentation
Error (line 168): wrong number of spaces in preprocessor indentation
Error (line 169): wrong number of spaces in preprocessor indentation
Error (line 170): wrong number of spaces in preprocessor indentation
Error (line 171): wrong number of spaces in preprocessor indentation
Error (line 172): wrong number of spaces in preprocessor indentation
Error (line 173): wrong number of spaces in preprocessor indentation
Error (line 174): wrong number of spaces in preprocessor indentation
Error (line 175): comment not well formatted
Error (line 176): wrong number of spaces in preprocessor indentation
Error (line 177): comment not well formatted
Error (line 178): wrong number of spaces in preprocessor indentation
Error (line 179): wrong number of spaces in preprocessor indentation
Error (line 180): wrong number of spaces in preprocessor indentation
Error (line 181): wrong number of spaces in preprocessor indentation
Error (line 182): wrong number of spaces in preprocessor indentation
Error (line 183): wrong number of spaces in preprocessor indentation
Error (line 184): comment not well formatted
Error (line 185): comment not well formatted
Error (line 186): wrong number of spaces in preprocessor indentation
Error (line 187): wrong number of spaces in preprocessor indentation
Error (line 188): wrong number of spaces in preprocessor indentation
Error (line 189): comment not well formatted
Error (line 190): comment not well formatted
Error (line 191): comment not well formatted
Error (line 192): wrong number of spaces in preprocessor indentation
Error (line 194): wrong number of spaces in preprocessor indentation
Error (line 195): wrong number of spaces in preprocessor indentation
Error (line 196): wrong number of spaces in preprocessor indentation
Error (line 197): wrong number of spaces in preprocessor indentation
Error (line 198): wrong number of spaces in preprocessor indentation
Error (line 198): comment not well formatted
Error (line 200): comment not well formatted
Error (line 201): comment not well formatted
Error (line 202): comment not well formatted
Error (line 203): comment not well formatted
Error (line 204): wrong number of spaces in preprocessor indentation
Error (line 205): comment not well formatted
Error (line 206): comment not well formatted
Error (line 208): comment not well formatted
Error (line 209): comment not well formatted
Error (line 210): comment not well formatted
Error (line 211): comment not well formatted
Error (line 212): comment not well formatted
Error (line 213): comment not well formatted
Error (line 214): comment not well formatted
Error (line 215): comment not well formatted
Error (line 216): comment not well formatted
Error (line 217): comment not well formatted
Error (line 219): comment not well formatted
Error (line 220): comment not well formatted
Error (line 222): comment not well formatted
Error (line 223): comment not well formatted
Error (line 224): comment not well formatted
Error (line 225): comment not well formatted
Error (line 226): comment not well formatted
Error (line 227): comment not well formatted
Error (line 228): comment not well formatted
Error (line 229): comment not well formatted
Error (line 230): comment not well formatted
Error (line 231): comment not well formatted
Error (line 232): comment not well formatted
Error (line 233): comment not well formatted
Error (line 234): comment not well formatted
Error (line 235): comment not well formatted
Error (line 236): comment not well formatted
Error (line 237): comment not well formatted
Error (line 239): comment not well formatted
Error (line 240): comment not well formatted
Error (line 241): comment not well formatted
Error (line 242): comment not well formatted
Error (line 243): comment not well formatted
Error (line 244): comment not well formatted
Error (line 245): wrong number of spaces in preprocessor indentation
Error (line 246): wrong number of spaces in preprocessor indentation
Error (line 247): comment not well formatted
Error (line 248): wrong number of spaces in preprocessor indentation
Error (line 249): comment not well formatted
Error (line 250): comment not well formatted
Error (line 251): comment not well formatted
Error (line 252): comment not well formatted
Error (line 253): comment not well formatted
Error (line 254): comment not well formatted
Error (line 255): comment not well formatted
Error (line 256): comment not well formatted
Error (line 257): comment not well formatted
Error (line 258): comment not well formatted
Error (line 259): comment not well formatted
Error (line 260): comment not well formatted
Error (line 261): comment not well formatted
Error (line 262): comment not well formatted
Error (line 263): comment not well formatted
Error (line 264): comment not well formatted
Error (line 265): comment not well formatted
Error (line 266): comment not well formatted
Error (line 267): comment not well formatted
Error (line 268): comment not well formatted
Error (line 269): comment not well formatted
Error (line 270): comment not well formatted
Error (line 271): comment not well formatted
Error (line 273): comment not well formatted
Error (line 274): comment not well formatted
Error (line 275): comment not well formatted
Error (line 276): comment not well formatted
Error (line 277): comment not well formatted
Error (line 278): comment not well formatted
Error (line 279): comment not well formatted
Error (line 280): comment not well formatted
Error (line 281): wrong number of spaces in preprocessor indentation
Error (line 282): comment not well formatted
Error (line 283): comment not well formatted
Error (line 284): comment not well formatted
Error (line 285): comment not well formatted
Error (line 286): comment not well formatted
Error (line 287): wrong number of spaces in preprocessor indentation
Error (line 288): comment not well formatted
Error (line 289): comment not well formatted
Error (line 290): comment not well formatted
Error (line 291): comment not well formatted
Error (line 292): wrong number of spaces in preprocessor indentation
Error (line 293): comment not well formatted
Error (line 294): comment not well formatted
Error (line 296): comment not well formatted
Error (line 297): comment not well formatted
Error (line 298): wrong number of spaces in preprocessor indentation
Error (line 300): comment not well formatted
Error (line 301): wrong number of spaces in preprocessor indentation
Error (line 302): comment not well formatted
Error (line 303): comment not well formatted
Error (line 304): comment not well formatted
Error (line 306): comment not well formatted
Error (line 307): wrong number of spaces in preprocessor indentation
Error (line 308): wrong number of spaces in preprocessor indentation
Error (line 309): comment not well formatted
Error (line 310): comment not well formatted
Error (line 312): comment not well formatted
Error (line 313): comment not well formatted
Error (line 314): comment not well formatted
Error (line 315): wrong number of spaces in preprocessor indentation
Error (line 316): comment not well formatted
Error (line 318): comment not well formatted
Error (line 319): comment not well formatted
Error (line 320): wrong number of spaces in preprocessor indentation
Error (line 321): comment not well formatted
Error (line 322): comment not well formatted
Error (line 323): wrong number of spaces in preprocessor indentation
Error (line 324): comment not well formatted
Error (line 325): comment not well formatted
Error (line 326): comment not well formatted
Error (line 327): comment not well formatted
Error (line 328): comment not well formatted
Error (line 329): comment not well formatted
Error (line 330): comment not well formatted
Error (line 331): comment not well formatted
Error (line 332): comment not well formatted
Error (line 333): comment not well formatted
Error (line 334): comment not well formatted
Error (line 335): comment not well formatted
Error (line 336): comment not well formatted
Error (line 337): comment not well formatted
Error (line 338): comment not well formatted
Error (line 339): comment not well formatted
Error (line 340): comment not well formatted
Error (line 341): comment not well formatted
Error (line 342): comment not well formatted
Error (line 343): comment not well formatted
Error (line 344): comment not well formatted
Error (line 345): comment not well formatted
Error (line 346): comment not well formatted
Error (line 347): comment not well formatted
Error (line 348): comment not well formatted
Error (line 349): comment not well formatted
Error (line 350): comment not well formatted
Error (line 351): comment not well formatted
Error (line 352): comment not well formatted
Error (line 353): comment not well formatted
Error (line 354): comment not well formatted
Error (line 355): comment not well formatted
Error (line 356): comment not well formatted
Error (line 357): comment not well formatted
Error (line 358): comment not well formatted
Error (line 359): comment not well formatted
Error (line 360): comment not well formatted
Error (line 361): comment not well formatted
Error (line 362): comment not well formatted
Error (line 363): comment not well formatted
Error (line 364): comment not well formatted
Error (line 366): comment not well formatted
Error (line 367): comment not well formatted
Error (line 368): wrong number of spaces in preprocessor indentation
Error (line 369): comment not well formatted
Error (line 370): wrong number of spaces in preprocessor indentation
Error (line 371): comment not well formatted
Error (line 372): wrong number of spaces in preprocessor indentation
Error (line 374): comment not well formatted
Error (line 375): wrong number of spaces in preprocessor indentation
Error (line 376): comment not well formatted
Error (line 377): wrong number of spaces in preprocessor indentation
Error (line 378): comment not well formatted
Error (line 379): wrong number of spaces in preprocessor indentation
Error (line 380): wrong number of spaces in preprocessor indentation
Error (line 381): comment not well formatted
Error (line 382): comment not well formatted
Error (line 383): comment not well formatted
Error (line 384): comment not well formatted
Error (line 386): comment not well formatted
Error (line 387): wrong number of spaces in preprocessor indentation
Error (line 389): comment not well formatted
Error (line 390): comment not well formatted
Error (line 391): comment not well formatted
Error (line 392): wrong number of spaces in preprocessor indentation
Error (line 393): comment not well formatted
Error (line 394): comment not well formatted
Error (line 395): comment not well formatted
Error (line 396): comment not well formatted
Error (line 398): comment not well formatted
Error (line 399): comment not well formatted
Error (line 400): wrong number of spaces in preprocessor indentation
Error (line 401): comment not well formatted
Error (line 402): comment not well formatted
Error (line 403): comment not well formatted
Error (line 404): comment not well formatted
Error (line 405): comment not well formatted
Error (line 406): comment not well formatted
Error (line 408): comment not well formatted
Error (line 409): wrong number of spaces in preprocessor indentation
Error (line 410): comment not well formatted
Error (line 412): comment not well formatted
Error (line 413): comment not well formatted
Error (line 415): comment not well formatted
Error (line 416): comment not well formatted
Error (line 418): comment not well formatted
Error (line 419): comment not well formatted
Error (line 421): comment not well formatted
Norme: ./libsdl/include/SDL2/SDL_filesystem.h
Warning: /Users/sbrella/Desktop/RT/libsdl/include/SDL2/SDL_filesystem.h may not compile or is invalid for some reasons.
Norme: ./libsdl/include/SDL2/SDL_gesture.h
Warning: /Users/sbrella/Desktop/RT/libsdl/include/SDL2/SDL_gesture.h may not compile or is invalid for some reasons.
Norme: ./libsdl/include/SDL2/SDL_gamecontroller.h
Warning: /Users/sbrella/Desktop/RT/libsdl/include/SDL2/SDL_gamecontroller.h may not compile or is invalid for some reasons.
Norme: ./libsdl/include/SDL2/SDL_events.h
Warning: /Users/sbrella/Desktop/RT/libsdl/include/SDL2/SDL_events.h may not compile or is invalid for some reasons.
Norme: ./libsdl/include/SDL2/SDL_joystick.h
Warning: /Users/sbrella/Desktop/RT/libsdl/include/SDL2/SDL_joystick.h may not compile or is invalid for some reasons.
Norme: ./libsdl/include/SDL2/SDL_haptic.h
Warning: /Users/sbrella/Desktop/RT/libsdl/include/SDL2/SDL_haptic.h may not compile or is invalid for some reasons.
Norme: ./libsdl/include/SDL2/SDL_keyboard.h
Warning: /Users/sbrella/Desktop/RT/libsdl/include/SDL2/SDL_keyboard.h may not compile or is invalid for some reasons.
Norme: ./libsdl/include/SDL2/SDL_loadso.h
Warning: /Users/sbrella/Desktop/RT/libsdl/include/SDL2/SDL_loadso.h may not compile or is invalid for some reasons.
Norme: ./libsdl/include/SDL2/SDL_log.h
Warning: /Users/sbrella/Desktop/RT/libsdl/include/SDL2/SDL_log.h may not compile or is invalid for some reasons.
Norme: ./libsdl/include/SDL2/SDL_main.h
Warning: /Users/sbrella/Desktop/RT/libsdl/include/SDL2/SDL_main.h may not compile or is invalid for some reasons.
Norme: ./libsdl/include/SDL2/SDL_messagebox.h
Warning: /Users/sbrella/Desktop/RT/libsdl/include/SDL2/SDL_messagebox.h may not compile or is invalid for some reasons.
Norme: ./libsdl/include/SDL2/SDL_keycode.h
Error: bad filename : SDL_keycode.h
Error: has double inclusion protection but not with the good define name
Error: 42 header not at top of the file
Error (line 22): comment not well formatted
Error (line 29): define not upcase
Error (line 29): wrong number of spaces in preprocessor indentation
Error (line 31): wrong number of spaces in preprocessor indentation
Error (line 32): wrong number of spaces in preprocessor indentation
Error (line 34): comment not well formatted
Error (line 45): must have tabulations between Sint32 and SDL_Keycode
Error (line 45, col 15): SDL_Keycode have not a good prefix.
Error (line 45, col 15): SDL_Keycode not unixcase
Error (line 47): wrong number of spaces in preprocessor indentation
Error (line 48): wrong number of spaces in preprocessor indentation
Error (line 52): bad indentation
Error (line 52): must begin only by tabulations
Error (line 54): bad indentation
Error (line 54): must begin only by tabulations
Error (line 55): bad indentation
Error (line 55): must begin only by tabulations
Error (line 56): bad indentation
Error (line 56): must begin only by tabulations
Error (line 57): bad indentation
Error (line 57): must begin only by tabulations
Error (line 58): bad indentation
Error (line 58): must begin only by tabulations
Error (line 59): bad indentation
Error (line 59): must begin only by tabulations
Error (line 60): bad indentation
Error (line 60): must begin only by tabulations
Error (line 61): bad indentation
Error (line 61): must begin only by tabulations
Error (line 62): bad indentation
Error (line 62): must begin only by tabulations
Error (line 63): bad indentation
Error (line 63): must begin only by tabulations
Error (line 64): bad indentation
Error (line 64): must begin only by tabulations
Error (line 65): bad indentation
Error (line 65): must begin only by tabulations
Error (line 66): bad indentation
Error (line 66): must begin only by tabulations
Error (line 67): bad indentation
Error (line 67): must begin only by tabulations
Error (line 68): bad indentation
Error (line 68): must begin only by tabulations
Error (line 69): bad indentation
Error (line 69): must begin only by tabulations
Error (line 70): bad indentation
Error (line 70): must begin only by tabulations
Error (line 71): bad indentation
Error (line 71): must begin only by tabulations
Error (line 72): bad indentation
Error (line 72): must begin only by tabulations
Error (line 73): bad indentation
Error (line 73): must begin only by tabulations
Error (line 74): bad indentation
Error (line 74): must begin only by tabulations
Error (line 75): bad indentation
Error (line 75): must begin only by tabulations
Error (line 76): bad indentation
Error (line 76): must begin only by tabulations
Error (line 77): bad indentation
Error (line 77): must begin only by tabulations
Error (line 78): bad indentation
Error (line 78): must begin only by tabulations
Error (line 79): bad indentation
Error (line 79): must begin only by tabulations
Error (line 80): bad indentation
Error (line 80): must begin only by tabulations
Error (line 81): bad indentation
Error (line 81): must begin only by tabulations
Error (line 82): bad indentation
Error (line 82): must begin only by tabulations
Error (line 83): bad indentation
Error (line 83): must begin only by tabulations
Error (line 84): bad indentation
Error (line 84): must begin only by tabulations
Error (line 85): bad indentation
Error (line 85): must begin only by tabulations
Error (line 86): bad indentation
Error (line 86): must begin only by tabulations
Error (line 87): bad indentation
Error (line 87): must begin only by tabulations
Error (line 88): bad indentation
Error (line 88): must begin only by tabulations
Error (line 89): bad indentation
Error (line 89): must begin only by tabulations
Error (line 90): bad indentation
Error (line 90): must begin only by tabulations
Error (line 91): bad indentation
Error (line 91): comment not well placed
Error (line 91): comment not well formatted
Error (line 91): must begin only by tabulations
Error (line 94): bad indentation
Error (line 94): must begin only by tabulations
Error (line 95): bad indentation
Error (line 95): must begin only by tabulations
Error (line 96): bad indentation
Error (line 96): must begin only by tabulations
Error (line 97): bad indentation
Error (line 97): must begin only by tabulations
Error (line 98): bad indentation
Error (line 98): must begin only by tabulations
Error (line 99): bad indentation
Error (line 99): must begin only by tabulations
Error (line 100): bad indentation
Error (line 100): must begin only by tabulations
Error (line 101): bad indentation
Error (line 101): must begin only by tabulations
Error (line 102): bad indentation
Error (line 102): must begin only by tabulations
Error (line 103): bad indentation
Error (line 103): must begin only by tabulations
Error (line 104): bad indentation
Error (line 104): must begin only by tabulations
Error (line 105): bad indentation
Error (line 105): must begin only by tabulations
Error (line 106): bad indentation
Error (line 106): must begin only by tabulations
Error (line 107): bad indentation
Error (line 107): must begin only by tabulations
Error (line 108): bad indentation
Error (line 108): must begin only by tabulations
Error (line 109): bad indentation
Error (line 109): must begin only by tabulations
Error (line 110): bad indentation
Error (line 110): must begin only by tabulations
Error (line 111): bad indentation
Error (line 111): must begin only by tabulations
Error (line 112): bad indentation
Error (line 112): must begin only by tabulations
Error (line 113): bad indentation
Error (line 113): must begin only by tabulations
Error (line 114): bad indentation
Error (line 114): must begin only by tabulations
Error (line 115): bad indentation
Error (line 115): must begin only by tabulations
Error (line 116): bad indentation
Error (line 116): must begin only by tabulations
Error (line 117): bad indentation
Error (line 117): must begin only by tabulations
Error (line 118): bad indentation
Error (line 118): must begin only by tabulations
Error (line 119): bad indentation
Error (line 119): must begin only by tabulations
Error (line 120): bad indentation
Error (line 120): must begin only by tabulations
Error (line 121): bad indentation
Error (line 121): must begin only by tabulations
Error (line 122): bad indentation
Error (line 122): must begin only by tabulations
Error (line 123): bad indentation
Error (line 123): must begin only by tabulations
Error (line 124): bad indentation
Error (line 124): must begin only by tabulations
Error (line 125): bad indentation
Error (line 125): must begin only by tabulations
Error (line 127): bad indentation
Error (line 127): must begin only by tabulations
Error (line 129): bad indentation
Error (line 129): must begin only by tabulations
Error (line 130): bad indentation
Error (line 130): must begin only by tabulations
Error (line 131): bad indentation
Error (line 131): must begin only by tabulations
Error (line 132): bad indentation
Error (line 132): must begin only by tabulations
Error (line 133): bad indentation
Error (line 133): must begin only by tabulations
Error (line 134): bad indentation
Error (line 134): must begin only by tabulations
Error (line 135): bad indentation
Error (line 135): must begin only by tabulations
Error (line 136): bad indentation
Error (line 136): must begin only by tabulations
Error (line 137): bad indentation
Error (line 137): must begin only by tabulations
Error (line 138): bad indentation
Error (line 138): must begin only by tabulations
Error (line 139): bad indentation
Error (line 139): must begin only by tabulations
Error (line 140): bad indentation
Error (line 140): must begin only by tabulations
Error (line 142): bad indentation
Error (line 142): must begin only by tabulations
Error (line 143): bad indentation
Error (line 143): must begin only by tabulations
Error (line 144): bad indentation
Error (line 144): must begin only by tabulations
Error (line 145): bad indentation
Error (line 145): must begin only by tabulations
Error (line 146): bad indentation
Error (line 146): must begin only by tabulations
Error (line 147): bad indentation
Error (line 147): must begin only by tabulations
Error (line 148): bad indentation
Error (line 148): must begin only by tabulations
Error (line 149): bad indentation
Error (line 149): must begin only by tabulations
Error (line 150): bad indentation
Error (line 150): must begin only by tabulations
Error (line 151): bad indentation
Error (line 151): must begin only by tabulations
Error (line 152): bad indentation
Error (line 152): must begin only by tabulations
Error (line 153): bad indentation
Error (line 153): must begin only by tabulations
Error (line 154): bad indentation
Error (line 154): must begin only by tabulations
Error (line 156): bad indentation
Error (line 156): must begin only by tabulations
Error (line 157): bad indentation
Error (line 157): must begin only by tabulations
Error (line 158): bad indentation
Error (line 158): must begin only by tabulations
Error (line 159): bad indentation
Error (line 159): must begin only by tabulations
Error (line 160): bad indentation
Error (line 160): must begin only by tabulations
Error (line 161): bad indentation
Error (line 161): must begin only by tabulations
Error (line 162): bad indentation
Error (line 162): must begin only by tabulations
Error (line 163): bad indentation
Error (line 163): must begin only by tabulations
Error (line 164): bad indentation
Error (line 164): must begin only by tabulations
Error (line 165): bad indentation
Error (line 165): must begin only by tabulations
Error (line 166): bad indentation
Error (line 166): must begin only by tabulations
Error (line 167): bad indentation
Error (line 167): must begin only by tabulations
Error (line 168): bad indentation
Error (line 168): must begin only by tabulations
Error (line 169): bad indentation
Error (line 169): must begin only by tabulations
Error (line 170): bad indentation
Error (line 170): must begin only by tabulations
Error (line 171): bad indentation
Error (line 171): must begin only by tabulations
Error (line 172): bad indentation
Error (line 172): must begin only by tabulations
Error (line 174): bad indentation
Error (line 174): must begin only by tabulations
Error (line 175): bad indentation
Error (line 175): must begin only by tabulations
Error (line 176): bad indentation
Error (line 176): must begin only by tabulations
Error (line 177): bad indentation
Error (line 177): must begin only by tabulations
Error (line 178): bad indentation
Error (line 178): must begin only by tabulations
Error (line 179): bad indentation
Error (line 179): must begin only by tabulations
Error (line 180): bad indentation
Error (line 180): must begin only by tabulations
Error (line 181): bad indentation
Error (line 181): must begin only by tabulations
Error (line 182): bad indentation
Error (line 182): must begin only by tabulations
Error (line 183): bad indentation
Error (line 183): must begin only by tabulations
Error (line 184): bad indentation
Error (line 184): must begin only by tabulations
Error (line 185): bad indentation
Error (line 185): must begin only by tabulations
Error (line 186): bad indentation
Error (line 186): must begin only by tabulations
Error (line 187): bad indentation
Error (line 187): must begin only by tabulations
Error (line 188): bad indentation
Error (line 188): must begin only by tabulations
Error (line 189): bad indentation
Error (line 189): must begin only by tabulations
Error (line 190): bad indentation
Error (line 190): must begin only by tabulations
Error (line 191): bad indentation
Error (line 191): must begin only by tabulations
Error (line 192): bad indentation
Error (line 192): must begin only by tabulations
Error (line 193): bad indentation
Error (line 193): must begin only by tabulations
Error (line 194): bad indentation
Error (line 194): must begin only by tabulations
Error (line 195): bad indentation
Error (line 195): must begin only by tabulations
Error (line 196): bad indentation
Error (line 196): must begin only by tabulations
Error (line 197): bad indentation
Error (line 197): must begin only by tabulations
Error (line 198): bad indentation
Error (line 198): must begin only by tabulations
Error (line 199): bad indentation
Error (line 199): must begin only by tabulations
Error (line 200): bad indentation
Error (line 200): must begin only by tabulations
Error (line 201): bad indentation
Error (line 201): must begin only by tabulations
Error (line 202): bad indentation
Error (line 202): must begin only by tabulations
Error (line 203): bad indentation
Error (line 203): must begin only by tabulations
Error (line 204): bad indentation
Error (line 204): must begin only by tabulations
Error (line 205): bad indentation
Error (line 205): must begin only by tabulations
Error (line 207): bad indentation
Error (line 207): must begin only by tabulations
Error (line 208): bad indentation
Error (line 208): must begin only by tabulations
Error (line 209): bad indentation
Error (line 209): must begin only by tabulations
Error (line 210): bad indentation
Error (line 210): must begin only by tabulations
Error (line 211): bad indentation
Error (line 211): must begin only by tabulations
Error (line 212): bad indentation
Error (line 212): must begin only by tabulations
Error (line 213): bad indentation
Error (line 213): must begin only by tabulations
Error (line 214): bad indentation
Error (line 214): must begin only by tabulations
Error (line 215): bad indentation
Error (line 215): must begin only by tabulations
Error (line 216): bad indentation
Error (line 216): must begin only by tabulations
Error (line 217): bad indentation
Error (line 217): must begin only by tabulations
Error (line 218): bad indentation
Error (line 218): must begin only by tabulations
Error (line 220): bad indentation
Error (line 220): must begin only by tabulations
Error (line 221): bad indentation
Error (line 221): must begin only by tabulations
Error (line 222): bad indentation
Error (line 222): must begin only by tabulations
Error (line 223): bad indentation
Error (line 223): must begin only by tabulations
Error (line 224): bad indentation
Error (line 224): must begin only by tabulations
Error (line 225): bad indentation
Error (line 225): must begin only by tabulations
Error (line 226): bad indentation
Error (line 226): must begin only by tabulations
Error (line 227): bad indentation
Error (line 227): must begin only by tabulations
Error (line 228): bad indentation
Error (line 228): must begin only by tabulations
Error (line 229): bad indentation
Error (line 229): must begin only by tabulations
Error (line 230): bad indentation
Error (line 230): must begin only by tabulations
Error (line 231): bad indentation
Error (line 231): must begin only by tabulations
Error (line 232): bad indentation
Error (line 232): must begin only by tabulations
Error (line 233): bad indentation
Error (line 233): must begin only by tabulations
Error (line 234): bad indentation
Error (line 234): must begin only by tabulations
Error (line 235): bad indentation
Error (line 235): must begin only by tabulations
Error (line 236): bad indentation
Error (line 236): must begin only by tabulations
Error (line 237): bad indentation
Error (line 237): must begin only by tabulations
Error (line 238): bad indentation
Error (line 238): must begin only by tabulations
Error (line 239): bad indentation
Error (line 239): must begin only by tabulations
Error (line 240): bad indentation
Error (line 240): must begin only by tabulations
Error (line 241): bad indentation
Error (line 241): must begin only by tabulations
Error (line 242): bad indentation
Error (line 242): must begin only by tabulations
Error (line 243): bad indentation
Error (line 243): must begin only by tabulations
Error (line 244): bad indentation
Error (line 244): must begin only by tabulations
Error (line 245): bad indentation
Error (line 245): must begin only by tabulations
Error (line 246): bad indentation
Error (line 246): must begin only by tabulations
Error (line 247): bad indentation
Error (line 247): must begin only by tabulations
Error (line 248): bad indentation
Error (line 248): must begin only by tabulations
Error (line 249): bad indentation
Error (line 249): must begin only by tabulations
Error (line 250): bad indentation
Error (line 250): must begin only by tabulations
Error (line 251): bad indentation
Error (line 251): must begin only by tabulations
Error (line 252): bad indentation
Error (line 252): must begin only by tabulations
Error (line 253): bad indentation
Error (line 253): must begin only by tabulations
Error (line 254): bad indentation
Error (line 254): must begin only by tabulations
Error (line 255): bad indentation
Error (line 255): must begin only by tabulations
Error (line 256): bad indentation
Error (line 256): must begin only by tabulations
Error (line 257): bad indentation
Error (line 257): must begin only by tabulations
Error (line 258): bad indentation
Error (line 258): must begin only by tabulations
Error (line 259): bad indentation
Error (line 259): must begin only by tabulations
Error (line 260): bad indentation
Error (line 260): must begin only by tabulations
Error (line 261): bad indentation
Error (line 261): must begin only by tabulations
Error (line 262): bad indentation
Error (line 262): must begin only by tabulations
Error (line 263): bad indentation
Error (line 263): must begin only by tabulations
Error (line 264): bad indentation
Error (line 264): must begin only by tabulations
Error (line 265): bad indentation
Error (line 265): must begin only by tabulations
Error (line 266): bad indentation
Error (line 266): must begin only by tabulations
Error (line 267): bad indentation
Error (line 267): must begin only by tabulations
Error (line 268): bad indentation
Error (line 268): must begin only by tabulations
Error (line 269): bad indentation
Error (line 269): must begin only by tabulations
Error (line 270): bad indentation
Error (line 270): must begin only by tabulations
Error (line 271): bad indentation
Error (line 271): must begin only by tabulations
Error (line 272): bad indentation
Error (line 272): must begin only by tabulations
Error (line 273): bad indentation
Error (line 273): must begin only by tabulations
Error (line 274): bad indentation
Error (line 274): must begin only by tabulations
Error (line 276): bad indentation
Error (line 276): must begin only by tabulations
Error (line 277): bad indentation
Error (line 277): must begin only by tabulations
Error (line 278): bad indentation
Error (line 278): must begin only by tabulations
Error (line 279): bad indentation
Error (line 279): must begin only by tabulations
Error (line 280): bad indentation
Error (line 280): must begin only by tabulations
Error (line 281): bad indentation
Error (line 281): must begin only by tabulations
Error (line 282): bad indentation
Error (line 282): must begin only by tabulations
Error (line 283): bad indentation
Error (line 283): must begin only by tabulations
Error (line 285): bad indentation
Error (line 285): must begin only by tabulations
Error (line 287): bad indentation
Error (line 287): must begin only by tabulations
Error (line 288): bad indentation
Error (line 288): must begin only by tabulations
Error (line 289): bad indentation
Error (line 289): must begin only by tabulations
Error (line 290): bad indentation
Error (line 290): must begin only by tabulations
Error (line 291): bad indentation
Error (line 291): must begin only by tabulations
Error (line 292): bad indentation
Error (line 292): must begin only by tabulations
Error (line 293): bad indentation
Error (line 293): must begin only by tabulations
Error (line 294): bad indentation
Error (line 294): must begin only by tabulations
Error (line 295): bad indentation
Error (line 295): must begin only by tabulations
Error (line 296): bad indentation
Error (line 296): must begin only by tabulations
Error (line 297): bad indentation
Error (line 297): must begin only by tabulations
Error (line 298): bad indentation
Error (line 298): must begin only by tabulations
Error (line 299): bad indentation
Error (line 299): must begin only by tabulations
Error (line 300): bad indentation
Error (line 300): must begin only by tabulations
Error (line 301): bad indentation
Error (line 301): must begin only by tabulations
Error (line 302): bad indentation
Error (line 302): must begin only by tabulations
Error (line 303): bad indentation
Error (line 303): must begin only by tabulations
Error (line 305): bad indentation
Error (line 305): must begin only by tabulations
Error (line 306): bad indentation
Error (line 306): must begin only by tabulations
Error (line 307): bad indentation
Error (line 307): must begin only by tabulations
Error (line 308): bad indentation
Error (line 308): must begin only by tabulations
Error (line 309): bad indentation
Error (line 309): must begin only by tabulations
Error (line 310): bad indentation
Error (line 310): must begin only by tabulations
Error (line 311): bad indentation
Error (line 311): must begin only by tabulations
Error (line 312): bad indentation
Error (line 312): must begin only by tabulations
Error (line 313): bad indentation
Error (line 313): must begin only by tabulations
Error (line 314): bad indentation
Error (line 314): must begin only by tabulations
Error (line 315): bad indentation
Error (line 315): must begin only by tabulations
Error (line 316): bad indentation
Error (line 316): must begin only by tabulations
Error (line 318): bad indentation
Error (line 318): must begin only by tabulations
Error (line 319): bad indentation
Error (line 319): line has 83 characters
Error (line 319): must begin only by tabulations
Error (line 322): comment not well formatted
Error (line 327): KMOD_NONE and SDL_Keymod not aligned.
Error (line 327): bad indentation
Error (line 327): must begin only by tabulations
Error (line 328): bad indentation
Error (line 328): must begin only by tabulations
Error (line 329): bad indentation
Error (line 329): must begin only by tabulations
Error (line 330): bad indentation
Error (line 330): must begin only by tabulations
Error (line 331): bad indentation
Error (line 331): must begin only by tabulations
Error (line 332): bad indentation
Error (line 332): must begin only by tabulations
Error (line 333): bad indentation
Error (line 333): must begin only by tabulations
Error (line 334): bad indentation
Error (line 334): must begin only by tabulations
Error (line 335): bad indentation
Error (line 335): must begin only by tabulations
Error (line 336): bad indentation
Error (line 336): must begin only by tabulations
Error (line 337): bad indentation
Error (line 337): must begin only by tabulations
Error (line 338): bad indentation
Error (line 338): must begin only by tabulations
Error (line 339): bad indentation
Error (line 339): must begin only by tabulations
Error (line 340, col 2): SDL_Keymod have not a good prefix.
Error (line 340, col 2): SDL_Keymod not unixcase
Error (line 342): wrong number of spaces in preprocessor indentation
Error (line 343): wrong number of spaces in preprocessor indentation
Error (line 344): wrong number of spaces in preprocessor indentation
Error (line 345): wrong number of spaces in preprocessor indentation
Error (line 347): comment not well formatted
Error (line 349): comment not well formatted
Norme: ./libsdl/include/SDL2/SDL_mutex.h
Warning: /Users/sbrella/Desktop/RT/libsdl/include/SDL2/SDL_mutex.h may not compile or is invalid for some reasons.
Norme: ./libsdl/include/SDL2/SDL_name.h
Error: bad filename : SDL_name.h
Error: has double inclusion protection but not with the good define name
Error: 42 header not at top of the file
Error (line 23): define not upcase
Error (line 23): wrong number of spaces in preprocessor indentation
Error (line 25): wrong number of spaces in preprocessor indentation
Error (line 26): define not upcase
Error (line 26): wrong number of spaces in preprocessor indentation
Error (line 27): wrong number of spaces in preprocessor indentation
Error (line 29): wrong number of spaces in preprocessor indentation
Error (line 31): comment not well formatted
Error (line 33): comment not well formatted
Norme: ./libsdl/include/SDL2/SDL_opengl.h
Warning: /Users/sbrella/Desktop/RT/libsdl/include/SDL2/SDL_opengl.h may not compile or is invalid for some reasons.
Norme: ./libsdl/include/SDL2/SDL_egl.h
Warning: /Users/sbrella/Desktop/RT/libsdl/include/SDL2/SDL_egl.h may not compile or is invalid for some reasons.
Norme: ./libsdl/include/SDL2/SDL_opengles.h
Error: bad filename : SDL_opengles.h
Error: has double inclusion protection but not with the good define name
Error: 42 header not at top of the file
Error (line 22): comment not well formatted
Error (line 30): wrong number of spaces in preprocessor indentation
Error (line 31): wrong number of spaces in preprocessor indentation
Error (line 33): wrong number of spaces in preprocessor indentation
Error (line 34): wrong number of spaces in preprocessor indentation
Error (line 38): wrong number of spaces in preprocessor indentation
Norme: ./libsdl/include/SDL2/SDL_opengles2.h
Error: bad filename : SDL_opengles2.h
Error: not protected against double inclusion
Error: 42 header not at top of the file
Error (line 22): comment not well formatted
Error (line 31): wrong number of spaces in preprocessor indentation
Error (line 32): wrong number of spaces in preprocessor indentation
Error (line 33): wrong number of spaces in preprocessor indentation
Error (line 34): wrong number of spaces in preprocessor indentation
Error (line 35): wrong number of spaces in preprocessor indentation
Error (line 36): wrong number of spaces in preprocessor indentation
Error (line 37): wrong number of spaces in preprocessor indentation
Error (line 38): wrong number of spaces in preprocessor indentation
Error (line 40): comment not well formatted
Error (line 42): comment not well formatted
Error (line 43): wrong number of spaces in preprocessor indentation
Error (line 44): wrong number of spaces in preprocessor indentation
Error (line 45): wrong number of spaces in preprocessor indentation
Error (line 46): wrong number of spaces in preprocessor indentation
Error (line 48): comment not well formatted
Error (line 51): wrong number of spaces in preprocessor indentation
Norme: ./libsdl/include/SDL2/SDL_hints.h
Warning: /Users/sbrella/Desktop/RT/libsdl/include/SDL2/SDL_hints.h may not compile or is invalid for some reasons.
Norme: ./libsdl/include/SDL2/SDL_mouse.h
Warning: /Users/sbrella/Desktop/RT/libsdl/include/SDL2/SDL_mouse.h may not compile or is invalid for some reasons.
Norme: ./libsdl/include/SDL2/SDL_opengles2_gl2platform.h
Error: bad filename : SDL_opengles2_gl2platform.h
Error: has double inclusion protection but not with the good define name
Error: 42 header not at top of the file
Error (line 2): define not upcase
Error (line 2): wrong number of spaces in preprocessor indentation
Error (line 20): comment not well formatted
Error (line 22): wrong number of spaces in preprocessor indentation
Error (line 23): wrong number of spaces in preprocessor indentation
Error (line 24): wrong number of spaces in preprocessor indentation
Error (line 26): wrong number of spaces in preprocessor indentation
Error (line 27): wrong number of spaces in preprocessor indentation
Error (line 28): wrong number of spaces in preprocessor indentation
Error (line 30): comment not well formatted
Norme: ./libsdl/include/SDL2/SDL_opengles2_gl2.h
Warning: /Users/sbrella/Desktop/RT/libsdl/include/SDL2/SDL_opengles2_gl2.h may not compile or is invalid for some reasons.
Norme: ./libsdl/include/SDL2/SDL_opengles2_khrplatform.h
Warning: /Users/sbrella/Desktop/RT/libsdl/include/SDL2/SDL_opengles2_khrplatform.h may not compile or is invalid for some reasons.
Norme: ./libsdl/include/SDL2/SDL_pixels.h
Warning: /Users/sbrella/Desktop/RT/libsdl/include/SDL2/SDL_pixels.h may not compile or is invalid for some reasons.
Norme: ./libsdl/include/SDL2/SDL_power.h
Warning: /Users/sbrella/Desktop/RT/libsdl/include/SDL2/SDL_power.h may not compile or is invalid for some reasons.
Norme: ./libsdl/include/SDL2/SDL_quit.h
Error: bad filename : SDL_quit.h
Error: has double inclusion protection but not with the good define name
Error: 42 header not at top of the file
Error (line 22): comment not well formatted
Error (line 29): define not upcase
Error (line 29): wrong number of spaces in preprocessor indentation
Error (line 31): wrong number of spaces in preprocessor indentation
Error (line 32): wrong number of spaces in preprocessor indentation
Error (line 34): comment not well formatted
Error (line 37): line has 82 characters
Error (line 53): comment not well formatted
Error (line 55): define not upcase
Error (line 55): multiline define
Error (line 55): wrong number of spaces in preprocessor indentation
Error (line 56): line has 89 characters
Error (line 58): comment not well formatted
Norme: ./libsdl/include/SDL2/SDL_rect.h
Warning: /Users/sbrella/Desktop/RT/libsdl/include/SDL2/SDL_rect.h may not compile or is invalid for some reasons.
Norme: ./libsdl/include/SDL2/SDL_opengles2_gl2ext.h
Warning: /Users/sbrella/Desktop/RT/libsdl/include/SDL2/SDL_opengles2_gl2ext.h may not compile or is invalid for some reasons.
Norme: ./libsdl/include/SDL2/SDL_revision.h
Error: bad filename : SDL_revision.h
Error: not protected against double inclusion
Error: 42 header not at top of the file
Norme: ./libsdl/include/SDL2/SDL_rwops.h
Warning: /Users/sbrella/Desktop/RT/libsdl/include/SDL2/SDL_rwops.h may not compile or is invalid for some reasons.
Norme: ./libsdl/include/SDL2/SDL_render.h
Warning: /Users/sbrella/Desktop/RT/libsdl/include/SDL2/SDL_render.h may not compile or is invalid for some reasons.
Norme: ./libsdl/include/SDL2/SDL_scancode.h
Error: bad filename : SDL_scancode.h
Error: has double inclusion protection but not with the good define name
Error: 42 header not at top of the file
Error (line 22): comment not well formatted
Error (line 29): define not upcase
Error (line 29): wrong number of spaces in preprocessor indentation
Error (line 31): wrong number of spaces in preprocessor indentation
Error (line 33): comment not well formatted
Error (line 45): SDL_SCANCODE_UNKNOWN and SDL_Scancode not aligned.
Error (line 45): bad indentation
Error (line 45): must begin only by tabulations
Error (line 47): bad indentation
Error (line 47): comment not well placed
Error (line 47): comment not well formatted
Error (line 47): must begin only by tabulations
Error (line 52): bad indentation
Error (line 52): comment not well placed
Error (line 52): comment not well formatted
Error (line 52): must begin only by tabulations
Error (line 54): bad indentation
Error (line 54): must begin only by tabulations
Error (line 55): bad indentation
Error (line 55): must begin only by tabulations
Error (line 56): bad indentation
Error (line 56): must begin only by tabulations
Error (line 57): bad indentation
Error (line 57): must begin only by tabulations
Error (line 58): bad indentation
Error (line 58): must begin only by tabulations
Error (line 59): bad indentation
Error (line 59): must begin only by tabulations
Error (line 60): bad indentation
Error (line 60): must begin only by tabulations
Error (line 61): bad indentation
Error (line 61): must begin only by tabulations
Error (line 62): bad indentation
Error (line 62): must begin only by tabulations
Error (line 63): bad indentation
Error (line 63): must begin only by tabulations
Error (line 64): bad indentation
Error (line 64): must begin only by tabulations
Error (line 65): bad indentation
Error (line 65): must begin only by tabulations
Error (line 66): bad indentation
Error (line 66): must begin only by tabulations
Error (line 67): bad indentation
Error (line 67): must begin only by tabulations
Error (line 68): bad indentation
Error (line 68): must begin only by tabulations
Error (line 69): bad indentation
Error (line 69): must begin only by tabulations
Error (line 70): bad indentation
Error (line 70): must begin only by tabulations
Error (line 71): bad indentation
Error (line 71): must begin only by tabulations
Error (line 72): bad indentation
Error (line 72): must begin only by tabulations
Error (line 73): bad indentation
Error (line 73): must begin only by tabulations
Error (line 74): bad indentation
Error (line 74): must begin only by tabulations
Error (line 75): bad indentation
Error (line 75): must begin only by tabulations
Error (line 76): bad indentation
Error (line 76): must begin only by tabulations
Error (line 77): bad indentation
Error (line 77): must begin only by tabulations
Error (line 78): bad indentation
Error (line 78): must begin only by tabulations
Error (line 79): bad indentation
Error (line 79): must begin only by tabulations
Error (line 81): bad indentation
Error (line 81): must begin only by tabulations
Error (line 82): bad indentation
Error (line 82): must begin only by tabulations
Error (line 83): bad indentation
Error (line 83): must begin only by tabulations
Error (line 84): bad indentation
Error (line 84): must begin only by tabulations
Error (line 85): bad indentation
Error (line 85): must begin only by tabulations
Error (line 86): bad indentation
Error (line 86): must begin only by tabulations
Error (line 87): bad indentation
Error (line 87): must begin only by tabulations
Error (line 88): bad indentation
Error (line 88): must begin only by tabulations
Error (line 89): bad indentation
Error (line 89): must begin only by tabulations
Error (line 90): bad indentation
Error (line 90): must begin only by tabulations
Error (line 92): bad indentation
Error (line 92): must begin only by tabulations
Error (line 93): bad indentation
Error (line 93): must begin only by tabulations
Error (line 94): bad indentation
Error (line 94): must begin only by tabulations
Error (line 95): bad indentation
Error (line 95): must begin only by tabulations
Error (line 96): bad indentation
Error (line 96): must begin only by tabulations
Error (line 98): bad indentation
Error (line 98): must begin only by tabulations
Error (line 99): bad indentation
Error (line 99): must begin only by tabulations
Error (line 100): bad indentation
Error (line 100): must begin only by tabulations
Error (line 101): bad indentation
Error (line 101): must begin only by tabulations
Error (line 102): bad indentation
Error (line 102): comment not well placed
Error (line 102): comment not well formatted
Error (line 102): must begin only by tabulations
Error (line 116): bad indentation
Error (line 116): comment not well placed
Error (line 116): comment not well formatted
Error (line 116): must begin only by tabulations
Error (line 128): bad indentation
Error (line 128): must begin only by tabulations
Error (line 129): bad indentation
Error (line 129): must begin only by tabulations
Error (line 130): bad indentation
Error (line 130): comment not well placed
Error (line 130): comment not well formatted
Error (line 130): must begin only by tabulations
Error (line 147): bad indentation
Error (line 147): must begin only by tabulations
Error (line 148): bad indentation
Error (line 148): must begin only by tabulations
Error (line 149): bad indentation
Error (line 149): must begin only by tabulations
Error (line 151): bad indentation
Error (line 151): must begin only by tabulations
Error (line 153): bad indentation
Error (line 153): must begin only by tabulations
Error (line 154): bad indentation
Error (line 154): must begin only by tabulations
Error (line 155): bad indentation
Error (line 155): must begin only by tabulations
Error (line 156): bad indentation
Error (line 156): must begin only by tabulations
Error (line 157): bad indentation
Error (line 157): must begin only by tabulations
Error (line 158): bad indentation
Error (line 158): must begin only by tabulations
Error (line 159): bad indentation
Error (line 159): must begin only by tabulations
Error (line 160): bad indentation
Error (line 160): must begin only by tabulations
Error (line 161): bad indentation
Error (line 161): must begin only by tabulations
Error (line 162): bad indentation
Error (line 162): must begin only by tabulations
Error (line 163): bad indentation
Error (line 163): must begin only by tabulations
Error (line 164): bad indentation
Error (line 164): must begin only by tabulations
Error (line 166): bad indentation
Error (line 166): must begin only by tabulations
Error (line 167): bad indentation
Error (line 167): must begin only by tabulations
Error (line 168): bad indentation
Error (line 168): must begin only by tabulations
Error (line 169): bad indentation
Error (line 169): comment not well placed
Error (line 169): comment not well formatted
Error (line 169): must begin only by tabulations
Error (line 171): bad indentation
Error (line 171): must begin only by tabulations
Error (line 172): bad indentation
Error (line 172): must begin only by tabulations
Error (line 173): bad indentation
Error (line 173): must begin only by tabulations
Error (line 174): bad indentation
Error (line 174): must begin only by tabulations
Error (line 175): bad indentation
Error (line 175): must begin only by tabulations
Error (line 176): bad indentation
Error (line 176): must begin only by tabulations
Error (line 177): bad indentation
Error (line 177): must begin only by tabulations
Error (line 178): bad indentation
Error (line 178): must begin only by tabulations
Error (line 179): bad indentation
Error (line 179): must begin only by tabulations
Error (line 181): bad indentation
Error (line 181): comment not well placed
Error (line 181): comment not well formatted
Error (line 181): must begin only by tabulations
Error (line 183): bad indentation
Error (line 183): must begin only by tabulations
Error (line 184): bad indentation
Error (line 184): must begin only by tabulations
Error (line 185): bad indentation
Error (line 185): must begin only by tabulations
Error (line 186): bad indentation
Error (line 186): must begin only by tabulations
Error (line 187): bad indentation
Error (line 187): must begin only by tabulations
Error (line 188): bad indentation
Error (line 188): must begin only by tabulations
Error (line 189): bad indentation
Error (line 189): must begin only by tabulations
Error (line 190): bad indentation
Error (line 190): must begin only by tabulations
Error (line 191): bad indentation
Error (line 191): must begin only by tabulations
Error (line 192): bad indentation
Error (line 192): must begin only by tabulations
Error (line 193): bad indentation
Error (line 193): must begin only by tabulations
Error (line 194): bad indentation
Error (line 194): must begin only by tabulations
Error (line 195): bad indentation
Error (line 195): must begin only by tabulations
Error (line 196): bad indentation
Error (line 196): must begin only by tabulations
Error (line 197): bad indentation
Error (line 197): must begin only by tabulations
Error (line 198): bad indentation
Error (line 198): must begin only by tabulations
Error (line 200): bad indentation
Error (line 200): comment not well placed
Error (line 200): comment not well formatted
Error (line 200): must begin only by tabulations
Error (line 210): bad indentation
Error (line 210): comment not well placed
Error (line 210): comment not well formatted
Error (line 210): must begin only by tabulations
Error (line 211): bad indentation
Error (line 211): comment not well placed
Error (line 211): comment not well formatted
Error (line 211): must begin only by tabulations
Error (line 214): bad indentation
Error (line 214): must begin only by tabulations
Error (line 215): bad indentation
Error (line 215): must begin only by tabulations
Error (line 216): bad indentation
Error (line 216): must begin only by tabulations
Error (line 217): bad indentation
Error (line 217): must begin only by tabulations
Error (line 218): bad indentation
Error (line 218): must begin only by tabulations
Error (line 219): bad indentation
Error (line 219): must begin only by tabulations
Error (line 220): bad indentation
Error (line 220): must begin only by tabulations
Error (line 221): bad indentation
Error (line 221): must begin only by tabulations
Error (line 222): bad indentation
Error (line 222): must begin only by tabulations
Error (line 223): bad indentation
Error (line 223): must begin only by tabulations
Error (line 224): bad indentation
Error (line 224): must begin only by tabulations
Error (line 225): bad indentation
Error (line 225): must begin only by tabulations
Error (line 226): bad indentation
Error (line 226): must begin only by tabulations
Error (line 227): bad indentation
Error (line 227): must begin only by tabulations
Error (line 228): bad indentation
Error (line 228): must begin only by tabulations
Error (line 229): bad indentation
Error (line 229): must begin only by tabulations
Error (line 230): bad indentation
Error (line 230): must begin only by tabulations
Error (line 231): bad indentation
Error (line 231): must begin only by tabulations
Error (line 232): bad indentation
Error (line 232): comment not well placed
Error (line 232): comment not well formatted
Error (line 232): must begin only by tabulations
Error (line 233): bad indentation
Error (line 233): must begin only by tabulations
Error (line 234): bad indentation
Error (line 234): must begin only by tabulations
Error (line 235): bad indentation
Error (line 235): must begin only by tabulations
Error (line 236): bad indentation
Error (line 236): must begin only by tabulations
Error (line 237): bad indentation
Error (line 237): must begin only by tabulations
Error (line 238): bad indentation
Error (line 238): must begin only by tabulations
Error (line 239): bad indentation
Error (line 239): must begin only by tabulations
Error (line 240): bad indentation
Error (line 240): must begin only by tabulations
Error (line 241): comment not well placed
Error (line 241): comment not well formatted
Error (line 242): comment not well placed
Error (line 242): comment not well formatted
Error (line 243): comment not well placed
Error (line 243): comment not well formatted
Error (line 244): comment not well placed
Error (line 244): comment not well formatted
Error (line 245): bad indentation
Error (line 245): must begin only by tabulations
Error (line 246): bad indentation
Error (line 246): must begin only by tabulations
Error (line 248): bad indentation
Error (line 248): comment not well placed
Error (line 248): comment not well formatted
Error (line 248): must begin only by tabulations
Error (line 250): bad indentation
Error (line 250): must begin only by tabulations
Error (line 251): bad indentation
Error (line 251): comment not well placed
Error (line 251): comment not well formatted
Error (line 251): must begin only by tabulations
Error (line 252): bad indentation
Error (line 252): must begin only by tabulations
Error (line 253): bad indentation
Error (line 253): must begin only by tabulations
Error (line 254): bad indentation
Error (line 254): must begin only by tabulations
Error (line 255): bad indentation
Error (line 255): must begin only by tabulations
Error (line 256): bad indentation
Error (line 256): must begin only by tabulations
Error (line 257): bad indentation
Error (line 257): must begin only by tabulations
Error (line 258): bad indentation
Error (line 258): comment not well placed
Error (line 258): comment not well formatted
Error (line 258): must begin only by tabulations
Error (line 259): bad indentation
Error (line 259): comment not well placed
Error (line 259): comment not well formatted
Error (line 259): must begin only by tabulations
Error (line 260): bad indentation
Error (line 260): comment not well placed
Error (line 260): comment not well formatted
Error (line 260): must begin only by tabulations
Error (line 261): bad indentation
Error (line 261): comment not well placed
Error (line 261): comment not well formatted
Error (line 261): must begin only by tabulations
Error (line 262): bad indentation
Error (line 262): comment not well placed
Error (line 262): comment not well formatted
Error (line 262): must begin only by tabulations
Error (line 263): bad indentation
Error (line 263): comment not well placed
Error (line 263): comment not well formatted
Error (line 263): must begin only by tabulations
Error (line 264): bad indentation
Error (line 264): comment not well placed
Error (line 264): comment not well formatted
Error (line 264): must begin only by tabulations
Error (line 265): bad indentation
Error (line 265): comment not well placed
Error (line 265): comment not well formatted
Error (line 265): must begin only by tabulations
Error (line 266): bad indentation
Error (line 266): comment not well placed
Error (line 266): comment not well formatted
Error (line 266): must begin only by tabulations
Error (line 268): bad indentation
Error (line 268): comment not well placed
Error (line 268): comment not well formatted
Error (line 268): must begin only by tabulations
Error (line 269): bad indentation
Error (line 269): must begin only by tabulations
Error (line 270): bad indentation
Error (line 270): must begin only by tabulations
Error (line 271): bad indentation
Error (line 271): must begin only by tabulations
Error (line 272): bad indentation
Error (line 272): must begin only by tabulations
Error (line 273): bad indentation
Error (line 273): must begin only by tabulations
Error (line 274): bad indentation
Error (line 274): must begin only by tabulations
Error (line 275): bad indentation
Error (line 275): must begin only by tabulations
Error (line 276): bad indentation
Error (line 276): must begin only by tabulations
Error (line 277): bad indentation
Error (line 277): must begin only by tabulations
Error (line 278): bad indentation
Error (line 278): must begin only by tabulations
Error (line 279): bad indentation
Error (line 279): must begin only by tabulations
Error (line 281): bad indentation
Error (line 281): must begin only by tabulations
Error (line 282): bad indentation
Error (line 282): must begin only by tabulations
Error (line 283): bad indentation
Error (line 283): must begin only by tabulations
Error (line 284): bad indentation
Error (line 284): must begin only by tabulations
Error (line 285): bad indentation
Error (line 285): must begin only by tabulations
Error (line 286): bad indentation
Error (line 286): must begin only by tabulations
Error (line 287): bad indentation
Error (line 287): must begin only by tabulations
Error (line 288): bad indentation
Error (line 288): must begin only by tabulations
Error (line 289): bad indentation
Error (line 289): must begin only by tabulations
Error (line 290): bad indentation
Error (line 290): must begin only by tabulations
Error (line 291): bad indentation
Error (line 291): must begin only by tabulations
Error (line 292): bad indentation
Error (line 292): must begin only by tabulations
Error (line 293): bad indentation
Error (line 293): must begin only by tabulations
Error (line 294): bad indentation
Error (line 294): must begin only by tabulations
Error (line 295): bad indentation
Error (line 295): must begin only by tabulations
Error (line 296): bad indentation
Error (line 296): must begin only by tabulations
Error (line 297): bad indentation
Error (line 297): must begin only by tabulations
Error (line 298): bad indentation
Error (line 298): must begin only by tabulations
Error (line 299): bad indentation
Error (line 299): must begin only by tabulations
Error (line 300): bad indentation
Error (line 300): must begin only by tabulations
Error (line 301): bad indentation
Error (line 301): must begin only by tabulations
Error (line 302): bad indentation
Error (line 302): must begin only by tabulations
Error (line 303): bad indentation
Error (line 303): must begin only by tabulations
Error (line 304): bad indentation
Error (line 304): must begin only by tabulations
Error (line 305): bad indentation
Error (line 305): must begin only by tabulations
Error (line 306): bad indentation
Error (line 306): must begin only by tabulations
Error (line 307): bad indentation
Error (line 307): must begin only by tabulations
Error (line 308): bad indentation
Error (line 308): must begin only by tabulations
Error (line 309): bad indentation
Error (line 309): must begin only by tabulations
Error (line 310): bad indentation
Error (line 310): must begin only by tabulations
Error (line 311): bad indentation
Error (line 311): must begin only by tabulations
Error (line 312): bad indentation
Error (line 312): must begin only by tabulations
Error (line 313): bad indentation
Error (line 313): must begin only by tabulations
Error (line 314): bad indentation
Error (line 314): must begin only by tabulations
Error (line 315): bad indentation
Error (line 315): must begin only by tabulations
Error (line 316): bad indentation
Error (line 316): must begin only by tabulations
Error (line 317): bad indentation
Error (line 317): must begin only by tabulations
Error (line 318): bad indentation
Error (line 318): must begin only by tabulations
Error (line 319): bad indentation
Error (line 319): must begin only by tabulations
Error (line 320): bad indentation
Error (line 320): must begin only by tabulations
Error (line 321): bad indentation
Error (line 321): must begin only by tabulations
Error (line 322): bad indentation
Error (line 322): must begin only by tabulations
Error (line 323): bad indentation
Error (line 323): must begin only by tabulations
Error (line 324): bad indentation
Error (line 324): must begin only by tabulations
Error (line 325): bad indentation
Error (line 325): must begin only by tabulations
Error (line 326): bad indentation
Error (line 326): must begin only by tabulations
Error (line 328): bad indentation
Error (line 328): must begin only by tabulations
Error (line 329): bad indentation
Error (line 329): must begin only by tabulations
Error (line 330): bad indentation
Error (line 330): comment not well placed
Error (line 330): comment not well formatted
Error (line 330): must begin only by tabulations
Error (line 331): bad indentation
Error (line 331): comment not well placed
Error (line 331): comment not well formatted
Error (line 331): must begin only by tabulations
Error (line 332): bad indentation
Error (line 332): must begin only by tabulations
Error (line 333): bad indentation
Error (line 333): must begin only by tabulations
Error (line 334): bad indentation
Error (line 334): comment not well placed
Error (line 334): comment not well formatted
Error (line 334): must begin only by tabulations
Error (line 335): bad indentation
Error (line 335): comment not well placed
Error (line 335): comment not well formatted
Error (line 335): must begin only by tabulations
Error (line 337): bad indentation
Error (line 337): comment not well placed
Error (line 337): comment not well formatted
Error (line 337): must begin only by tabulations
Error (line 342): bad indentation
Error (line 342): comment not well placed
Error (line 342): comment not well formatted
Error (line 342): must begin only by tabulations
Error (line 344): bad indentation
Error (line 344): comment not well placed
Error (line 344): comment not well formatted
Error (line 344): must begin only by tabulations
Error (line 349): bad indentation
Error (line 349): comment not well placed
Error (line 349): comment not well formatted
Error (line 349): must begin only by tabulations
Error (line 351): bad indentation
Error (line 351): must begin only by tabulations
Error (line 352): bad indentation
Error (line 352): must begin only by tabulations
Error (line 353): bad indentation
Error (line 353): must begin only by tabulations
Error (line 354): bad indentation
Error (line 354): must begin only by tabulations
Error (line 355): bad indentation
Error (line 355): must begin only by tabulations
Error (line 356): bad indentation
Error (line 356): must begin only by tabulations
Error (line 357): bad indentation
Error (line 357): must begin only by tabulations
Error (line 358): bad indentation
Error (line 358): must begin only by tabulations
Error (line 359): bad indentation
Error (line 359): must begin only by tabulations
Error (line 360): bad indentation
Error (line 360): must begin only by tabulations
Error (line 361): bad indentation
Error (line 361): must begin only by tabulations
Error (line 362): bad indentation
Error (line 362): must begin only by tabulations
Error (line 363): bad indentation
Error (line 363): must begin only by tabulations
Error (line 364): bad indentation
Error (line 364): must begin only by tabulations
Error (line 365): bad indentation
Error (line 365): must begin only by tabulations
Error (line 366): bad indentation
Error (line 366): must begin only by tabulations
Error (line 367): bad indentation
Error (line 367): must begin only by tabulations
Error (line 369): bad indentation
Error (line 369): comment not well placed
Error (line 369): comment not well formatted
Error (line 369): must begin only by tabulations
Error (line 371): bad indentation
Error (line 371): comment not well placed
Error (line 371): comment not well formatted
Error (line 371): must begin only by tabulations
Error (line 376): bad indentation
Error (line 376): comment not well placed
Error (line 376): comment not well formatted
Error (line 376): must begin only by tabulations
Error (line 378): bad indentation
Error (line 378): must begin only by tabulations
Error (line 379): bad indentation
Error (line 379): must begin only by tabulations
Error (line 380): bad indentation
Error (line 380): comment not well placed
Error (line 380): comment not well formatted
Error (line 380): must begin only by tabulations
Error (line 382): bad indentation
Error (line 382): must begin only by tabulations
Error (line 383): bad indentation
Error (line 383): must begin only by tabulations
Error (line 384): bad indentation
Error (line 384): must begin only by tabulations
Error (line 385): bad indentation
Error (line 385): must begin only by tabulations
Error (line 386): bad indentation
Error (line 386): must begin only by tabulations
Error (line 388): bad indentation
Error (line 388): must begin only by tabulations
Error (line 389): bad indentation
Error (line 389): must begin only by tabulations
Error (line 391): bad indentation
Error (line 391): comment not well placed
Error (line 391): comment not well formatted
Error (line 391): must begin only by tabulations
Error (line 393): bad indentation
Error (line 393): comment not well placed
Error (line 393): comment not well formatted
Error (line 393): must begin only by tabulations
Error (line 398): bad indentation
Error (line 398): comment not well placed
Error (line 398): comment not well formatted
Error (line 398): must begin only by tabulations
Error (line 400): bad indentation
Error (line 400): must begin only by tabulations
Error (line 401): bad indentation
Error (line 401): must begin only by tabulations
Error (line 403): bad indentation
Error (line 403): comment not well placed
Error (line 403): comment not well formatted
Error (line 403): must begin only by tabulations
Error (line 405): bad indentation
Error (line 405): comment not well placed
Error (line 405): comment not well formatted
Error (line 405): must begin only by tabulations
Error (line 407): bad indentation
Error (line 407): comment not well placed
Error (line 407): comment not well formatted
Error (line 407): must begin only by tabulations
Error (line 409, col 2): SDL_Scancode have not a good prefix.
Error (line 409, col 2): SDL_Scancode not unixcase
Error (line 411): comment not well formatted
Error (line 413): comment not well formatted
Norme: ./libsdl/include/SDL2/SDL_shape.h
Warning: /Users/sbrella/Desktop/RT/libsdl/include/SDL2/SDL_shape.h may not compile or is invalid for some reasons.
Norme: ./libsdl/include/SDL2/SDL_stdinc.h
Warning: /Users/sbrella/Desktop/RT/libsdl/include/SDL2/SDL_stdinc.h may not compile or is invalid for some reasons.
Norme: ./libsdl/include/SDL2/SDL_surface.h
Warning: /Users/sbrella/Desktop/RT/libsdl/include/SDL2/SDL_surface.h may not compile or is invalid for some reasons.
Norme: ./libsdl/include/SDL2/SDL_system.h
Warning: /Users/sbrella/Desktop/RT/libsdl/include/SDL2/SDL_system.h may not compile or is invalid for some reasons.
Norme: ./libsdl/include/SDL2/SDL_syswm.h
Warning: /Users/sbrella/Desktop/RT/libsdl/include/SDL2/SDL_syswm.h may not compile or is invalid for some reasons.
Norme: ./libsdl/include/SDL2/SDL_test.h
Warning: /Users/sbrella/Desktop/RT/libsdl/include/SDL2/SDL_test.h may not compile or is invalid for some reasons.
Norme: ./libsdl/include/SDL2/SDL_test_assert.h
Warning: /Users/sbrella/Desktop/RT/libsdl/include/SDL2/SDL_test_assert.h may not compile or is invalid for some reasons.
Norme: ./libsdl/include/SDL2/SDL_opengl_glext.h
Warning: /Users/sbrella/Desktop/RT/libsdl/include/SDL2/SDL_opengl_glext.h may not compile or is invalid for some reasons.
Norme: ./libsdl/include/SDL2/SDL_platform.h
Warning: /Users/sbrella/Desktop/RT/libsdl/include/SDL2/SDL_platform.h may not compile or is invalid for some reasons.
Norme: ./libsdl/include/SDL2/SDL_sensor.h
Warning: /Users/sbrella/Desktop/RT/libsdl/include/SDL2/SDL_sensor.h may not compile or is invalid for some reasons.
Norme: ./libsdl/include/SDL2/SDL_test_compare.h
Warning: /Users/sbrella/Desktop/RT/libsdl/include/SDL2/SDL_test_compare.h may not compile or is invalid for some reasons.
Norme: ./libsdl/include/SDL2/SDL_test_crc32.h
Warning: /Users/sbrella/Desktop/RT/libsdl/include/SDL2/SDL_test_crc32.h may not compile or is invalid for some reasons.
Norme: ./libsdl/include/SDL2/SDL_test_font.h
Warning: /Users/sbrella/Desktop/RT/libsdl/include/SDL2/SDL_test_font.h may not compile or is invalid for some reasons.
Norme: ./libsdl/include/SDL2/SDL_test_harness.h
Warning: /Users/sbrella/Desktop/RT/libsdl/include/SDL2/SDL_test_harness.h may not compile or is invalid for some reasons.
Norme: ./libsdl/include/SDL2/SDL_test_images.h
Warning: /Users/sbrella/Desktop/RT/libsdl/include/SDL2/SDL_test_images.h may not compile or is invalid for some reasons.
Norme: ./libsdl/include/SDL2/SDL_test_log.h
Warning: /Users/sbrella/Desktop/RT/libsdl/include/SDL2/SDL_test_log.h may not compile or is invalid for some reasons.
Norme: ./libsdl/include/SDL2/SDL_test_fuzzer.h
Warning: /Users/sbrella/Desktop/RT/libsdl/include/SDL2/SDL_test_fuzzer.h may not compile or is invalid for some reasons.
Norme: ./libsdl/include/SDL2/SDL_test_memory.h
Warning: /Users/sbrella/Desktop/RT/libsdl/include/SDL2/SDL_test_memory.h may not compile or is invalid for some reasons.
Norme: ./libsdl/include/SDL2/SDL_test_random.h
Warning: /Users/sbrella/Desktop/RT/libsdl/include/SDL2/SDL_test_random.h may not compile or is invalid for some reasons.
Norme: ./libsdl/include/SDL2/SDL_test_common.h
Warning: /Users/sbrella/Desktop/RT/libsdl/include/SDL2/SDL_test_common.h may not compile or is invalid for some reasons.
Norme: ./libsdl/include/SDL2/SDL_timer.h
Warning: /Users/sbrella/Desktop/RT/libsdl/include/SDL2/SDL_timer.h may not compile or is invalid for some reasons.
Norme: ./libsdl/include/SDL2/SDL_thread.h
Warning: /Users/sbrella/Desktop/RT/libsdl/include/SDL2/SDL_thread.h may not compile or is invalid for some reasons.
Norme: ./libsdl/include/SDL2/SDL_touch.h
Warning: /Users/sbrella/Desktop/RT/libsdl/include/SDL2/SDL_touch.h may not compile or is invalid for some reasons.
Norme: ./libsdl/include/SDL2/SDL_test_md5.h
Warning: /Users/sbrella/Desktop/RT/libsdl/include/SDL2/SDL_test_md5.h may not compile or is invalid for some reasons.
Norme: ./libsdl/include/SDL2/SDL_types.h
Error: bad filename : SDL_types.h
Error: not protected against double inclusion
Error: 42 header not at top of the file
Error (line 22): comment not well formatted
Error (line 28): comment not well formatted
Norme: ./libsdl/include/SDL2/SDL_vulkan.h
Warning: /Users/sbrella/Desktop/RT/libsdl/include/SDL2/SDL_vulkan.h may not compile or is invalid for some reasons.
Norme: ./libsdl/include/SDL2/SDL_version.h
Warning: /Users/sbrella/Desktop/RT/libsdl/include/SDL2/SDL_version.h may not compile or is invalid for some reasons.
Norme: ./libsdl/srcs/ft_exit.c
Error (line 16): comment not well formatted
Norme: ./libsdl/include/SDL2/SDL_video.h
Warning: /Users/sbrella/Desktop/RT/libsdl/include/SDL2/SDL_video.h may not compile or is invalid for some reasons.
Norme: ./libsdl/srcs/ft_get_light.c
Error: file must end with a single empty line
Error (line 13): comment not well formatted
Error (line 23, col 0): no newline after block
Norme: ./libsdl/srcs/ft_get_color.c
Error: file must end with a single empty line
Error (line 15): comment not well formatted
Error (line 20): bad spacing before ft_get_color
Error (line 32, col 0): no newline after block
Norme: ./libsdl/srcs/ft_hex_to_rgb.c
Error: file must end with a single empty line
Error (line 15): comment not well formatted
Error (line 16): spaces at the end of line
Error (line 18): spaces at the end of line
Error (line 21): Space before function name
Error (line 21): declarations must be followed by one empty line in ft_hex_to_rgb
Error (line 24): spaces at the end of line
Error (line 25): spaces at the end of line
Error (line 26): spaces at the end of line
Error (line 29, col 0): no newline after block
Norme: ./libsdl/srcs/ft_init_window.c
Error (line 15): comment not well formatted
Error (line 16): spaces at the end of line
Norme: ./libsdl/srcs/ft_input.c
Error (line 15): comment not well formatted
Error (line 16): line has 87 characters
Error (line 18): line has 85 characters
Error (line 21): bad spacing before ft_input
Norme: ./libsdl/includes/libsdl.h
Error: file must end with a single empty line
Error: global scope bad aligned
Error (line 14): wrong number of spaces in preprocessor indentation
Error (line 15): wrong number of spaces in preprocessor indentation
Error (line 16): wrong number of spaces in preprocessor indentation
Error (line 17): wrong number of spaces in preprocessor indentation
Error (line 18): wrong number of spaces in preprocessor indentation
Error (line 20): define not upcase
Error (line 20): wrong number of spaces in preprocessor indentation
Error (line 20): C++ comment
Error (line 20): line has 94 characters
Error (line 21): define not upcase
Error (line 21): wrong number of spaces in preprocessor indentation
Error (line 21): C++ comment
Error (line 21): line has 94 characters
Error (line 22): define not upcase
Error (line 22): wrong number of spaces in preprocessor indentation
Error (line 22): C++ comment
Error (line 22): line has 93 characters
Error (line 23): define not upcase
Error (line 23): wrong number of spaces in preprocessor indentation
Error (line 23): C++ comment
Error (line 23): line has 84 characters
Error (line 23): preprocessor block must be followed by one empty line
Error (line 24): C++ comment
Error (line 25): define not upcase
Error (line 25): wrong number of spaces in preprocessor indentation
Error (line 25): line has 84 characters
Error (line 25): preprocessor block must be followed by one empty line
Error (line 26): C++ comment
Error (line 27): define not upcase
Error (line 27): wrong number of spaces in preprocessor indentation
Error (line 27): line has 96 characters
Error (line 27): preprocessor block must be followed by one empty line
Error (line 28): C++ comment
Error (line 28): line has 90 characters
Error (line 29): define not upcase
Error (line 29): wrong number of spaces in preprocessor indentation
Error (line 29): line has 87 characters
Error (line 29): preprocessor block must be followed by one empty line
Error (line 30): C++ comment
Error (line 31): define not upcase
Error (line 31): multiline define
Error (line 31): wrong number of spaces in preprocessor indentation
Error (line 31): preprocessor block must be followed by one empty line
Error (line 32): line has 121 characters
Error (line 33): line has 122 characters
Error (line 34): define not upcase
Error (line 34): wrong number of spaces in preprocessor indentation
Error (line 35): define not upcase
Error (line 35): wrong number of spaces in preprocessor indentation
Error (line 43): multiple empty lines
Error (line 53): s_vector3db and t_vector3db not aligned.
Error (line 53): must have only tabulations between struct and s_vector3db.
Error (line 60): Struct s_poly bad aligned
Error (line 69): multiple empty lines
Error (line 70): s_rgba and t_rgba not aligned.
Error (line 70): must have only tabulations between struct and s_rgba.
Error (line 75): spaces at the end of line
Error (line 78): multiple empty lines
Error (line 90): s_mouse and t_mouse not aligned.
Error (line 90): must have only tabulations between struct and s_mouse.
Error (line 97): spaces at the end of line
Error (line 99): s_surface and t_surface not aligned.
Error (line 99): must have only tabulations between struct and s_surface.
Error (line 106): s_texture and t_texture not aligned.
Error (line 106): must have only tabulations between struct and s_texture.
Error (line 106): Struct s_texture bad aligned
Error (line 115): multiple empty lines
Error (line 116): s_size and t_size not aligned.
Error (line 116): must have only tabulations between struct and s_size.
Error (line 122): s_rectangle and t_rectangle not aligned.
Error (line 122): must have only tabulations between struct and s_rectangle.
Error (line 128): s_sdl and t_sdl not aligned.
Error (line 128): must have only tabulations between struct and s_sdl.
Error (line 128): Struct s_sdl bad aligned
Error (line 132): spaces at the end of line
Error (line 152, col 9): bad spacing
Error (line 153, col 3): bad spacing
Error (line 157, col 6): bad spacing
Error (line 160): line has 83 characters
Norme: ./libsdl/srcs/ft_percent.c
Error: file must end with a single empty line
Error (line 13): comment not well formatted
Error (line 27, col 0): no newline after block
Norme: ./libsdl/srcs/ft_line.c
Error: file must end with a single empty line
Error: 42 header not at top of the file
Error (line 3): multiple empty lines
Error (line 4): bad spacing before ft_line
Error (line 4): Space before function name
Error (line 4): declarations in ft_line are bad aligned
Error (line 4): function ft_line has 27 lines
Error (line 4): declarations in ft_line must be at the top of the function
Error (line 4): declarations must be followed by one empty line in ft_line
Error (line 4, col 0): ft_line has 7 variables
Error (line 7): spaces at the end of line
Error (line 7): bad indentation
Error (line 7): must begin only by tabulations
Error (line 7, col 8): steep is instanciated during declaration
Error (line 8): spaces at the end of line
Error (line 8): bad indentation
Error (line 8): missing newline after if
Error (line 8): must begin only by tabulations
Error (line 8, col 26): missing space around <
Error (line 8, col 47): no newline before block
Error (line 8, col 47): no newline after block
Error (line 9): spaces at the end of line
Error (line 9): bad indentation
Error (line 9): must begin only by tabulations
Error (line 10): spaces at the end of line
Error (line 10): bad indentation
Error (line 10): must begin only by tabulations
Error (line 11): spaces at the end of line
Error (line 11): bad indentation
Error (line 11): must begin only by tabulations
Error (line 12): spaces at the end of line
Error (line 12): bad indentation
Error (line 12): must begin only by tabulations
Error (line 12, col 4): no newline after block
Error (line 13): spaces at the end of line
Error (line 13): bad indentation
Error (line 13): missing newline after if
Error (line 13): must begin only by tabulations
Error (line 13, col 13): missing space around >
Error (line 13, col 21): no newline before block
Error (line 13, col 21): no newline after block
Error (line 14): spaces at the end of line
Error (line 14): bad indentation
Error (line 14): must begin only by tabulations
Error (line 15): spaces at the end of line
Error (line 15): bad indentation
Error (line 15): must begin only by tabulations
Error (line 16): spaces at the end of line
Error (line 16): bad indentation
Error (line 16): must begin only by tabulations
Error (line 16, col 4): no newline after block
Error (line 17): spaces at the end of line
Error (line 17): bad indentation
Error (line 17): must begin only by tabulations
Error (line 17, col 8): dx is instanciated during declaration
Error (line 17, col 18): missing space around -
Error (line 18): spaces at the end of line
Error (line 18): bad indentation
Error (line 18): must begin only by tabulations
Error (line 18, col 8): dy is instanciated during declaration
Error (line 18, col 18): missing space around -
Error (line 19): spaces at the end of line
Error (line 19): bad indentation
Error (line 19): must begin only by tabulations
Error (line 19, col 10): derror is instanciated during declaration
Error (line 19, col 26): missing space around /
Error (line 20): spaces at the end of line
Error (line 20): bad indentation
Error (line 20): must begin only by tabulations
Error (line 20, col 10): error is instanciated during declaration
Error (line 21): spaces at the end of line
Error (line 21): bad indentation
Error (line 21): must begin only by tabulations
Error (line 21, col 8): y is instanciated during declaration
Error (line 22): spaces at the end of line
Error (line 22): bad indentation
Error (line 22): for detected
Error (line 22): must begin only by tabulations
Error (line 22): 2 instructions
Error (line 22, col 13): x is instanciated during declaration
Error (line 22, col 14): missing space around =
Error (line 22, col 23): missing space around <=
Error (line 22, col 37): no newline before block
Error (line 22, col 37): no newline after block
Error (line 23): spaces at the end of line
Error (line 23): bad indentation
Error (line 23): missing newline after if
Error (line 23): must begin only by tabulations
Error (line 23, col 19): no newline before block
Error (line 23, col 19): no newline after block
Error (line 24): bad indentation
Error (line 24): must begin only by tabulations
Error (line 24): 2 instructions
Error (line 25): spaces at the end of line
Error (line 25): bad indentation
Error (line 25): must begin only by tabulations
Error (line 25, col 8): no newline after block
Error (line 25, col 15): no newline before block
Error (line 25, col 15): no newline after block
Error (line 26): bad indentation
Error (line 26): must begin only by tabulations
Error (line 27): spaces at the end of line
Error (line 27): bad indentation
Error (line 27): must begin only by tabulations
Error (line 27, col 8): no newline after block
Error (line 28): spaces at the end of line
Error (line 28): bad indentation
Error (line 28): must begin only by tabulations
Error (line 29): spaces at the end of line
Error (line 29): bad indentation
Error (line 29): missing newline after if
Error (line 29): must begin only by tabulations
Error (line 29, col 17): missing space around >
Error (line 29, col 22): no newline before block
Error (line 29, col 22): no newline after block
Error (line 30): spaces at the end of line
Error (line 30): bad indentation
Error (line 30): must begin only by tabulations
Error (line 30, col 23): missing space around >
Error (line 30, col 29): missing space around ?
Error (line 30, col 31): missing space around :
Error (line 31): spaces at the end of line
Error (line 31): bad indentation
Error (line 31): must begin only by tabulations
Error (line 32): spaces at the end of line
Error (line 32): bad indentation
Error (line 32): must begin only by tabulations
Error (line 32, col 8): no newline after block
Error (line 33): spaces at the end of line
Error (line 33): bad indentation
Error (line 33): must begin only by tabulations
Error (line 33, col 4): no newline after block
Error (line 34): spaces at the end of line
Error (line 34, col 0): no newline after block
Norme: ./libsdl/srcs/ft_draw_poly.c
Error: file must end with a single empty line
Error: global scope bad aligned
Error (line 17): C++ comment
Error (line 18): bad spacing before ScanLine
Error (line 18): bad spacing after ScanLine
Error (line 18): Space before function name
Error (line 18): function ScanLine has 51 lines
Error (line 18): line has 88 characters
Error (line 18): ScanLine have 6 parameters
Error (line 18, col 7): ScanLine has 12 variables
Error (line 18, col 7): ScanLine not unixcase
Error (line 18, col 57): ContourX not unixcase
Error (line 20): bad indentation
Error (line 20): multiple declarations
Error (line 20): must begin only by tabulations
Error (line 22): bad indentation
Error (line 22): must begin only by tabulations
Error (line 23): bad indentation
Error (line 23): must begin only by tabulations
Error (line 24): Empty line
Error (line 25): bad indentation
Error (line 25): missing newline after if
Error (line 25): must begin only by tabulations
Error (line 25): 2 instructions
Error (line 26): bad indentation
Error (line 26): missing newline after if
Error (line 26): must begin only by tabulations
Error (line 26): 3 instructions
Error (line 27): bad indentation
Error (line 27): must begin only by tabulations
Error (line 28): Empty line
Error (line 29): bad indentation
Error (line 29): missing newline after if
Error (line 29): must begin only by tabulations
Error (line 29): 2 instructions
Error (line 30): bad indentation
Error (line 30): missing newline after if
Error (line 30): must begin only by tabulations
Error (line 30): 3 instructions
Error (line 31): bad indentation
Error (line 31): must begin only by tabulations
Error (line 32): Empty line
Error (line 33): bad indentation
Error (line 33): must begin only by tabulations
Error (line 34): bad indentation
Error (line 34): must begin only by tabulations
Error (line 35): bad indentation
Error (line 35): must begin only by tabulations
Error (line 36): bad indentation
Error (line 36): must begin only by tabulations
Error (line 37): Empty line
Error (line 38): bad indentation
Error (line 38): must begin only by tabulations
Error (line 39): bad indentation
Error (line 39): must begin only by tabulations
Error (line 40): bad indentation
Error (line 40): must begin only by tabulations
Error (line 41): bad indentation
Error (line 41): must begin only by tabulations
Error (line 42): bad indentation
Error (line 42): must begin only by tabulations
Error (line 43): bad indentation
Error (line 43): must begin only by tabulations
Error (line 44): bad indentation
Error (line 44): must begin only by tabulations
Error (line 45): Empty line
Error (line 46): bad indentation
Error (line 46): 2 assignations
Error (line 46): must begin only by tabulations
Error (line 46): 2 instructions
Error (line 47): bad indentation
Error (line 47): must begin only by tabulations
Error (line 48): bad indentation
Error (line 48): must begin only by tabulations
Error (line 49): Empty line
Error (line 50): bad indentation
Error (line 50): must begin only by tabulations
Error (line 51): bad indentation
Error (line 51): must begin only by tabulations
Error (line 52): bad indentation
Error (line 52): must begin only by tabulations
Error (line 53): bad indentation
Error (line 53): must begin only by tabulations
Error (line 54): bad indentation
Error (line 54): missing newline after if
Error (line 54): must begin only by tabulations
Error (line 54): 2 instructions
Error (line 55): bad indentation
Error (line 55): missing newline after if
Error (line 55): must begin only by tabulations
Error (line 55): 2 instructions
Error (line 56): bad indentation
Error (line 56): must begin only by tabulations
Error (line 57): Empty line
Error (line 58): bad indentation
Error (line 58): must begin only by tabulations
Error (line 59): bad indentation
Error (line 59): must begin only by tabulations
Error (line 60): bad indentation
Error (line 60): must begin only by tabulations
Error (line 61): bad indentation
Error (line 61): must begin only by tabulations
Error (line 62): bad indentation
Error (line 62): must begin only by tabulations
Error (line 63): bad indentation
Error (line 63): must begin only by tabulations
Error (line 64): bad indentation
Error (line 64): must begin only by tabulations
Error (line 65): bad indentation
Error (line 65): must begin only by tabulations
Error (line 66): bad indentation
Error (line 66): must begin only by tabulations
Error (line 67): bad indentation
Error (line 67): must begin only by tabulations
Error (line 68): bad indentation
Error (line 68): must begin only by tabulations
Error (line 69): bad indentation
Error (line 69): must begin only by tabulations
Error (line 70): bad indentation
Error (line 70): must begin only by tabulations
Error (line 73): multiple empty lines
Error (line 74): bad spacing before ft_draw_poly
Error (line 74): Space before function name
Error (line 74): declarations in ft_draw_poly are bad aligned
Error (line 74): function ft_draw_poly has 26 lines
Error (line 74): declarations in ft_draw_poly must be at the top of the function
Error (line 76): bad indentation
Error (line 76): must begin only by tabulations
Error (line 77): bad indentation
Error (line 77): must begin only by tabulations
Error (line 77, col 7): ContourX not unixcase
Error (line 78): bad indentation
Error (line 78): for detected
Error (line 78): must begin only by tabulations
Error (line 78): 2 instructions
Error (line 79): bad indentation
Error (line 79): must begin only by tabulations
Error (line 80): bad indentation
Error (line 80): C++ comment
Error (line 80): must begin only by tabulations
Error (line 81): bad indentation
Error (line 81): C++ comment
Error (line 81): must begin only by tabulations
Error (line 82): bad indentation
Error (line 82): must begin only by tabulations
Error (line 83): must begin only by tabulations
Error (line 84): bad indentation
Error (line 84): must begin only by tabulations
Error (line 85): bad indentation
Error (line 85): must begin only by tabulations
Error (line 86): bad indentation
Error (line 86): for detected
Error (line 86): must begin only by tabulations
Error (line 86): 2 instructions
Error (line 87): bad indentation
Error (line 87): must begin only by tabulations
Error (line 88): C++ comment
Error (line 88): must begin only by tabulations
Error (line 89): bad indentation
Error (line 89): must begin only by tabulations
Error (line 90): bad indentation
Error (line 90): must begin only by tabulations
Error (line 91): bad indentation
Error (line 91): must begin only by tabulations
Error (line 91, col 11): x is instanciated during declaration
Error (line 92): bad indentation
Error (line 92): must begin only by tabulations
Error (line 92, col 11): len is instanciated during declaration
Error (line 94): bad indentation
Error (line 94): C++ comment
Error (line 94): must begin only by tabulations
Error (line 95): spaces at the end of line
Error (line 95): bad indentation
Error (line 95): must begin only by tabulations
Error (line 96): bad indentation
Error (line 96): must begin only by tabulations
Error (line 97): bad indentation
Error (line 97): must begin only by tabulations
Error (line 98): bad indentation
Error (line 98): must begin only by tabulations
Error (line 99): bad indentation
Error (line 99): must begin only by tabulations
Error (line 100): bad indentation
Error (line 100): must begin only by tabulations
Error (line 101): bad indentation
Error (line 101): must begin only by tabulations
Error (line 102, col 0): no newline after block
Norme: ./libsdl/srcs/ft_ppm_image_read.c
Error: file must end with a single empty line
Error (line 18): comment not well formatted
Error (line 25): Space before function name
Error (line 25): declarations in ft_ppm_image_read are bad aligned
Error (line 25): declarations must be followed by one empty line in ft_ppm_image_read
Error (line 27): bad indentation
Error (line 27): must begin only by tabulations
Error (line 27, col 8): fd is instanciated during declaration
Error (line 31, col 15): bad character after ,
Error (line 34, col 0): no newline after block
Norme: ./libsdl/srcs/ft_plot_line.c
Error (line 15): comment not well formatted
Norme: ./libsdl/srcs/ft_put_pixel.c
Error (line 15): comment not well formatted
Error (line 25): bad indentation
Norme: ./libsdl/srcs/ft_ppm_image_write.c
Error: file must end with a single empty line
Error (line 18): comment not well formatted
Error (line 21): spaces at the end of line
Error (line 25): Space before function name
Error (line 25): declarations in ft_ppm_image_write are bad aligned
Error (line 25): function ft_ppm_image_write has 38 lines
Error (line 25): declarations in ft_ppm_image_write must be at the top of the function
Error (line 25): declarations must be followed by one empty line in ft_ppm_image_write
Error (line 27): bad indentation
Error (line 27): must begin only by tabulations
Error (line 29): spaces at the end of line
Error (line 29, col 10): space after (
Error (line 29, col 21): bad spacing
Error (line 29, col 67): bad character after ;
Error (line 35, col 7): missing space around <
Error (line 38, col 9): missing parentheses in return statement
Error (line 40, col 5): j is instanciated during declaration
Error (line 41, col 31): missing space around +
Error (line 43, col 23): bad character after ,
Error (line 44, col 5): count is instanciated during declaration
Error (line 47, col 6): k is instanciated during declaration
Error (line 50, col 62): bad character after ,
Error (line 57): C++ comment
Error (line 57): line has 85 characters
Error (line 65, col 0): no newline after block
Norme: ./libsdl/srcs/ft_lineclip.c
Error: file must end with a single empty line
Error (line 13): preprocessor block must be followed by one empty line
Error (line 109, col 0): no newline after block
Norme: ./libsdl/srcs/ft_rgb_to_hex.c
Error: file must end with a single empty line
Error (line 15): comment not well formatted
Error (line 26, col 0): no newline after block
Norme: ./libsdl/srcs/ft_surface_clear.c
Error (line 15): comment not well formatted
Norme: ./libsdl/srcs/ft_surface_combine.c
Error: file must end with a single empty line
Error (line 15): comment not well formatted
Error (line 41, col 0): no newline after block
Norme: ./libsdl/srcs/ft_surface_present.c
Error (line 15): comment not well formatted
Norme: ./libsdl/srcs/ft_texture_create.c
Error (line 15): comment not well formatted
Error (line 21): declarations must be followed by one empty line in ft_texture_create
Error (line 24): spaces at the end of line
Norme: ./libsdl/srcs/ft_texture_lock.c
Error: file must end with a single empty line
Error (line 15): comment not well formatted
Error (line 17): spaces at the end of line
Error (line 19): spaces at the end of line
Error (line 24): bad indentation
Error (line 24): C++ comment
Error (line 24): line has 94 characters
Error (line 25): line has 93 characters
Error (line 27, col 0): no newline after block
Norme: ./libsdl/srcs/ft_plot_wline.c
Error: file must end with a single empty line
Error (line 15): comment not well formatted
Error (line 22): multiple empty lines
Error (line 23): bad spacing before plot
Error (line 23): Space before function name
Error (line 23): declarations in plot must be at the top of the function
Error (line 23): declarations must be followed by one empty line in plot
Error (line 23): plot have 5 parameters
Error (line 23, col 7): plot has 10 variables
Error (line 25): bad indentation
Error (line 25): must begin only by tabulations
Error (line 25, col 29): missing space around /
Error (line 26): bad indentation
Error (line 26): must begin only by tabulations
Error (line 26, col 9): pix is instanciated during declaration
Error (line 26, col 21): space after cast
Error (line 27): bad indentation
Error (line 27): multiple declarations
Error (line 27): must begin only by tabulations
Error (line 27, col 8): r0 is instanciated during declaration
Error (line 27, col 34): r1 is instanciated during declaration
Error (line 28): bad indentation
Error (line 28): multiple declarations
Error (line 28): must begin only by tabulations
Error (line 28, col 8): g0 is instanciated during declaration
Error (line 28, col 21): bad spacing
Error (line 28, col 34): g1 is instanciated during declaration
Error (line 28, col 48): bad spacing
Error (line 29): bad indentation
Error (line 29): multiple declarations
Error (line 29): must begin only by tabulations
Error (line 29, col 8): b0 is instanciated during declaration
Error (line 29, col 21): bad spacing
Error (line 29, col 34): b1 is instanciated during declaration
Error (line 29, col 48): bad spacing
Error (line 30): bad indentation
Error (line 30): must begin only by tabulations
Error (line 30, col 8): r is instanciated during declaration
Error (line 30, col 27): missing space around *
Error (line 31): bad indentation
Error (line 31): must begin only by tabulations
Error (line 31, col 8): g is instanciated during declaration
Error (line 31, col 27): missing space around *
Error (line 32): bad indentation
Error (line 32): must begin only by tabulations
Error (line 32, col 8): b is instanciated during declaration
Error (line 32, col 27): missing space around *
Error (line 33): bad indentation
Error (line 33): must begin only by tabulations
Error (line 36): declarations in ft_plot_wline are bad aligned
Error (line 36): function ft_plot_wline has 47 lines
Error (line 36): declarations in ft_plot_wline must be at the top of the function
Error (line 36): declarations must be followed by one empty line in ft_plot_wline
Error (line 36, col 0): ft_plot_wline has 15 variables
Error (line 39): bad indentation
Error (line 39): must begin only by tabulations
Error (line 39, col 8): steep is instanciated during declaration
Error (line 40): bad indentation
Error (line 40): missing newline after if
Error (line 40): 6 assignations
Error (line 40): line has 101 characters
Error (line 40): must begin only by tabulations
Error (line 40): 8 instructions
Error (line 40, col 4): missing space after if
Error (line 40, col 13): bad spacing
Error (line 40, col 16): no newline before block
Error (line 40, col 16): no newline after block
Error (line 40, col 32): missing space around =
Error (line 40, col 45): missing space around =
Error (line 40, col 58): missing space around =
Error (line 40, col 67): missing space around =
Error (line 40, col 80): missing space around =
Error (line 40, col 93): missing space around =
Error (line 40, col 99): no newline before block
Error (line 41): bad indentation
Error (line 41): missing newline after if
Error (line 41): 6 assignations
Error (line 41): line has 107 characters
Error (line 41): must begin only by tabulations
Error (line 41): 8 instructions
Error (line 41, col 4): missing space after if
Error (line 41, col 22): no newline before block
Error (line 41, col 22): no newline after block
Error (line 41, col 38): missing space around =
Error (line 41, col 51): missing space around =
Error (line 41, col 64): missing space around =
Error (line 41, col 73): missing space around =
Error (line 41, col 86): missing space around =
Error (line 41, col 99): missing space around =
Error (line 41, col 105): no newline before block
Error (line 42): bad indentation
Error (line 42): multiple declarations
Error (line 42): must begin only by tabulations
Error (line 42, col 10): dx is instanciated during declaration
Error (line 42, col 20): missing space around -
Error (line 42, col 28): dy is instanciated during declaration
Error (line 42, col 38): missing space around -
Error (line 42, col 46): gradient is instanciated during declaration
Error (line 42, col 59): missing space around /
Error (line 43): bad indentation
Error (line 43): must begin only by tabulations
Error (line 43, col 8): xend is instanciated during declaration
Error (line 44): bad indentation
Error (line 44): must begin only by tabulations
Error (line 44, col 8): yend is instanciated during declaration
Error (line 45): bad indentation
Error (line 45): must begin only by tabulations
Error (line 45, col 10): xgap is instanciated during declaration
Error (line 46): bad indentation
Error (line 46): must begin only by tabulations
Error (line 46, col 8): xpxl1 is instanciated during declaration
Error (line 47): bad indentation
Error (line 47): must begin only by tabulations
Error (line 47, col 8): ypxl1 is instanciated during declaration
Error (line 48): bad indentation
Error (line 48): must begin only by tabulations
Error (line 48, col 4): missing space after if
Error (line 49): bad indentation
Error (line 49): must begin only by tabulations
Error (line 50): bad indentation
Error (line 50): must begin only by tabulations
Error (line 50, col 20): bad character after ,
Error (line 50, col 27): bad spacing
Error (line 51): bad indentation
Error (line 51): must begin only by tabulations
Error (line 51, col 20): bad character after ,
Error (line 51, col 26): missing space around +
Error (line 51, col 36): bad spacing
Error (line 52): bad indentation
Error (line 52): must begin only by tabulations
Error (line 53): bad indentation
Error (line 53): must begin only by tabulations
Error (line 54): bad indentation
Error (line 54): must begin only by tabulations
Error (line 55): bad indentation
Error (line 55): must begin only by tabulations
Error (line 55, col 20): bad character after ,
Error (line 55, col 33): bad spacing
Error (line 55, col 35): space before ,
Error (line 56): bad indentation
Error (line 56): must begin only by tabulations
Error (line 56, col 20): bad character after ,
Error (line 56, col 33): missing space around +
Error (line 56, col 36): bad spacing
Error (line 57): bad indentation
Error (line 57): must begin only by tabulations
Error (line 58): bad indentation
Error (line 58): must begin only by tabulations
Error (line 58, col 10): intery is instanciated during declaration
Error (line 59): bad indentation
Error (line 59): must begin only by tabulations
Error (line 60): bad indentation
Error (line 60): must begin only by tabulations
Error (line 61): bad indentation
Error (line 61): must begin only by tabulations
Error (line 62): bad indentation
Error (line 62): must begin only by tabulations
Error (line 62, col 8): xpxl2 is instanciated during declaration
Error (line 63): bad indentation
Error (line 63): must begin only by tabulations
Error (line 63, col 8): ypxl2 is instanciated during declaration
Error (line 64): bad indentation
Error (line 64): must begin only by tabulations
Error (line 64, col 4): missing space after if
Error (line 65): bad indentation
Error (line 65): must begin only by tabulations
Error (line 66): bad indentation
Error (line 66): must begin only by tabulations
Error (line 66, col 27): bad spacing
Error (line 66, col 29): space before ,
Error (line 67): bad indentation
Error (line 67): must begin only by tabulations
Error (line 67, col 27): missing space around +
Error (line 67, col 37): bad spacing
Error (line 68): bad indentation
Error (line 68): must begin only by tabulations
Error (line 69): bad indentation
Error (line 69): must begin only by tabulations
Error (line 70): bad indentation
Error (line 70): must begin only by tabulations
Error (line 71): bad indentation
Error (line 71): must begin only by tabulations
Error (line 71, col 20): bad character after ,
Error (line 71, col 34): bad spacing
Error (line 72): bad indentation
Error (line 72): must begin only by tabulations
Error (line 72, col 20): bad character after ,
Error (line 72, col 33): missing space around +
Error (line 73): bad indentation
Error (line 73): must begin only by tabulations
Error (line 74): bad indentation
Error (line 74): C++ comment
Error (line 74): must begin only by tabulations
Error (line 75): bad indentation
Error (line 75): for detected
Error (line 75): must begin only by tabulations
Error (line 75): 2 instructions
Error (line 75, col 4): missing space after for
Error (line 75, col 12): x is instanciated during declaration
Error (line 75, col 38): Multi expression statements
Error (line 76): bad indentation
Error (line 76): must begin only by tabulations
Error (line 76, col 8): missing space after if
Error (line 77): bad indentation
Error (line 77): must begin only by tabulations
Error (line 78): bad indentation
Error (line 78): must begin only by tabulations
Error (line 78, col 39): bad spacing
Error (line 78, col 41): space before ,
Error (line 79): bad indentation
Error (line 79): must begin only by tabulations
Error (line 79, col 39): missing space around +
Error (line 79, col 45): bad spacing
Error (line 80): bad indentation
Error (line 80): must begin only by tabulations
Error (line 81): bad indentation
Error (line 81): must begin only by tabulations
Error (line 82): bad indentation
Error (line 82): must begin only by tabulations
Error (line 83): bad indentation
Error (line 83): must begin only by tabulations
Error (line 83, col 43): bad spacing
Error (line 84): bad indentation
Error (line 84): must begin only by tabulations
Error (line 84, col 42): missing space around +
Error (line 85): bad indentation
Error (line 85): must begin only by tabulations
Error (line 86, col 0): no newline after block
Norme: ./libsdl/srcs/ft_surface_create.c
Error: file must end with a single empty line
Error (line 15): comment not well formatted
Error (line 21): Space before function name
Error (line 21): declarations must be followed by one empty line in ft_surface_create
Error (line 29, col 0): no newline after block
Norme: ./libvect/include/libvect.h
Norme: ./libsdl/srcs/ft_vline.c
Error (line 15): multiple empty lines
Error (line 16): C++ comment
Error (line 17): bad spacing before ft_vline
Error (line 17): declarations in ft_vline must be at the top of the function
Error (line 17): declarations must be followed by one empty line in ft_vline
Error (line 19): spaces at the end of line
Error (line 19, col 0): no newline after block
Error (line 20): bad indentation
Error (line 20): C++ comment
Error (line 21): bad indentation
Error (line 21): C++ comment
Error (line 22): bad indentation
Error (line 22): C++ comment
Error (line 23): bad indentation
Error (line 23): C++ comment
Error (line 24): bad indentation
Error (line 24): C++ comment
Error (line 25): bad indentation
Error (line 25): C++ comment
Error (line 26): bad indentation
Error (line 26): C++ comment
Error (line 27): bad indentation
Error (line 27): C++ comment
Error (line 28): bad indentation
Error (line 28): C++ comment
Error (line 29): bad indentation
Error (line 29, col 7): pix is instanciated during declaration
Error (line 30): must begin only by tabulations
Error (line 30, col 41): missing space around -
Error (line 31): must begin only by tabulations
Error (line 31, col 41): missing space around -
Error (line 32, col 1): missing space after if
Error (line 33): bad indentation
Error (line 33): must begin only by tabulations
Error (line 33, col 12): missing space around *
Error (line 33, col 28): missing space around +
Error (line 34, col 6): missing space after if
Error (line 35): must begin only by tabulations
Error (line 36): bad indentation
Error (line 36): must begin only by tabulations
Error (line 37): bad indentation
Error (line 37): for detected
Error (line 37): must begin only by tabulations
Error (line 37): 3 instructions
Error (line 37, col 3): missing space after for
Error (line 37, col 11): y is instanciated during declaration
Error (line 37, col 12): missing space around =
Error (line 37, col 18): missing space around +
Error (line 37, col 23): missing space around <
Error (line 37, col 41): missing space around *
Error (line 38, col 11): missing space around *
Error (line 38, col 26): missing space around +
Error (line 39): must begin only by tabulations
Error (line 42): C++ comment
Error (line 42): line has 94 characters
Error (line 43): C++ comment
Error (line 44): C++ comment
Error (line 45): C++ comment
Error (line 46): C++ comment
Error (line 47): C++ comment
Error (line 48): C++ comment
Error (line 49): C++ comment
Error (line 50): C++ comment
Error (line 51): C++ comment
Error (line 52): C++ comment
Error (line 52): line has 85 characters
Error (line 53): C++ comment
Error (line 54): C++ comment
Error (line 55): C++ comment
Norme: ./libvect/sources/vect_add.c
Norme: ./libvect/sources/vect_cmp.c
Norme: ./libvect/sources/vect_del.c
Norme: ./libvect/sources/vect_init.c
Norme: ./libvect/sources/vect_grow.c
Norme: ./libvect/sources/vect_memmem.c
Norme: ./libvect/sources/vect_mset.c
Norme: ./libvect/sources/vect_mset_end.c
Norme: ./libvect/sources/vect_new.c
Norme: ./libvect/sources/vect_print.c
Norme: ./libvect/sources/vect_push.c
Norme: ./libsdl/srcs/ft_rasterizer.c
Error: file must end with a single empty line
Error (line 33): function triangle has 67 lines
Error (line 33, col 0): triangle has 15 variables
Error (line 40, col 9): A not unixcase
Error (line 41, col 9): B not unixcase
Error (line 64): spaces at the end of line
Error (line 64): bad indentation
Error (line 64): must begin only by tabulations
Error (line 66): nested Ternary
Error (line 69): line has 119 characters
Error (line 69, col 11): bad spacing
Error (line 79): line has 87 characters
Error (line 80): line has 87 characters
Error (line 81): line has 87 characters
Error (line 91): line has 91 characters
Error (line 92): C++ comment
Error (line 94): bad indentation
Error (line 94): C++ comment
Error (line 95): bad indentation
Error (line 95): C++ comment
Error (line 96): bad indentation
Error (line 96): must begin only by tabulations
Error (line 102, col 0): no newline after block
Norme: ./libvect/sources/vect_req.c
Norme: ./libsdl/srcs/ft_texture_present.c
Error: file must end with a single empty line
Error (line 15): comment not well formatted
Error (line 16): spaces at the end of line
Error (line 18): spaces at the end of line
Error (line 26, col 0): no newline after block
Norme: ./libvect/sources/vect_str_push.c
Norme: ./libvect/sources/vect_wrap.c
Norme: ./libvect/sources/vect_memcmp.c
Norme: ./libvect/sources/vect_str_add.c
Norme: ./srcs/cl_error/cl_error.h
Error: 42 header not at top of the file
Error (line 1): wrong number of spaces in preprocessor line
Error (line 4): wrong number of spaces in preprocessor indentation
Error (line 5): multiline define
Error (line 5): wrong number of spaces in preprocessor indentation
Error (line 7): multiline define
Norme: ./srcs/camera/camera_move.c
Error: file must end with a single empty line
Error (line 13): multiple empty lines
Error (line 16): Space before function name
Error (line 16, col 4): bad spacing
Error (line 17): bad indentation
Error (line 39, col 0): no newline after block
Norme: ./srcs/camera/camera_new.c
Error: file must end with a single empty line
Error (line 21, col 27): bad spacing
Error (line 27, col 14): bad spacing
Error (line 29, col 0): no newline after block
Norme: ./srcs/cl_lib/gpu_init.c
Warning: /Users/sbrella/Desktop/RT/srcs/cl_lib/gpu_init.c may not compile or is invalid for some reasons.
Norme: ./srcs/map_parser.c
Norme: ./srcs/math.c
Error: file must end with a single empty line
Error: global scope bad aligned
Error (line 15): bad spacing after ft_look_at
Error (line 15): Space before function name
Error (line 15): declarations must be followed by one empty line in ft_look_at
Error (line 17, col 8): w is instanciated during declaration
Error (line 18, col 8): u is instanciated during declaration
Error (line 19, col 8): v is instanciated during declaration
Error (line 19, col 54): bad character after ,
Error (line 20): spaces at the end of line
Error (line 20): bad indentation
Error (line 20): must begin only by tabulations
Error (line 21): bad indentation
Error (line 21): line has 96 characters
Error (line 21): must begin only by tabulations
Error (line 22): line has 98 characters
Error (line 23): line has 98 characters
Error (line 27): multiple empty lines
Error (line 28): bad spacing before cl_scalar_mul
Error (line 28): Space before function name
Error (line 30, col 24): Spacing after call to create_cfloat3
Error (line 35): Space before function name
Error (line 37, col 24): Spacing after call to create_cfloat3
Error (line 40, col 0): no newline after block
Norme: ./srcs/normals.c
Error: file must end with a single empty line
Error: global scope bad aligned
Error (line 15): comment not well formatted
Error (line 23): Space before function name
Error (line 28): bad spacing after ft_normal3_scalar_multiply
Error (line 28): Space before function name
Error (line 33): multiple empty lines
Error (line 34): comment not well formatted
Error (line 40): multiple empty lines
Error (line 41): bad spacing before ft_normal3_sum
Error (line 41): bad spacing after ft_normal3_sum
Error (line 50): bad spacing before ft_normal3_dot_multiply_vec3
Error (line 50): Space before function name
Error (line 50): must begin only by tabulations
Error (line 55): multiple empty lines
Norme: ./srcs/point.c
Error: file must end with a single empty line
Error: global scope bad aligned
Error: 6 functions in the file
Error (line 15): comment not well formatted
Error (line 21): Space before function name
Error (line 21): declarations must be followed by one empty line in ft_point3_sum
Error (line 22): spaces at the end of line
Error (line 22, col 0): no newline after block
Error (line 23): bad indentation
Error (line 23): must begin only by tabulations
Error (line 24): spaces at the end of line
Error (line 24): bad indentation
Error (line 24): must begin only by tabulations
Error (line 25): bad indentation
Error (line 25): must begin only by tabulations
Error (line 26): bad indentation
Error (line 26): must begin only by tabulations
Error (line 27): bad indentation
Error (line 27): must begin only by tabulations
Error (line 28): bad indentation
Error (line 28): must begin only by tabulations
Error (line 31): comment not well formatted
Error (line 37): Space before function name
Error (line 37): declarations must be followed by one empty line in ft_point3_substract
Error (line 38): spaces at the end of line
Error (line 38, col 0): no newline after block
Error (line 39): bad indentation
Error (line 39): must begin only by tabulations
Error (line 40): spaces at the end of line
Error (line 40): bad indentation
Error (line 40): must begin only by tabulations
Error (line 41): bad indentation
Error (line 41): must begin only by tabulations
Error (line 42): bad indentation
Error (line 42): must begin only by tabulations
Error (line 43): bad indentation
Error (line 43): must begin only by tabulations
Error (line 44): bad indentation
Error (line 44): must begin only by tabulations
Error (line 47): Space before function name
Error (line 47): declarations must be followed by one empty line in ft_point3_substract_vec3
Error (line 48): spaces at the end of line
Error (line 48, col 0): no newline after block
Error (line 49): bad indentation
Error (line 49): must begin only by tabulations
Error (line 50): spaces at the end of line
Error (line 50): bad indentation
Error (line 50): must begin only by tabulations
Error (line 51): bad indentation
Error (line 51): must begin only by tabulations
Error (line 52): bad indentation
Error (line 52): must begin only by tabulations
Error (line 53): bad indentation
Error (line 53): must begin only by tabulations
Error (line 54): bad indentation
Error (line 54): must begin only by tabulations
Error (line 57): Space before function name
Error (line 58): spaces at the end of line
Error (line 58, col 0): no newline after block
Error (line 59): bad indentation
Error (line 59): must begin only by tabulations
Error (line 62): Space before function name
Error (line 63): spaces at the end of line
Error (line 63, col 0): no newline after block
Error (line 64): bad indentation
Error (line 64): must begin only by tabulations
Error (line 67): Space before function name
Error (line 67): declarations must be followed by one empty line in ft_point3_scalar_multiply
Error (line 69): bad indentation
Error (line 69): must begin only by tabulations
Error (line 70): spaces at the end of line
Error (line 70): bad indentation
Error (line 70): must begin only by tabulations
Error (line 71): bad indentation
Error (line 71): must begin only by tabulations
Error (line 72): bad indentation
Error (line 72): must begin only by tabulations
Error (line 73): bad indentation
Error (line 73): must begin only by tabulations
Error (line 74): Empty line
Error (line 75): bad indentation
Error (line 75): must begin only by tabulations
Error (line 76, col 0): no newline after block
Norme: ./srcs/intersect.c
Error: file must end with a single empty line
Error: global scope bad aligned
Error: 6 functions in the file
Error (line 14): wrong number of spaces in preprocessor indentation
Error (line 55): Space before function name
Error (line 80, col 8): space after negative
Error (line 85, col 15): space after negative
Error (line 86, col 16): space after negative
Error (line 89): bad indentation
Error (line 92): Space before function name
Error (line 97): C++ comment
Error (line 98): C++ comment
Error (line 99): C++ comment
Error (line 100): C++ comment
Error (line 102): C++ comment
Error (line 103): C++ comment
Error (line 103): line has 90 characters
Error (line 104): C++ comment
Error (line 105): C++ comment
Error (line 106): C++ comment
Error (line 106): line has 118 characters
Error (line 107): C++ comment
Error (line 108): C++ comment
Error (line 110): C++ comment
Error (line 111): C++ comment
Error (line 112): C++ comment
Error (line 113): C++ comment
Error (line 114): C++ comment
Error (line 115): C++ comment
Error (line 116): C++ comment
Error (line 117): C++ comment
Error (line 117): line has 89 characters
Error (line 118): C++ comment
Error (line 119): C++ comment
Error (line 120): C++ comment
Error (line 121): C++ comment
Error (line 122): C++ comment
Error (line 123): C++ comment
Error (line 124): C++ comment
Norme: ./srcs/rotate.c
Error (line 15): Space before function name
Error (line 15): declarations must be followed by one empty line in ft_vec3_project_test1
Error (line 18, col 4): missing space around +=
Error (line 19): 2 assignations
Error (line 19, col 1): Multi expression statements
Error (line 19, col 6): missing space around =
Error (line 19, col 11): missing space around *
Error (line 19, col 16): missing space around /
Error (line 19, col 20): missing space around +
Error (line 19, col 31): missing space around =
Error (line 19, col 36): missing space around *
Error (line 19, col 41): missing space around /
Error (line 19, col 45): missing space around +
Error (line 23): bad spacing after ft_vec3_rotate_test1
Error (line 23): Space before function name
Error (line 23): declarations in ft_vec3_rotate_test1 are bad aligned
Error (line 23): declarations must be followed by one empty line in ft_vec3_rotate_test1
Error (line 23, col 0): ft_vec3_rotate_test1 has 11 variables
Error (line 25): C++ comment
Error (line 26): spaces at the end of line
Error (line 26, col 11): bad character after ;
Error (line 27): multiple declarations
Error (line 27, col 7): xdeg is instanciated during declaration
Error (line 27, col 11): missing space around =
Error (line 27, col 19): missing space around *
Error (line 27, col 24): missing space around /
Error (line 27, col 30): ydeg is instanciated during declaration
Error (line 27, col 42): missing space around *
Error (line 27, col 47): missing space around /
Error (line 27, col 53): zdeg is instanciated during declaration
Error (line 27, col 65): missing space around *
Error (line 27, col 70): missing space around /
Error (line 28): multiple declarations
Error (line 28, col 7): sx is instanciated during declaration
Error (line 28, col 9): missing space around =
Error (line 28, col 28): sy is instanciated during declaration
Error (line 28, col 49): sz is instanciated during declaration
Error (line 29): multiple declarations
Error (line 29, col 7): cx is instanciated during declaration
Error (line 29, col 9): missing space around =
Error (line 29, col 28): cy is instanciated during declaration
Error (line 29, col 49): cz is instanciated during declaration
Error (line 30): 3 assignations
Error (line 30, col 1): Multi expression statements
Error (line 30, col 10): missing space around =
Error (line 30, col 13): missing space around *
Error (line 30, col 16): missing space around +
Error (line 30, col 19): missing space around *
Error (line 30, col 22): missing space around *
Error (line 30, col 36): missing space around =
Error (line 30, col 40): missing space around *
Error (line 30, col 43): missing space around +
Error (line 30, col 46): missing space around *
Error (line 30, col 49): missing space around *
Error (line 30, col 63): missing space around =
Error (line 30, col 66): missing space around *
Error (line 31): 3 assignations
Error (line 31, col 1): Multi expression statements
Error (line 31, col 10): missing space around =
Error (line 31, col 13): missing space around *
Error (line 31, col 27): missing space around =
Error (line 31, col 30): missing space around *
Error (line 31, col 44): missing space around =
Error (line 32): 3 assignations
Error (line 32, col 1): Multi expression statements
Error (line 32, col 10): missing space around =
Error (line 32, col 14): missing space around *
Error (line 32, col 17): missing space around +
Error (line 32, col 20): missing space around *
Error (line 32, col 23): missing space around *
Error (line 32, col 37): missing space around =
Error (line 32, col 40): missing space around *
Error (line 32, col 43): missing space around +
Error (line 32, col 46): missing space around *
Error (line 32, col 49): missing space around *
Error (line 32, col 63): missing space around =
Error (line 32, col 66): missing space around *
Error (line 33, col 6): missing space around =
Error (line 33, col 10): missing space around *
Error (line 33, col 20): missing space around +
Error (line 33, col 24): missing space around *
Error (line 33, col 34): missing space around +
Error (line 33, col 38): missing space around *
Error (line 34, col 6): missing space around =
Error (line 34, col 10): missing space around *
Error (line 34, col 20): missing space around +
Error (line 34, col 24): missing space around *
Error (line 34, col 34): missing space around +
Error (line 34, col 38): missing space around *
Error (line 35): spaces at the end of line
Error (line 35, col 6): missing space around =
Error (line 35, col 10): missing space around *
Error (line 35, col 20): missing space around +
Error (line 35, col 24): missing space around *
Error (line 35, col 34): missing space around +
Error (line 35, col 38): missing space around *
Error (line 35, col 48): bad character after ;
Error (line 39): multiple empty lines
Error (line 40): bad spacing before ft_vec3_project_test2
Error (line 40): Space before function name
Error (line 49): Space before function name
Error (line 49): declarations in ft_vec3_rotate_test2 are bad aligned
Error (line 49): declarations in ft_vec3_rotate_test2 must be at the top of the function
Error (line 49): declarations must be followed by one empty line in ft_vec3_rotate_test2
Error (line 56): spaces at the end of line
Norme: ./srcs/matrix.c
Error: file must end with a single empty line
Error: global scope bad aligned
Error: 11 functions in the file
Error (line 15): multiple empty lines
Error (line 16): bad spacing before ft_mat4_identity_matrix
Error (line 16): bad spacing after ft_mat4_identity_matrix
Error (line 16): declarations in ft_mat4_identity_matrix are bad aligned
Error (line 36): multiple empty lines
Error (line 37): bad spacing before ft_mat3_multiply_vec3
Error (line 37): Space before function name
Error (line 41): line has 110 characters
Error (line 42): line has 110 characters
Error (line 43): line has 110 characters
Error (line 47): Space before function name
Error (line 51): line has 107 characters
Error (line 52): line has 107 characters
Error (line 53): line has 107 characters
Error (line 57): declarations in ft_mat4_multiply_mat4 are bad aligned
Error (line 124): Space before function name
Error (line 124): declarations in ft_mat4_transpose are bad aligned
Error (line 124): declarations in ft_mat4_transpose must be at the top of the function
Error (line 124): declarations must be followed by one empty line in ft_mat4_transpose
Error (line 126, col 7): bad spacing
Error (line 128, col 5): j is instanciated during declaration
Error (line 129, col 5): k is instanciated during declaration
Error (line 143): declarations in ft_mat4_rotation_matrix are bad aligned
Error (line 167): Space before function name
Error (line 167): declarations must be followed by one empty line in ft_mat4_print
Error (line 169, col 5): j is instanciated during declaration
Error (line 170, col 5): k is instanciated during declaration
Error (line 177): bad indentation
Error (line 177): must begin only by tabulations
Error (line 183, col 0): no newline after block
Norme: ./srcs/quaternion.c
Error: global scope bad aligned
Error: 13 functions in the file
Error (line 15): Space before function name
Error (line 24): Space before function name
Error (line 33): Space before function name
Error (line 33): declarations in ft_quaternion_norm must be at the top of the function
Error (line 33): declarations must be followed by one empty line in ft_quaternion_norm
Error (line 36, col 7): scalar is instanciated during declaration
Error (line 37, col 7): imaginary is instanciated during declaration
Error (line 41): Space before function name
Error (line 43, col 22): missing space around /
Error (line 46): Space before function name
Error (line 46): declarations in ft_quaternion_normalize are bad aligned
Error (line 50): bad indentation
Error (line 50): must begin only by tabulations
Error (line 62): C++ comment
Error (line 63): bad spacing before ft_quaternion_covert_to_unit_norm
Error (line 63): Space before function name
Error (line 63): declarations in ft_quaternion_covert_to_unit_norm are bad aligned
Error (line 66, col 7): angle is instanciated during declaration
Error (line 66, col 12): bad spacing
Error (line 74): Space before function name
Error (line 74): declarations in ft_quaternion_conjugate are bad aligned
Error (line 74): declarations must be followed by one empty line in ft_quaternion_conjugate
Error (line 76, col 7): scalar is instanciated during declaration
Error (line 76, col 13): missing space around =
Error (line 77, col 8): imaginary is instanciated during declaration
Error (line 81): Space before function name
Error (line 81): declarations in ft_quaternion_inverse are bad aligned
Error (line 81): declarations in ft_quaternion_inverse must be at the top of the function
Error (line 83): spaces at the end of line
Error (line 83, col 7): abs is instanciated during declaration
Error (line 84, col 4): missing space around *=
Error (line 85, col 4): missing space around =
Error (line 85, col 6): missing space around /
Error (line 86, col 14): conjugare_val is instanciated during declaration
Error (line 88, col 7): scalar is instanciated during declaration
Error (line 89, col 8): imaginary is instanciated during declaration
Error (line 91, col 1): missing space after return
Error (line 92): Empty line
Error (line 93, col 0): no empty line before block
Error (line 95): bad spacing after ft_quaternion_multiply
Error (line 95): Space before function name
Error (line 95): declarations in ft_quaternion_multiply are bad aligned
Error (line 95): declarations in ft_quaternion_multiply must be at the top of the function
Error (line 95): declarations must be followed by one empty line in ft_quaternion_multiply
Error (line 97, col 7): scalar is instanciated during declaration
Error (line 99): spaces at the end of line
Error (line 99): line has 154 characters
Error (line 99, col 8): imaginary is instanciated during declaration
Error (line 102): C++ comment
Error (line 103): bad spacing before ft_quaternion_multiply2
Error (line 103): Space before function name
Error (line 103): declarations must be followed by one empty line in ft_quaternion_multiply2
Error (line 106, col 35): bad spacing
Error (line 109, col 8): bad spacing
Error (line 113): Space before function name
Error (line 113): declarations must be followed by one empty line in ft_quaternion_local_rotation
Error (line 117, col 30): missing space around /
Error (line 118, col 41): missing space around /
Error (line 119, col 41): missing space around /
Error (line 120, col 41): missing space around /
Error (line 124): declarations in ft_vec3_rotate_quaterion must be at the top of the function
Error (line 124): declarations must be followed by one empty line in ft_vec3_rotate_quaterion
Error (line 126): bad indentation
Error (line 126): C++ comment
Error (line 126): must begin only by tabulations
Error (line 127): bad indentation
Error (line 127): must begin only by tabulations
Error (line 127, col 17): p is instanciated during declaration
Error (line 127, col 37): bad character after ,
Error (line 128): C++ comment
Error (line 129, col 14): q is instanciated during declaration
Error (line 130): C++ comment
Error (line 130): must begin only by tabulations
Error (line 133, col 14): q_invesrse is instanciated during declaration
Error (line 135): line has 93 characters
Error (line 135, col 14): rotated is instanciated during declaration
Error (line 135, col 72): bad character after ,
Error (line 139): declarations in ft_vec3_rotate_quaterion2 are bad aligned
Error (line 139): declarations must be followed by one empty line in ft_vec3_rotate_quaterion2
Error (line 142, col 14): local_rotation is instanciated during declaration
Error (line 143, col 14): total is instanciated during declaration
Error (line 144, col 6): bad spacing
Norme: ./srcs/main.c
Error: file must end with a single empty line
Error: global scope bad aligned
Error: 8 functions in the file
Error (line 17): preprocessor block must be followed by one empty line
Error (line 18): C++ comment
Error (line 19): C++ comment
Error (line 20): comment not well formatted
Error (line 21): spaces at the end of line
Error (line 26, col 7): global named game is not well prefixed
Error (line 27): multiple declarations
Error (line 27, col 6): global named xa is not well prefixed
Error (line 27, col 10): global named ya is not well prefixed
Error (line 27, col 14): global named za is not well prefixed
Error (line 29): multiple declarations
Error (line 29, col 6): global named eyex is not well prefixed
Error (line 29, col 12): global named eyey is not well prefixed
Error (line 29, col 18): global named eyez is not well prefixed
Error (line 30): comment not well formatted
Error (line 35): line has 91 characters
Error (line 37): bad spacing before ft_input_keys
Error (line 37): function ft_input_keys has 29 lines
Error (line 39): switch detected
Error (line 40): bad indentation
Error (line 41): bad indentation
Error (line 42): bad indentation
Error (line 43): bad indentation
Error (line 43): switch detected
Error (line 44): bad indentation
Error (line 45): bad indentation
Error (line 46): bad indentation
Error (line 47): bad indentation
Error (line 47): missing newline after case
Error (line 47): 2 instructions
Error (line 47, col 38): missing space after break
Error (line 48): bad indentation
Error (line 48): missing newline after case
Error (line 48): 2 instructions
Error (line 48, col 38): missing space around ==
Error (line 48, col 53): missing space after break
Error (line 49): bad indentation
Error (line 49): missing newline after case
Error (line 49): 2 instructions
Error (line 49, col 38): missing space around ==
Error (line 49, col 53): missing space after break
Error (line 50): bad indentation
Error (line 50): missing newline after case
Error (line 50): 2 instructions
Error (line 50, col 38): missing space around ==
Error (line 50, col 53): missing space after break
Error (line 51): bad indentation
Error (line 51): missing newline after case
Error (line 51): 2 instructions
Error (line 51, col 38): missing space around ==
Error (line 51, col 53): missing space after break
Error (line 52): bad indentation
Error (line 52): missing newline after case
Error (line 52): 2 instructions
Error (line 52, col 38): missing space around ==
Error (line 52, col 53): missing space after break
Error (line 53): bad indentation
Error (line 53): missing newline after case
Error (line 53): 2 instructions
Error (line 53, col 38): missing space around ==
Error (line 53, col 53): missing space after break
Error (line 54): bad indentation
Error (line 54): missing newline after case
Error (line 54): 2 instructions
Error (line 54, col 38): missing space around ==
Error (line 54, col 53): missing space after break
Error (line 55): bad indentation
Error (line 55): missing newline after case
Error (line 55): 2 instructions
Error (line 55, col 38): missing space around ==
Error (line 55, col 53): missing space after break
Error (line 56): bad indentation
Error (line 56): missing newline after case
Error (line 56): 2 instructions
Error (line 56, col 17): missing space around +=
Error (line 56, col 24): missing space after break
Error (line 57): bad indentation
Error (line 57): missing newline after case
Error (line 57): 2 instructions
Error (line 57, col 17): missing space around -=
Error (line 57, col 24): missing space after break
Error (line 58): bad indentation
Error (line 58): missing newline after case
Error (line 58): 2 instructions
Error (line 58, col 23): missing space around +=
Error (line 58, col 31): missing space after break
Error (line 59): bad indentation
Error (line 59): missing newline after case
Error (line 59): 2 instructions
Error (line 59, col 24): missing space around -=
Error (line 59, col 32): missing space after break
Error (line 60): bad indentation
Error (line 60, col 14): missing space after break
Error (line 61): bad indentation
Error (line 62): bad indentation
Error (line 62, col 4): missing space after break
Error (line 63): spaces at the end of line
Error (line 63): bad indentation
Error (line 63): missing newline after case
Error (line 64): bad indentation
Error (line 64, col 4): missing space after break
Error (line 65): bad indentation
Error (line 65): missing newline after case
Error (line 66): bad indentation
Error (line 70): Space before function name
Error (line 70): C++ comment
Error (line 70): line has 90 characters
Error (line 70): declarations in refract must be at the top of the function
Error (line 70): declarations must be followed by one empty line in refract
Error (line 70, col 15): I not unixcase
Error (line 70, col 25): N not unixcase
Error (line 70, col 73): no newline before block
Error (line 70, col 73): no newline after block
Error (line 71, col 7): cosi is instanciated during declaration
Error (line 71, col 56): bad character after ,
Error (line 72): bad indentation
Error (line 72): missing newline after if
Error (line 72): C++ comment
Error (line 72): line has 140 characters
Error (line 72): must begin only by tabulations
Error (line 72): 2 instructions
Error (line 72, col 12): missing space around <
Error (line 72, col 23): missing parentheses in return statement
Error (line 73): bad indentation
Error (line 73): must begin only by tabulations
Error (line 73, col 10): eta is instanciated during declaration
Error (line 74): bad indentation
Error (line 74): must begin only by tabulations
Error (line 74, col 10): k is instanciated during declaration
Error (line 74, col 21): missing space around *
Error (line 74, col 25): missing space around *
Error (line 74, col 35): missing space around *
Error (line 75): bad indentation
Error (line 75): C++ comment
Error (line 75): line has 229 characters
Error (line 75): must begin only by tabulations
Error (line 75, col 11): missing parentheses in return statement
Error (line 75, col 12): missing space around <
Error (line 75, col 27): bad character after ,
Error (line 75, col 29): bad character after ,
Error (line 75, col 31): bad character after ,
Error (line 75, col 74): bad character after ,
Error (line 75, col 106): bad character after ,
Error (line 75, col 111): missing space around *
Error (line 78): Space before function name
Error (line 78): declarations in getSurroundingAverage are bad aligned
Error (line 78): declarations must be followed by one empty line in getSurroundingAverage
Error (line 78): must begin only by tabulations
Error (line 78, col 1): getSurroundingAverage not unixcase
Error (line 78, col 34): space after pointer
Error (line 78, col 69): no newline before block
Error (line 79): bad indentation
Error (line 79): line has 97 characters
Error (line 79): must begin only by tabulations
Error (line 79, col 17): index is instanciated during declaration
Error (line 79, col 25): space after (
Error (line 79, col 64): bad spacing
Error (line 80): bad indentation
Error (line 80): must begin only by tabulations
Error (line 81): bad indentation
Error (line 81): must begin only by tabulations
Error (line 82): bad indentation
Error (line 82): for detected
Error (line 82): must begin only by tabulations
Error (line 82): 2 instructions
Error (line 82, col 13): dy is instanciated during declaration
Error (line 82, col 36): no newline before block
Error (line 83): bad indentation
Error (line 83): for detected
Error (line 83): must begin only by tabulations
Error (line 83): 2 instructions
Error (line 83, col 15): dx is instanciated during declaration
Error (line 83, col 38): no newline before block
Error (line 84): bad indentation
Error (line 84): missing newline after if
Error (line 84): must begin only by tabulations
Error (line 84): 2 instructions
Error (line 85): bad indentation
Error (line 85): missing newline after if
Error (line 85): must begin only by tabulations
Error (line 85): 2 instructions
Error (line 86): bad indentation
Error (line 86): missing newline after if
Error (line 86): must begin only by tabulations
Error (line 86, col 32): no newline before block
Error (line 87): bad indentation
Error (line 87): must begin only by tabulations
Error (line 88): bad indentation
Error (line 88): must begin only by tabulations
Error (line 89): bad indentation
Error (line 89): missing newline after if
Error (line 89): must begin only by tabulations
Error (line 89): 2 instructions
Error (line 90): bad indentation
Error (line 90): missing newline after if
Error (line 90): must begin only by tabulations
Error (line 90): 2 instructions
Error (line 91): bad indentation
Error (line 91): line has 100 characters
Error (line 91): must begin only by tabulations
Error (line 92): bad indentation
Error (line 92): must begin only by tabulations
Error (line 93): bad indentation
Error (line 93): must begin only by tabulations
Error (line 94): bad indentation
Error (line 94): must begin only by tabulations
Error (line 95): bad indentation
Error (line 95): must begin only by tabulations
Error (line 96): bad indentation
Error (line 96): must begin only by tabulations
Error (line 96, col 11): missing parentheses in return statement
Error (line 97): must begin only by tabulations
Error (line 99): bad spacing after ft_filter
Error (line 99): Space before function name
Error (line 99): declarations in ft_filter are bad aligned
Error (line 99): declarations must be followed by one empty line in ft_filter
Error (line 99, col 21): space after pointer
Error (line 103, col 5): width is instanciated during declaration
Error (line 104, col 5): height is instanciated during declaration
Error (line 109): spaces at the end of line
Error (line 109): missing newline after while
Error (line 111): C++ comment
Error (line 111): line has 125 characters
Error (line 111, col 29): missing space around +
Error (line 111, col 31): missing space around *
Error (line 112): Empty line
Error (line 113, col 2): no empty line before block
Error (line 116): comment not well formatted
Error (line 121): bad spacing before ft_render
Error (line 121): Space before function name
Error (line 121): declarations in ft_render are bad aligned
Error (line 121): declarations must be followed by one empty line in ft_render
Error (line 121, col 4): bad spacing
Error (line 121, col 22): space after pointer
Error (line 125, col 5): width is instanciated during declaration
Error (line 126, col 5): height is instanciated during declaration
Error (line 132): spaces at the end of line
Error (line 132): missing newline after while
Error (line 133): line has 86 characters
Error (line 133, col 29): missing space around +
Error (line 133, col 31): missing space around *
Error (line 133, col 40): bad spacing
Error (line 133, col 64): missing space around +
Error (line 133, col 68): missing space around *
Error (line 135): C++ comment
Error (line 138, col 7): global named cube is not well prefixed
Error (line 140): comment not well formatted
Error (line 152): Space before function name
Error (line 152): declarations in ft_update are bad aligned
Error (line 152): function ft_update has 33 lines
Error (line 152): declarations must be followed by one empty line in ft_update
Error (line 154, col 13): r is instanciated during declaration
Error (line 154, col 42): bad character after ,
Error (line 154, col 45): bad character after ,
Error (line 155): multiple declarations
Error (line 156, col 9): fps is instanciated during declaration
Error (line 157, col 1): missing space after while
Error (line 162, col 59): missing space around :
Error (line 173): bad indentation
Error (line 174): bad indentation
Error (line 175): bad indentation
Error (line 176): bad indentation
Error (line 177): bad indentation
Error (line 178): preprocessor block must be followed by one empty line
Error (line 178): must not begin by spaces/tabulations
Error (line 179): bad indentation
Error (line 179): C++ comment
Error (line 179): line has 105 characters
Error (line 179): must begin only by tabulations
Error (line 180): bad indentation
Error (line 180): must begin only by tabulations
Error (line 180, col 4): missing space after if
Error (line 181): bad indentation
Error (line 181): must begin only by tabulations
Error (line 182): spaces at the end of line
Error (line 182): bad indentation
Error (line 183): bad indentation
Error (line 184): preprocessor block must be followed by one empty line
Error (line 184): must not begin by spaces/tabulations
Error (line 185): bad indentation
Error (line 189): Space before function name
Error (line 193): line has 118 characters
Error (line 198): function main has 27 lines
Error (line 198): declarations in main must be at the top of the function
Error (line 198): declarations must be followed by one empty line in main
Error (line 200): bad indentation
Error (line 200): C++ comment
Error (line 201): bad indentation
Error (line 201): C++ comment
Error (line 202): bad indentation
Error (line 202): C++ comment
Error (line 203): bad indentation
Error (line 203): C++ comment
Error (line 206): line has 122 characters
Error (line 206, col 12): ivory is instanciated during declaration
Error (line 206, col 56): bad character after ,
Error (line 207): line has 124 characters
Error (line 207, col 12): glass is instanciated during declaration
Error (line 208): line has 128 characters
Error (line 208, col 12): red_rubber is instanciated during declaration
Error (line 209): line has 125 characters
Error (line 209, col 12): mirror is instanciated during declaration
Error (line 215): C++ comment
Error (line 217, col 25): bad character after ,
Error (line 217, col 27): bad character after ,
Error (line 217, col 29): bad character after ,
Error (line 221): Empty line
Error (line 225): Empty line
Error (line 227, col 0): no newline after block
Norme: ./srcs/vectors.c
Error: file must end with a single empty line
Error: global scope bad aligned
Error: 15 functions in the file
Error (line 13): multiple empty lines
Error (line 14): multiple empty lines
Error (line 17): comment not well formatted
Error (line 19): spaces at the end of line
Error (line 25): bad spacing after ft_vec3_create
Error (line 25): Space before function name
Error (line 34): comment not well formatted
Error (line 40): multiple empty lines
Error (line 41): bad spacing before ft_vec3_sum
Error (line 51): comment not well formatted
Error (line 57): multiple empty lines
Error (line 58): bad spacing before ft_vec3_substract
Error (line 68): comment not well formatted
Error (line 75): Space before function name
Error (line 80): comment not well formatted
Error (line 82): spaces at the end of line
Error (line 85): bad spacing before ft_vec3_dot_multiply
Error (line 85): bad spacing after ft_vec3_dot_multiply
Error (line 85): Space before function name
Error (line 90): multiple empty lines
Error (line 91): multiple empty lines
Error (line 92): comment not well formatted
Error (line 94): spaces at the end of line
Error (line 98): bad spacing after ft_vec3_scalar_multiply
Error (line 98): Space before function name
Error (line 102): comment not well formatted
Error (line 104): spaces at the end of line
Error (line 108): Space before function name
Error (line 118): comment not well formatted
Error (line 120): spaces at the end of line
Error (line 124): Space before function name
Error (line 129): comment not well formatted
Error (line 135): bad spacing after ft_vec3_normalize
Error (line 135): Space before function name
Error (line 135): declarations must be followed by one empty line in ft_vec3_normalize
Error (line 137, col 7): norm is instanciated during declaration
Error (line 144): multiple empty lines
Error (line 145): comment not well formatted
Error (line 147): spaces at the end of line
Error (line 151): Space before function name
Error (line 153, col 37): bad spacing
Error (line 156): comment not well formatted
Error (line 164): Space before function name
Error (line 179): bad spacing after ft_vec3_length
Error (line 184): multiple empty lines
Error (line 185): bad spacing before ft_vec3_sum_poin3
Error (line 185): Space before function name
Error (line 216, col 0): no newline after block
